Archive member included to satisfy reference by file (symbol)

/usr/lib/gcc/arm-none-eabi/10.3.1/../../../arm-none-eabi/lib/thumb/v7e-m+fp/hard/libc_nano.a(lib_a-atexit.o)
                              /usr/lib/gcc/arm-none-eabi/10.3.1/../../../arm-none-eabi/lib/thumb/v7e-m+fp/hard/crt0.o (atexit)
/usr/lib/gcc/arm-none-eabi/10.3.1/../../../arm-none-eabi/lib/thumb/v7e-m+fp/hard/libc_nano.a(lib_a-exit.o)
                              /usr/lib/gcc/arm-none-eabi/10.3.1/../../../arm-none-eabi/lib/thumb/v7e-m+fp/hard/crt0.o (exit)
/usr/lib/gcc/arm-none-eabi/10.3.1/../../../arm-none-eabi/lib/thumb/v7e-m+fp/hard/libc_nano.a(lib_a-fini.o)
                              /usr/lib/gcc/arm-none-eabi/10.3.1/../../../arm-none-eabi/lib/thumb/v7e-m+fp/hard/crt0.o (__libc_fini_array)
/usr/lib/gcc/arm-none-eabi/10.3.1/../../../arm-none-eabi/lib/thumb/v7e-m+fp/hard/libc_nano.a(lib_a-impure.o)
                              /usr/lib/gcc/arm-none-eabi/10.3.1/../../../arm-none-eabi/lib/thumb/v7e-m+fp/hard/libc_nano.a(lib_a-exit.o) (_global_impure_ptr)
/usr/lib/gcc/arm-none-eabi/10.3.1/../../../arm-none-eabi/lib/thumb/v7e-m+fp/hard/libc_nano.a(lib_a-init.o)
                              /usr/lib/gcc/arm-none-eabi/10.3.1/../../../arm-none-eabi/lib/thumb/v7e-m+fp/hard/crt0.o (__libc_init_array)
/usr/lib/gcc/arm-none-eabi/10.3.1/../../../arm-none-eabi/lib/thumb/v7e-m+fp/hard/libc_nano.a(lib_a-memset.o)
                              /usr/lib/gcc/arm-none-eabi/10.3.1/../../../arm-none-eabi/lib/thumb/v7e-m+fp/hard/crt0.o (memset)
/usr/lib/gcc/arm-none-eabi/10.3.1/../../../arm-none-eabi/lib/thumb/v7e-m+fp/hard/libc_nano.a(lib_a-strlen.o)
                              build/usb_descriptors.o (strlen)
/usr/lib/gcc/arm-none-eabi/10.3.1/../../../arm-none-eabi/lib/thumb/v7e-m+fp/hard/libc_nano.a(lib_a-__atexit.o)
                              /usr/lib/gcc/arm-none-eabi/10.3.1/../../../arm-none-eabi/lib/thumb/v7e-m+fp/hard/libc_nano.a(lib_a-atexit.o) (__register_exitproc)
/usr/lib/gcc/arm-none-eabi/10.3.1/../../../arm-none-eabi/lib/thumb/v7e-m+fp/hard/libc_nano.a(lib_a-__call_atexit.o)
                              /usr/lib/gcc/arm-none-eabi/10.3.1/../../../arm-none-eabi/lib/thumb/v7e-m+fp/hard/libc_nano.a(lib_a-__atexit.o) (__call_exitprocs)
/usr/lib/gcc/arm-none-eabi/10.3.1/../../../arm-none-eabi/lib/thumb/v7e-m+fp/hard/libnosys.a(_exit.o)
                              /usr/lib/gcc/arm-none-eabi/10.3.1/../../../arm-none-eabi/lib/thumb/v7e-m+fp/hard/libc_nano.a(lib_a-exit.o) (_exit)

Discarded input sections

 .text          0x0000000000000000        0x0 /usr/lib/gcc/arm-none-eabi/10.3.1/thumb/v7e-m+fp/hard/crti.o
 .data          0x0000000000000000        0x0 /usr/lib/gcc/arm-none-eabi/10.3.1/thumb/v7e-m+fp/hard/crti.o
 .bss           0x0000000000000000        0x0 /usr/lib/gcc/arm-none-eabi/10.3.1/thumb/v7e-m+fp/hard/crti.o
 .data          0x0000000000000000        0x4 /usr/lib/gcc/arm-none-eabi/10.3.1/thumb/v7e-m+fp/hard/crtbegin.o
 .rodata        0x0000000000000000       0x24 /usr/lib/gcc/arm-none-eabi/10.3.1/thumb/v7e-m+fp/hard/crtbegin.o
 .text          0x0000000000000000       0x70 /usr/lib/gcc/arm-none-eabi/10.3.1/../../../arm-none-eabi/lib/thumb/v7e-m+fp/hard/crt0.o
 .data          0x0000000000000000        0x0 /usr/lib/gcc/arm-none-eabi/10.3.1/../../../arm-none-eabi/lib/thumb/v7e-m+fp/hard/crt0.o
 .bss           0x0000000000000000        0x0 /usr/lib/gcc/arm-none-eabi/10.3.1/../../../arm-none-eabi/lib/thumb/v7e-m+fp/hard/crt0.o
 .ARM.extab     0x0000000000000000        0x0 /usr/lib/gcc/arm-none-eabi/10.3.1/../../../arm-none-eabi/lib/thumb/v7e-m+fp/hard/crt0.o
 .ARM.exidx     0x0000000000000000       0x10 /usr/lib/gcc/arm-none-eabi/10.3.1/../../../arm-none-eabi/lib/thumb/v7e-m+fp/hard/crt0.o
 .debug_line    0x0000000000000000       0x87 /usr/lib/gcc/arm-none-eabi/10.3.1/../../../arm-none-eabi/lib/thumb/v7e-m+fp/hard/crt0.o
 .debug_info    0x0000000000000000       0x26 /usr/lib/gcc/arm-none-eabi/10.3.1/../../../arm-none-eabi/lib/thumb/v7e-m+fp/hard/crt0.o
 .debug_abbrev  0x0000000000000000       0x14 /usr/lib/gcc/arm-none-eabi/10.3.1/../../../arm-none-eabi/lib/thumb/v7e-m+fp/hard/crt0.o
 .debug_aranges
                0x0000000000000000       0x20 /usr/lib/gcc/arm-none-eabi/10.3.1/../../../arm-none-eabi/lib/thumb/v7e-m+fp/hard/crt0.o
 .debug_str     0x0000000000000000       0x98 /usr/lib/gcc/arm-none-eabi/10.3.1/../../../arm-none-eabi/lib/thumb/v7e-m+fp/hard/crt0.o
 .ARM.attributes
                0x0000000000000000       0x1c /usr/lib/gcc/arm-none-eabi/10.3.1/../../../arm-none-eabi/lib/thumb/v7e-m+fp/hard/crt0.o
 .text          0x0000000000000000        0x0 build/main.o
 .data          0x0000000000000000        0x0 build/main.o
 .bss           0x0000000000000000        0x0 build/main.o
 .text          0x0000000000000000        0x0 build/stm32l4xx_it.o
 .data          0x0000000000000000        0x0 build/stm32l4xx_it.o
 .bss           0x0000000000000000        0x0 build/stm32l4xx_it.o
[...]
Memory Configuration

Name             Origin             Length             Attributes
RAM              0x0000000020000000 0x0000000000018000 xrw
RAM2             0x0000000010000000 0x0000000000008000 xrw
FLASH            0x0000000008000000 0x0000000000100000 xr
*default*        0x0000000000000000 0xffffffffffffffff

Linker script and memory map

LOAD /usr/lib/gcc/arm-none-eabi/10.3.1/thumb/v7e-m+fp/hard/crti.o
LOAD /usr/lib/gcc/arm-none-eabi/10.3.1/thumb/v7e-m+fp/hard/crtbegin.o
LOAD /usr/lib/gcc/arm-none-eabi/10.3.1/../../../arm-none-eabi/lib/thumb/v7e-m+fp/hard/crt0.o
LOAD build/main.o
LOAD build/stm32l4xx_it.o
LOAD build/stm32l4xx_hal_msp.o
LOAD build/stm32l4xx_hal_i2c.o
LOAD build/stm32l4xx_hal_i2c_ex.o
LOAD build/stm32l4xx_hal.o
LOAD build/stm32l4xx_hal_rcc.o
LOAD build/stm32l4xx_hal_rcc_ex.o
LOAD build/stm32l4xx_hal_flash.o
LOAD build/stm32l4xx_hal_flash_ex.o
LOAD build/stm32l4xx_hal_flash_ramfunc.o
LOAD build/stm32l4xx_hal_gpio.o
LOAD build/stm32l4xx_hal_dma.o
LOAD build/stm32l4xx_hal_dma_ex.o
LOAD build/stm32l4xx_hal_pwr.o
LOAD build/stm32l4xx_hal_pwr_ex.o
LOAD build/stm32l4xx_hal_cortex.o
LOAD build/stm32l4xx_hal_exti.o
LOAD build/stm32l4xx_hal_spi.o
LOAD build/stm32l4xx_hal_spi_ex.o
LOAD build/stm32l4xx_hal_pcd.o
LOAD build/stm32l4xx_hal_pcd_ex.o
LOAD build/stm32l4xx_ll_usb.o
LOAD build/system_stm32l4xx.o
LOAD build/usb_descriptors.o
LOAD build/startup_stm32l476xx.o
LOAD /usr/lib/gcc/arm-none-eabi/10.3.1/../../../arm-none-eabi/lib/thumb/v7e-m+fp/hard/libc_nano.a
LOAD /usr/lib/gcc/arm-none-eabi/10.3.1/../../../arm-none-eabi/lib/thumb/v7e-m+fp/hard/libm.a
LOAD /usr/lib/gcc/arm-none-eabi/10.3.1/../../../arm-none-eabi/lib/thumb/v7e-m+fp/hard/libnosys.a
START GROUP
LOAD /usr/lib/gcc/arm-none-eabi/10.3.1/thumb/v7e-m+fp/hard/libgcc.a
LOAD /usr/lib/gcc/arm-none-eabi/10.3.1/../../../arm-none-eabi/lib/thumb/v7e-m+fp/hard/libc_nano.a
END GROUP
START GROUP
LOAD /usr/lib/gcc/arm-none-eabi/10.3.1/thumb/v7e-m+fp/hard/libgcc.a
LOAD /usr/lib/gcc/arm-none-eabi/10.3.1/../../../arm-none-eabi/lib/thumb/v7e-m+fp/hard/libc_nano.a
END GROUP
LOAD /usr/lib/gcc/arm-none-eabi/10.3.1/thumb/v7e-m+fp/hard/crtend.o
LOAD /usr/lib/gcc/arm-none-eabi/10.3.1/thumb/v7e-m+fp/hard/crtn.o
                0x0000000020018000                _estack = (ORIGIN (RAM) + LENGTH (RAM))
                0x0000000000000200                _Min_Heap_Size = 0x200
                0x0000000000000400                _Min_Stack_Size = 0x400

.isr_vector     0x0000000008000000      0x188
                0x0000000008000000                . = ALIGN (0x8)
 *(.isr_vector)
 .isr_vector    0x0000000008000000      0x188 build/startup_stm32l476xx.o
                0x0000000008000000                g_pfnVectors
                0x0000000008000188                . = ALIGN (0x8)

.text           0x0000000008000188     0x2af8
                0x0000000008000188                . = ALIGN (0x8)
 *(.text)
 .text          0x0000000008000188       0x88 /usr/lib/gcc/arm-none-eabi/10.3.1/thumb/v7e-m+fp/hard/crtbegin.o
 .text          0x0000000008000210       0x48 /usr/lib/gcc/arm-none-eabi/10.3.1/../../../arm-none-eabi/lib/thumb/v7e-m+fp/hard/libc_nano.a(lib_a-init.o)
                0x0000000008000210                __libc_init_array
 .text          0x0000000008000258       0xa4 /usr/lib/gcc/arm-none-eabi/10.3.1/../../../arm-none-eabi/lib/thumb/v7e-m+fp/hard/libc_nano.a(lib_a-memset.o)
                0x0000000008000258                memset
 *(.text*)
 .text.MX_GPIO_Init
                0x00000000080002fc      0x2c4 build/main.o
 .text.MX_DMA_Init
                0x00000000080005c0       0x34 build/main.o
 .text.midi_task
                0x00000000080005f4       0x80 build/main.o
                0x00000000080005f4                midi_task
 .text.Error_Handler
                0x0000000008000674        0x4 build/main.o
                0x0000000008000674                Error_Handler
 .text.MX_SPI1_Init
                0x0000000008000678       0x48 build/main.o
 .text.MX_I2C1_Init
                0x00000000080006c0       0x54 build/main.o
 .text.MX_USB_OTG_FS_PCD_Init
                0x0000000008000714       0x34 build/main.o
 .text.SystemClock_Config
                0x0000000008000748       0x7c build/main.o
                0x0000000008000748                SystemClock_Config
 .text.main     0x00000000080007c4       0xc4 build/main.o
                0x00000000080007c4                main
 .text.NMI_Handler
                0x0000000008000888        0x2 build/stm32l4xx_it.o
                0x0000000008000888                NMI_Handler
 .text.HardFault_Handler
                0x000000000800088a        0x2 build/stm32l4xx_it.o
                0x000000000800088a                HardFault_Handler
 .text.MemManage_Handler
                0x000000000800088c        0x2 build/stm32l4xx_it.o
                0x000000000800088c                MemManage_Handler
 .text.BusFault_Handler
                0x000000000800088e        0x2 build/stm32l4xx_it.o
                0x000000000800088e                BusFault_Handler
 .text.UsageFault_Handler
                0x0000000008000890        0x2 build/stm32l4xx_it.o
                0x0000000008000890                UsageFault_Handler
 .text.SVC_Handler
                0x0000000008000892        0x2 build/stm32l4xx_it.o
                0x0000000008000892                SVC_Handler
 .text.DebugMon_Handler
                0x0000000008000894        0x2 build/stm32l4xx_it.o
                0x0000000008000894                DebugMon_Handler
 .text.PendSV_Handler
                0x0000000008000896        0x2 build/stm32l4xx_it.o
                0x0000000008000896                PendSV_Handler
 .text.SysTick_Handler
                0x0000000008000898        0x8 build/stm32l4xx_it.o
                0x0000000008000898                SysTick_Handler
 .text.DMA1_Channel3_IRQHandler
                0x00000000080008a0       0x10 build/stm32l4xx_it.o
                0x00000000080008a0                DMA1_Channel3_IRQHandler
 .text.OTG_FS_IRQHandler
                0x00000000080008b0        0xa build/stm32l4xx_it.o
                0x00000000080008b0                OTG_FS_IRQHandler
 *fill*         0x00000000080008ba        0x2 
 .text.HAL_MspInit
                0x00000000080008bc       0x30 build/stm32l4xx_hal_msp.o
                0x00000000080008bc                HAL_MspInit
 .text.HAL_I2C_MspInit
                0x00000000080008ec       0x88 build/stm32l4xx_hal_msp.o
                0x00000000080008ec                HAL_I2C_MspInit
 .text.HAL_SPI_MspInit
                0x0000000008000974       0xa0 build/stm32l4xx_hal_msp.o
                0x0000000008000974                HAL_SPI_MspInit
 .text.HAL_PCD_MspInit
                0x0000000008000a14       0xe4 build/stm32l4xx_hal_msp.o
                0x0000000008000a14                HAL_PCD_MspInit
 .text.I2C_Flush_TXDR
                0x0000000008000af8       0x22 build/stm32l4xx_hal_i2c.o
 .text.I2C_TransferConfig
                0x0000000008000b1a       0x3c build/stm32l4xx_hal_i2c.o
 .text.I2C_IsErrorOccurred
                0x0000000008000b56      0x12c build/stm32l4xx_hal_i2c.o
 .text.I2C_WaitOnTXISFlagUntilTimeout
                0x0000000008000c82       0x56 build/stm32l4xx_hal_i2c.o
 .text.I2C_WaitOnFlagUntilTimeout
                0x0000000008000cd8       0x5a build/stm32l4xx_hal_i2c.o
 .text.I2C_WaitOnSTOPFlagUntilTimeout
                0x0000000008000d32       0x50 build/stm32l4xx_hal_i2c.o
 .text.HAL_I2C_Init
                0x0000000008000d82       0xbc build/stm32l4xx_hal_i2c.o
                0x0000000008000d82                HAL_I2C_Init
 *fill*         0x0000000008000e3e        0x2 
 .text.HAL_I2C_Master_Transmit
                0x0000000008000e40      0x17c build/stm32l4xx_hal_i2c.o
                0x0000000008000e40                HAL_I2C_Master_Transmit
 .text.HAL_I2CEx_ConfigAnalogFilter
                0x0000000008000fbc       0x5c build/stm32l4xx_hal_i2c_ex.o
                0x0000000008000fbc                HAL_I2CEx_ConfigAnalogFilter
 .text.HAL_I2CEx_ConfigDigitalFilter
                0x0000000008001018       0x58 build/stm32l4xx_hal_i2c_ex.o
                0x0000000008001018                HAL_I2CEx_ConfigDigitalFilter
 .text.HAL_InitTick
                0x0000000008001070       0x50 build/stm32l4xx_hal.o
                0x0000000008001070                HAL_InitTick
 .text.HAL_Init
                0x00000000080010c0       0x2c build/stm32l4xx_hal.o
                0x00000000080010c0                HAL_Init
 .text.HAL_IncTick
                0x00000000080010ec       0x18 build/stm32l4xx_hal.o
                0x00000000080010ec                HAL_IncTick
 .text.HAL_GetTick
                0x0000000008001104        0xc build/stm32l4xx_hal.o
                0x0000000008001104                HAL_GetTick
 .text.HAL_Delay
                0x0000000008001110       0x28 build/stm32l4xx_hal.o
                0x0000000008001110                HAL_Delay
 .text.RCC_SetFlashLatencyFromMSIRange
                0x0000000008001138       0x90 build/stm32l4xx_hal_rcc.o
 .text.HAL_RCC_GetSysClockFreq
                0x00000000080011c8       0xb4 build/stm32l4xx_hal_rcc.o
                0x00000000080011c8                HAL_RCC_GetSysClockFreq
 .text.HAL_RCC_OscConfig
                0x000000000800127c      0x61c build/stm32l4xx_hal_rcc.o
                0x000000000800127c                HAL_RCC_OscConfig
 .text.HAL_RCC_ClockConfig
                0x0000000008001898      0x188 build/stm32l4xx_hal_rcc.o
                0x0000000008001898                HAL_RCC_ClockConfig
 .text.RCCEx_PLLSAI1_Config
                0x0000000008001a20      0x170 build/stm32l4xx_hal_rcc_ex.o
 .text.RCCEx_PLLSAI2_Config
                0x0000000008001b90      0x14c build/stm32l4xx_hal_rcc_ex.o
 .text.HAL_RCCEx_PeriphCLKConfig
                0x0000000008001cdc      0x454 build/stm32l4xx_hal_rcc_ex.o
                0x0000000008001cdc                HAL_RCCEx_PeriphCLKConfig
 .text.HAL_GPIO_Init
                0x0000000008002130      0x200 build/stm32l4xx_hal_gpio.o
                0x0000000008002130                HAL_GPIO_Init
 .text.HAL_GPIO_WritePin
                0x0000000008002330        0xa build/stm32l4xx_hal_gpio.o
                0x0000000008002330                HAL_GPIO_WritePin
 *fill*         0x000000000800233a        0x2 
 .text.HAL_DMA_Init
                0x000000000800233c      0x108 build/stm32l4xx_hal_dma.o
                0x000000000800233c                HAL_DMA_Init
 .text.HAL_DMA_IRQHandler
                0x0000000008002444       0xc4 build/stm32l4xx_hal_dma.o
                0x0000000008002444                HAL_DMA_IRQHandler
 .text.HAL_PWREx_GetVoltageRange
                0x0000000008002508       0x10 build/stm32l4xx_hal_pwr_ex.o
                0x0000000008002508                HAL_PWREx_GetVoltageRange
 .text.HAL_PWREx_ControlVoltageScaling
                0x0000000008002518       0x90 build/stm32l4xx_hal_pwr_ex.o
                0x0000000008002518                HAL_PWREx_ControlVoltageScaling
 .text.HAL_PWREx_EnableVddUSB
                0x00000000080025a8       0x10 build/stm32l4xx_hal_pwr_ex.o
                0x00000000080025a8                HAL_PWREx_EnableVddUSB
 .text.HAL_NVIC_SetPriorityGrouping
                0x00000000080025b8       0x24 build/stm32l4xx_hal_cortex.o
                0x00000000080025b8                HAL_NVIC_SetPriorityGrouping
 .text.HAL_NVIC_SetPriority
                0x00000000080025dc       0x70 build/stm32l4xx_hal_cortex.o
                0x00000000080025dc                HAL_NVIC_SetPriority
 .text.HAL_NVIC_EnableIRQ
                0x000000000800264c       0x1c build/stm32l4xx_hal_cortex.o
                0x000000000800264c                HAL_NVIC_EnableIRQ
 .text.HAL_SYSTICK_Config
                0x0000000008002668       0x28 build/stm32l4xx_hal_cortex.o
                0x0000000008002668                HAL_SYSTICK_Config
 .text.HAL_SPI_Init
                0x0000000008002690       0xde build/stm32l4xx_hal_spi.o
                0x0000000008002690                HAL_SPI_Init
 .text.HAL_PCD_Init
                0x000000000800276e      0x13c build/stm32l4xx_hal_pcd.o
                0x000000000800276e                HAL_PCD_Init
 .text.HAL_PCDEx_ActivateLPM
                0x00000000080028aa       0x26 build/stm32l4xx_hal_pcd_ex.o
                0x00000000080028aa                HAL_PCDEx_ActivateLPM
 .text.USB_CoreReset
                0x00000000080028d0       0x50 build/stm32l4xx_ll_usb.o
 .text.USB_CoreInit
                0x0000000008002920       0x38 build/stm32l4xx_ll_usb.o
                0x0000000008002920                USB_CoreInit
 .text.USB_DisableGlobalInt
                0x0000000008002958        0xc build/stm32l4xx_ll_usb.o
                0x0000000008002958                USB_DisableGlobalInt
 .text.USB_FlushTxFifo
                0x0000000008002964       0x50 build/stm32l4xx_ll_usb.o
                0x0000000008002964                USB_FlushTxFifo
 .text.USB_FlushRxFifo
                0x00000000080029b4       0x4c build/stm32l4xx_ll_usb.o
                0x00000000080029b4                USB_FlushRxFifo
 .text.USB_SetDevSpeed
                0x0000000008002a00        0xe build/stm32l4xx_ll_usb.o
                0x0000000008002a00                USB_SetDevSpeed
 *fill*         0x0000000008002a0e        0x2 
 .text.USB_DevInit
                0x0000000008002a10      0x164 build/stm32l4xx_ll_usb.o
                0x0000000008002a10                USB_DevInit
 .text.USB_DevDisconnect
                0x0000000008002b74       0x1c build/stm32l4xx_ll_usb.o
                0x0000000008002b74                USB_DevDisconnect
 .text.USB_GetMode
                0x0000000008002b90        0x8 build/stm32l4xx_ll_usb.o
                0x0000000008002b90                USB_GetMode
 .text.USB_SetCurrentMode
                0x0000000008002b98       0x62 build/stm32l4xx_ll_usb.o
                0x0000000008002b98                USB_SetCurrentMode
 *fill*         0x0000000008002bfa        0x2 
 .text.SystemInit
                0x0000000008002bfc       0x14 build/system_stm32l4xx.o
                0x0000000008002bfc                SystemInit
 .text.Reset_Handler
                0x0000000008002c10       0x50 build/startup_stm32l476xx.o
                0x0000000008002c10                Reset_Handler
 .text.Default_Handler
                0x0000000008002c60        0x2 build/startup_stm32l476xx.o
                0x0000000008002c60                RTC_Alarm_IRQHandler
                0x0000000008002c60                EXTI2_IRQHandler
                0x0000000008002c60                TIM8_TRG_COM_IRQHandler
                0x0000000008002c60                TIM8_CC_IRQHandler
                0x0000000008002c60                TIM1_CC_IRQHandler
                0x0000000008002c60                TSC_IRQHandler
                0x0000000008002c60                TAMP_STAMP_IRQHandler
                0x0000000008002c60                EXTI3_IRQHandler
                0x0000000008002c60                LPTIM2_IRQHandler
                0x0000000008002c60                DFSDM1_FLT1_IRQHandler
                0x0000000008002c60                I2C3_ER_IRQHandler
                0x0000000008002c60                DFSDM1_FLT2_IRQHandler
                0x0000000008002c60                EXTI0_IRQHandler
                0x0000000008002c60                I2C2_EV_IRQHandler
                0x0000000008002c60                CAN1_RX0_IRQHandler
                0x0000000008002c60                FPU_IRQHandler
                0x0000000008002c60                TIM1_UP_TIM16_IRQHandler
                0x0000000008002c60                ADC1_2_IRQHandler
                0x0000000008002c60                SPI1_IRQHandler
                0x0000000008002c60                TIM6_DAC_IRQHandler
                0x0000000008002c60                TIM8_UP_IRQHandler
                0x0000000008002c60                DMA2_Channel2_IRQHandler
                0x0000000008002c60                DMA1_Channel4_IRQHandler
                0x0000000008002c60                SAI2_IRQHandler
                0x0000000008002c60                DFSDM1_FLT3_IRQHandler
                0x0000000008002c60                USART3_IRQHandler
                0x0000000008002c60                DMA1_Channel7_IRQHandler
                0x0000000008002c60                CAN1_RX1_IRQHandler
                0x0000000008002c60                LCD_IRQHandler
                0x0000000008002c60                UART5_IRQHandler
                0x0000000008002c60                ADC3_IRQHandler
                0x0000000008002c60                TIM4_IRQHandler
                0x0000000008002c60                DMA2_Channel1_IRQHandler
                0x0000000008002c60                QUADSPI_IRQHandler
                0x0000000008002c60                I2C1_EV_IRQHandler
                0x0000000008002c60                DMA1_Channel6_IRQHandler
                0x0000000008002c60                UART4_IRQHandler
                0x0000000008002c60                DMA2_Channel4_IRQHandler
                0x0000000008002c60                TIM3_IRQHandler
                0x0000000008002c60                RCC_IRQHandler
                0x0000000008002c60                DMA1_Channel1_IRQHandler
                0x0000000008002c60                Default_Handler
                0x0000000008002c60                DMA2_Channel7_IRQHandler
                0x0000000008002c60                EXTI15_10_IRQHandler
                0x0000000008002c60                TIM7_IRQHandler
                0x0000000008002c60                SDMMC1_IRQHandler
                0x0000000008002c60                TIM5_IRQHandler
                0x0000000008002c60                I2C3_EV_IRQHandler
                0x0000000008002c60                EXTI9_5_IRQHandler
                0x0000000008002c60                RTC_WKUP_IRQHandler
                0x0000000008002c60                PVD_PVM_IRQHandler
                0x0000000008002c60                SPI2_IRQHandler
                0x0000000008002c60                CAN1_TX_IRQHandler
                0x0000000008002c60                DMA2_Channel5_IRQHandler
                0x0000000008002c60                DMA1_Channel5_IRQHandler
                0x0000000008002c60                EXTI4_IRQHandler
                0x0000000008002c60                RNG_IRQHandler
                0x0000000008002c60                TIM1_TRG_COM_TIM17_IRQHandler
                0x0000000008002c60                COMP_IRQHandler
                0x0000000008002c60                WWDG_IRQHandler
                0x0000000008002c60                LPUART1_IRQHandler
                0x0000000008002c60                DMA2_Channel6_IRQHandler
                0x0000000008002c60                TIM2_IRQHandler
                0x0000000008002c60                EXTI1_IRQHandler
                0x0000000008002c60                USART2_IRQHandler
                0x0000000008002c60                DFSDM1_FLT0_IRQHandler
                0x0000000008002c60                I2C2_ER_IRQHandler
                0x0000000008002c60                DMA1_Channel2_IRQHandler
                0x0000000008002c60                TIM8_BRK_IRQHandler
                0x0000000008002c60                CAN1_SCE_IRQHandler
                0x0000000008002c60                FLASH_IRQHandler
                0x0000000008002c60                USART1_IRQHandler
                0x0000000008002c60                SPI3_IRQHandler
                0x0000000008002c60                I2C1_ER_IRQHandler
                0x0000000008002c60                FMC_IRQHandler
                0x0000000008002c60                SWPMI1_IRQHandler
                0x0000000008002c60                LPTIM1_IRQHandler
                0x0000000008002c60                SAI1_IRQHandler
                0x0000000008002c60                DMA2_Channel3_IRQHandler
                0x0000000008002c60                TIM1_BRK_TIM15_IRQHandler
 *(.glue_7)
 .glue_7        0x0000000008002c62        0x0 linker stubs
 *(.glue_7t)
 .glue_7t       0x0000000008002c62        0x0 linker stubs
 *(.eh_frame)
 *fill*         0x0000000008002c62        0x2 
 .eh_frame      0x0000000008002c64        0x0 /usr/lib/gcc/arm-none-eabi/10.3.1/thumb/v7e-m+fp/hard/crtbegin.o
 *(.init)
 .init          0x0000000008002c64        0x4 /usr/lib/gcc/arm-none-eabi/10.3.1/thumb/v7e-m+fp/hard/crti.o
                0x0000000008002c64                _init
 .init          0x0000000008002c68        0x8 /usr/lib/gcc/arm-none-eabi/10.3.1/thumb/v7e-m+fp/hard/crtn.o
 *(.fini)
 .fini          0x0000000008002c70        0x4 /usr/lib/gcc/arm-none-eabi/10.3.1/thumb/v7e-m+fp/hard/crti.o
                0x0000000008002c70                _fini
 .fini          0x0000000008002c74        0x8 /usr/lib/gcc/arm-none-eabi/10.3.1/thumb/v7e-m+fp/hard/crtn.o
                0x0000000008002c80                . = ALIGN (0x8)
 *fill*         0x0000000008002c7c        0x4 
                0x0000000008002c80                _etext = .

.vfp11_veneer   0x0000000008002c80        0x0
 .vfp11_veneer  0x0000000008002c80        0x0 linker stubs

.v4_bx          0x0000000008002c80        0x0
 .v4_bx         0x0000000008002c80        0x0 linker stubs

.iplt           0x0000000008002c80        0x0
 .iplt          0x0000000008002c80        0x0 /usr/lib/gcc/arm-none-eabi/10.3.1/thumb/v7e-m+fp/hard/crtbegin.o

.rodata         0x0000000008002c80       0x40
                0x0000000008002c80                . = ALIGN (0x8)
 *(.rodata)
 *(.rodata*)
 .rodata.AHBPrescTable
                0x0000000008002c80       0x10 build/system_stm32l4xx.o
                0x0000000008002c80                AHBPrescTable
 .rodata.MSIRangeTable
                0x0000000008002c90       0x30 build/system_stm32l4xx.o
                0x0000000008002c90                MSIRangeTable
                0x0000000008002cc0                . = ALIGN (0x8)

.rel.dyn        0x0000000008002cc0        0x0
 .rel.iplt      0x0000000008002cc0        0x0 /usr/lib/gcc/arm-none-eabi/10.3.1/thumb/v7e-m+fp/hard/crtbegin.o

.ARM.extab      0x0000000008002cc0        0x0
                0x0000000008002cc0                . = ALIGN (0x8)
 *(.ARM.extab* .gnu.linkonce.armextab.*)
                0x0000000008002cc0                . = ALIGN (0x8)

.ARM            0x0000000008002cc0        0x0
                0x0000000008002cc0                . = ALIGN (0x8)
                0x0000000008002cc0                __exidx_start = .
 *(.ARM.exidx*)
                0x0000000008002cc0                __exidx_end = .
                0x0000000008002cc0                . = ALIGN (0x8)

.preinit_array  0x0000000008002cc0        0x0
                0x0000000008002cc0                . = ALIGN (0x8)
                0x0000000008002cc0                PROVIDE (__preinit_array_start = .)
 *(.preinit_array*)
                0x0000000008002cc0                PROVIDE (__preinit_array_end = .)
                0x0000000008002cc0                . = ALIGN (0x8)

.init_array     0x0000000008002cc0        0x8
                0x0000000008002cc0                . = ALIGN (0x8)
                0x0000000008002cc0                PROVIDE (__init_array_start = .)
 *(SORT_BY_NAME(.init_array.*))
 *(.init_array*)
 .init_array    0x0000000008002cc0        0x4 /usr/lib/gcc/arm-none-eabi/10.3.1/thumb/v7e-m+fp/hard/crtbegin.o
                0x0000000008002cc4                PROVIDE (__init_array_end = .)
                0x0000000008002cc8                . = ALIGN (0x8)
 *fill*         0x0000000008002cc4        0x4 

.fini_array     0x0000000008002cc8        0x8
                0x0000000008002cc8                . = ALIGN (0x8)
                0x0000000008002cc8                PROVIDE (__fini_array_start = .)
 *(SORT_BY_NAME(.fini_array.*))
 *(.fini_array*)
 .fini_array    0x0000000008002cc8        0x4 /usr/lib/gcc/arm-none-eabi/10.3.1/thumb/v7e-m+fp/hard/crtbegin.o
                0x0000000008002ccc                PROVIDE (__fini_array_end = .)
                0x0000000008002cd0                . = ALIGN (0x8)
 *fill*         0x0000000008002ccc        0x4 
                0x0000000008002cd0                _sidata = LOADADDR (.data)

.data           0x0000000020000000       0x50 load address 0x0000000008002cd0
                0x0000000020000000                . = ALIGN (0x8)
                0x0000000020000000                _sdata = .
 *(.data)
 *(.data*)
 .data.note_sequence
                0x0000000020000000       0x40 build/main.o
                0x0000000020000000                note_sequence
 .data.uwTickFreq
                0x0000000020000040        0x1 build/stm32l4xx_hal.o
                0x0000000020000040                uwTickFreq
 *fill*         0x0000000020000041        0x3 
 .data.uwTickPrio
                0x0000000020000044        0x4 build/stm32l4xx_hal.o
                0x0000000020000044                uwTickPrio
 .data.SystemCoreClock
                0x0000000020000048        0x4 build/system_stm32l4xx.o
                0x0000000020000048                SystemCoreClock
                0x0000000020000050                . = ALIGN (0x8)
 *fill*         0x000000002000004c        0x4 
                0x0000000020000050                _edata = .

.tm_clone_table
                0x0000000020000050        0x0 load address 0x0000000008002d20
 .tm_clone_table
                0x0000000020000050        0x0 /usr/lib/gcc/arm-none-eabi/10.3.1/thumb/v7e-m+fp/hard/crtbegin.o
 .tm_clone_table
                0x0000000020000050        0x0 /usr/lib/gcc/arm-none-eabi/10.3.1/thumb/v7e-m+fp/hard/crtend.o

.igot.plt       0x0000000020000050        0x0 load address 0x0000000008002d20
 .igot.plt      0x0000000020000050        0x0 /usr/lib/gcc/arm-none-eabi/10.3.1/thumb/v7e-m+fp/hard/crtbegin.o
                0x0000000020000050                . = ALIGN (0x4)

.bss            0x0000000020000050      0x634 load address 0x0000000008002d20
                0x0000000020000050                _sbss = .
                0x0000000020000050                __bss_start__ = _sbss
 *(.bss)
 .bss           0x0000000020000050       0x1c /usr/lib/gcc/arm-none-eabi/10.3.1/thumb/v7e-m+fp/hard/crtbegin.o
 *(.bss*)
 .bss.TX_Buffer
                0x000000002000006c        0x1 build/main.o
                0x000000002000006c                TX_Buffer
 *fill*         0x000000002000006d        0x3 
 .bss.hdma_spi1_tx
                0x0000000020000070       0x48 build/main.o
                0x0000000020000070                hdma_spi1_tx
 .bss.hi2c1     0x00000000200000b8       0x54 build/main.o
                0x00000000200000b8                hi2c1
 .bss.hpcd_USB_OTG_FS
                0x000000002000010c      0x50c build/main.o
                0x000000002000010c                hpcd_USB_OTG_FS
 .bss.hspi1     0x0000000020000618       0x64 build/main.o
                0x0000000020000618                hspi1
 .bss.note_pos  0x000000002000067c        0x4 build/main.o
                0x000000002000067c                note_pos
 .bss.uwTick    0x0000000020000680        0x4 build/stm32l4xx_hal.o
                0x0000000020000680                uwTick
 *(COMMON)
                0x0000000020000684                . = ALIGN (0x4)
                0x0000000020000684                _ebss = .
                0x0000000020000684                __bss_end__ = _ebss

._user_heap_stack
                0x0000000020000684      0x604 load address 0x0000000008002d20
                0x0000000020000688                . = ALIGN (0x8)
 *fill*         0x0000000020000684        0x4 
                [!provide]                        PROVIDE (end = .)
                [!provide]                        PROVIDE (_end = .)
                0x0000000020000888                . = (. + _Min_Heap_Size)
 *fill*         0x0000000020000688      0x200 
                0x0000000020000c88                . = (. + _Min_Stack_Size)
 *fill*         0x0000000020000888      0x400 
                0x0000000020000c88                . = ALIGN (0x8)

/DISCARD/
 libc.a(*)
 libm.a(*)
 libgcc.a(*)

.ARM.attributes
                0x0000000000000000       0x30
 *(.ARM.attributes)
 .ARM.attributes
                0x0000000000000000       0x1e /usr/lib/gcc/arm-none-eabi/10.3.1/thumb/v7e-m+fp/hard/crti.o
 .ARM.attributes
                0x000000000000001e       0x34 /usr/lib/gcc/arm-none-eabi/10.3.1/thumb/v7e-m+fp/hard/crtbegin.o
 .ARM.attributes
                0x0000000000000052       0x34 build/main.o
 .ARM.attributes
                0x0000000000000086       0x34 build/stm32l4xx_it.o
 .ARM.attributes
                0x00000000000000ba       0x34 build/stm32l4xx_hal_msp.o
 .ARM.attributes
                0x00000000000000ee       0x34 build/stm32l4xx_hal_i2c.o
 .ARM.attributes
                0x0000000000000122       0x34 build/stm32l4xx_hal_i2c_ex.o
 .ARM.attributes
                0x0000000000000156       0x34 build/stm32l4xx_hal.o
 .ARM.attributes
                0x000000000000018a       0x34 build/stm32l4xx_hal_rcc.o
 .ARM.attributes
                0x00000000000001be       0x34 build/stm32l4xx_hal_rcc_ex.o
 .ARM.attributes
                0x00000000000001f2       0x34 build/stm32l4xx_hal_gpio.o
 .ARM.attributes
                0x0000000000000226       0x34 build/stm32l4xx_hal_dma.o
 .ARM.attributes
                0x000000000000025a       0x34 build/stm32l4xx_hal_pwr_ex.o
 .ARM.attributes
                0x000000000000028e       0x34 build/stm32l4xx_hal_cortex.o
 .ARM.attributes
                0x00000000000002c2       0x34 build/stm32l4xx_hal_spi.o
 .ARM.attributes
                0x00000000000002f6       0x34 build/stm32l4xx_hal_pcd.o
 .ARM.attributes
                0x000000000000032a       0x34 build/stm32l4xx_hal_pcd_ex.o
 .ARM.attributes
                0x000000000000035e       0x34 build/stm32l4xx_ll_usb.o
 .ARM.attributes
                0x0000000000000392       0x34 build/system_stm32l4xx.o
 .ARM.attributes
                0x00000000000003c6       0x21 build/startup_stm32l476xx.o
 .ARM.attributes
                0x00000000000003e7       0x34 /usr/lib/gcc/arm-none-eabi/10.3.1/../../../arm-none-eabi/lib/thumb/v7e-m+fp/hard/libc_nano.a(lib_a-init.o)
 .ARM.attributes
                0x000000000000041b       0x34 /usr/lib/gcc/arm-none-eabi/10.3.1/../../../arm-none-eabi/lib/thumb/v7e-m+fp/hard/libc_nano.a(lib_a-memset.o)
 .ARM.attributes
                0x000000000000044f       0x32 /usr/lib/gcc/arm-none-eabi/10.3.1/thumb/v7e-m+fp/hard/crtend.o
 .ARM.attributes
                0x0000000000000481       0x1e /usr/lib/gcc/arm-none-eabi/10.3.1/thumb/v7e-m+fp/hard/crtn.o
OUTPUT(build/DISCO_MIDI.elf elf32-littlearm)
LOAD linker stubs
LOAD /usr/lib/gcc/arm-none-eabi/10.3.1/../../../arm-none-eabi/lib/thumb/v7e-m+fp/hard/libc.a
LOAD /usr/lib/gcc/arm-none-eabi/10.3.1/../../../arm-none-eabi/lib/thumb/v7e-m+fp/hard/libm.a
LOAD /usr/lib/gcc/arm-none-eabi/10.3.1/thumb/v7e-m+fp/hard/libgcc.a

.comment        0x0000000000000000       0x33
 .comment       0x0000000000000000       0x33 /usr/lib/gcc/arm-none-eabi/10.3.1/thumb/v7e-m+fp/hard/crtbegin.o
                                         0x34 (size before relaxing)
 .comment       0x0000000000000033       0x34 build/main.o
 .comment       0x0000000000000033       0x34 build/stm32l4xx_it.o
 .comment       0x0000000000000033       0x34 build/stm32l4xx_hal_msp.o
 .comment       0x0000000000000033       0x34 build/stm32l4xx_hal_i2c.o
 .comment       0x0000000000000033       0x34 build/stm32l4xx_hal_i2c_ex.o
 .comment       0x0000000000000033       0x34 build/stm32l4xx_hal.o
 .comment       0x0000000000000033       0x34 build/stm32l4xx_hal_rcc.o
 .comment       0x0000000000000033       0x34 build/stm32l4xx_hal_rcc_ex.o
 .comment       0x0000000000000033       0x34 build/stm32l4xx_hal_gpio.o
 .comment       0x0000000000000033       0x34 build/stm32l4xx_hal_dma.o
 .comment       0x0000000000000033       0x34 build/stm32l4xx_hal_pwr_ex.o
 .comment       0x0000000000000033       0x34 build/stm32l4xx_hal_cortex.o
 .comment       0x0000000000000033       0x34 build/stm32l4xx_hal_spi.o
 .comment       0x0000000000000033       0x34 build/stm32l4xx_hal_pcd.o
 .comment       0x0000000000000033       0x34 build/stm32l4xx_hal_pcd_ex.o
 .comment       0x0000000000000033       0x34 build/stm32l4xx_ll_usb.o
 .comment       0x0000000000000033       0x34 build/system_stm32l4xx.o
 .comment       0x0000000000000033       0x34 /usr/lib/gcc/arm-none-eabi/10.3.1/../../../arm-none-eabi/lib/thumb/v7e-m+fp/hard/libc_nano.a(lib_a-init.o)
 .comment       0x0000000000000033       0x34 /usr/lib/gcc/arm-none-eabi/10.3.1/../../../arm-none-eabi/lib/thumb/v7e-m+fp/hard/libc_nano.a(lib_a-memset.o)
 .comment       0x0000000000000033       0x34 /usr/lib/gcc/arm-none-eabi/10.3.1/thumb/v7e-m+fp/hard/crtend.o

.debug_info     0x0000000000000000    0x16785
 .debug_info    0x0000000000000000     0x22f0 build/main.o
 .debug_info    0x00000000000022f0      0x466 build/stm32l4xx_it.o
 .debug_info    0x0000000000002756     0x1c6b build/stm32l4xx_hal_msp.o
 .debug_info    0x00000000000043c1     0x437a build/stm32l4xx_hal_i2c.o
 .debug_info    0x000000000000873b      0xb3a build/stm32l4xx_hal_i2c_ex.o
 .debug_info    0x0000000000009275      0xe1a build/stm32l4xx_hal.o
 .debug_info    0x000000000000a08f     0x1068 build/stm32l4xx_hal_rcc.o
 .debug_info    0x000000000000b0f7     0x13bd build/stm32l4xx_hal_rcc_ex.o
 .debug_info    0x000000000000c4b4      0x903 build/stm32l4xx_hal_gpio.o
 .debug_info    0x000000000000cdb7      0x8de build/stm32l4xx_hal_dma.o
 .debug_info    0x000000000000d695      0xbb4 build/stm32l4xx_hal_pwr_ex.o
 .debug_info    0x000000000000e249     0x1156 build/stm32l4xx_hal_cortex.o
 .debug_info    0x000000000000f39f     0x22eb build/stm32l4xx_hal_spi.o
 .debug_info    0x000000000001168a     0x1c33 build/stm32l4xx_hal_pcd.o
 .debug_info    0x00000000000132bd      0xae0 build/stm32l4xx_hal_pcd_ex.o
 .debug_info    0x0000000000013d9d     0x211c build/stm32l4xx_ll_usb.o
 .debug_info    0x0000000000015eb9      0x659 build/system_stm32l4xx.o
 .debug_info    0x0000000000016512       0x22 build/startup_stm32l476xx.o
 .debug_info    0x0000000000016534      0x11a /usr/lib/gcc/arm-none-eabi/10.3.1/../../../arm-none-eabi/lib/thumb/v7e-m+fp/hard/libc_nano.a(lib_a-init.o)
 .debug_info    0x000000000001664e      0x137 /usr/lib/gcc/arm-none-eabi/10.3.1/../../../arm-none-eabi/lib/thumb/v7e-m+fp/hard/libc_nano.a(lib_a-memset.o)

.debug_abbrev   0x0000000000000000     0x2aa1
 .debug_abbrev  0x0000000000000000      0x385 build/main.o
 .debug_abbrev  0x0000000000000385      0x182 build/stm32l4xx_it.o
 .debug_abbrev  0x0000000000000507      0x256 build/stm32l4xx_hal_msp.o
 .debug_abbrev  0x000000000000075d      0x2a9 build/stm32l4xx_hal_i2c.o
 .debug_abbrev  0x0000000000000a06      0x1b5 build/stm32l4xx_hal_i2c_ex.o
 .debug_abbrev  0x0000000000000bbb      0x249 build/stm32l4xx_hal.o
 .debug_abbrev  0x0000000000000e04      0x28e build/stm32l4xx_hal_rcc.o
 .debug_abbrev  0x0000000000001092      0x2b0 build/stm32l4xx_hal_rcc_ex.o
 .debug_abbrev  0x0000000000001342      0x222 build/stm32l4xx_hal_gpio.o
 .debug_abbrev  0x0000000000001564      0x23b build/stm32l4xx_hal_dma.o
 .debug_abbrev  0x000000000000179f      0x234 build/stm32l4xx_hal_pwr_ex.o
 .debug_abbrev  0x00000000000019d3      0x382 build/stm32l4xx_hal_cortex.o
 .debug_abbrev  0x0000000000001d55      0x278 build/stm32l4xx_hal_spi.o
 .debug_abbrev  0x0000000000001fcd      0x2c2 build/stm32l4xx_hal_pcd.o
 .debug_abbrev  0x000000000000228f      0x26c build/stm32l4xx_hal_pcd_ex.o
 .debug_abbrev  0x00000000000024fb      0x2f9 build/stm32l4xx_ll_usb.o
 .debug_abbrev  0x00000000000027f4      0x11b build/system_stm32l4xx.o
 .debug_abbrev  0x000000000000290f       0x12 build/startup_stm32l476xx.o
 .debug_abbrev  0x0000000000002921       0xcc /usr/lib/gcc/arm-none-eabi/10.3.1/../../../arm-none-eabi/lib/thumb/v7e-m+fp/hard/libc_nano.a(lib_a-init.o)
 .debug_abbrev  0x00000000000029ed       0xb4 /usr/lib/gcc/arm-none-eabi/10.3.1/../../../arm-none-eabi/lib/thumb/v7e-m+fp/hard/libc_nano.a(lib_a-memset.o)

.debug_loc      0x0000000000000000    0x1159b
 .debug_loc     0x0000000000000000      0x2ab build/main.o
 .debug_loc     0x00000000000002ab       0x60 build/stm32l4xx_it.o
 .debug_loc     0x000000000000030b      0x303 build/stm32l4xx_hal_msp.o
 .debug_loc     0x000000000000060e     0x576a build/stm32l4xx_hal_i2c.o
 .debug_loc     0x0000000000005d78      0x25a build/stm32l4xx_hal_i2c_ex.o
 .debug_loc     0x0000000000005fd2      0x2af build/stm32l4xx_hal.o
 .debug_loc     0x0000000000006281      0x9ac build/stm32l4xx_hal_rcc.o
 .debug_loc     0x0000000000006c2d     0x1cf1 build/stm32l4xx_hal_rcc_ex.o
 .debug_loc     0x000000000000891e      0x496 build/stm32l4xx_hal_gpio.o
 .debug_loc     0x0000000000008db4      0x94e build/stm32l4xx_hal_dma.o
 .debug_loc     0x0000000000009702      0xb66 build/stm32l4xx_hal_pwr_ex.o
 .debug_loc     0x000000000000a268      0x7a4 build/stm32l4xx_hal_cortex.o
 .debug_loc     0x000000000000aa0c     0x279d build/stm32l4xx_hal_spi.o
 .debug_loc     0x000000000000d1a9     0x15f8 build/stm32l4xx_hal_pcd.o
 .debug_loc     0x000000000000e7a1      0x28e build/stm32l4xx_hal_pcd_ex.o
 .debug_loc     0x000000000000ea2f     0x275f build/stm32l4xx_ll_usb.o
 .debug_loc     0x000000000001118e      0x127 build/system_stm32l4xx.o
 .debug_loc     0x00000000000112b5       0xba /usr/lib/gcc/arm-none-eabi/10.3.1/../../../arm-none-eabi/lib/thumb/v7e-m+fp/hard/libc_nano.a(lib_a-init.o)
 .debug_loc     0x000000000001136f      0x22c /usr/lib/gcc/arm-none-eabi/10.3.1/../../../arm-none-eabi/lib/thumb/v7e-m+fp/hard/libc_nano.a(lib_a-memset.o)

.debug_aranges  0x0000000000000000      0xf08
 .debug_aranges
                0x0000000000000000       0x60 build/main.o
 .debug_aranges
                0x0000000000000060       0x70 build/stm32l4xx_it.o
 .debug_aranges
                0x00000000000000d0       0x50 build/stm32l4xx_hal_msp.o
 .debug_aranges
                0x0000000000000120      0x2a0 build/stm32l4xx_hal_i2c.o
 .debug_aranges
                0x00000000000003c0       0x48 build/stm32l4xx_hal_i2c_ex.o
 .debug_aranges
                0x0000000000000408      0x130 build/stm32l4xx_hal.o
 .debug_aranges
                0x0000000000000538       0x90 build/stm32l4xx_hal_rcc.o
 .debug_aranges
                0x00000000000005c8       0xc0 build/stm32l4xx_hal_rcc_ex.o
 .debug_aranges
                0x0000000000000688       0x58 build/stm32l4xx_hal_gpio.o
 .debug_aranges
                0x00000000000006e0       0x80 build/stm32l4xx_hal_dma.o
 .debug_aranges
                0x0000000000000760      0x160 build/stm32l4xx_hal_pwr_ex.o
 .debug_aranges
                0x00000000000008c0       0xa8 build/stm32l4xx_hal_cortex.o
 .debug_aranges
                0x0000000000000968      0x1d8 build/stm32l4xx_hal_spi.o
 .debug_aranges
                0x0000000000000b40      0x138 build/stm32l4xx_hal_pcd.o
 .debug_aranges
                0x0000000000000c78       0x60 build/stm32l4xx_hal_pcd_ex.o
 .debug_aranges
                0x0000000000000cd8      0x1a0 build/stm32l4xx_ll_usb.o
 .debug_aranges
                0x0000000000000e78       0x28 build/system_stm32l4xx.o
 .debug_aranges
                0x0000000000000ea0       0x28 build/startup_stm32l476xx.o
 .debug_aranges
                0x0000000000000ec8       0x20 /usr/lib/gcc/arm-none-eabi/10.3.1/../../../arm-none-eabi/lib/thumb/v7e-m+fp/hard/libc_nano.a(lib_a-init.o)
 .debug_aranges
                0x0000000000000ee8       0x20 /usr/lib/gcc/arm-none-eabi/10.3.1/../../../arm-none-eabi/lib/thumb/v7e-m+fp/hard/libc_nano.a(lib_a-memset.o)

.debug_ranges   0x0000000000000000      0xe40
 .debug_ranges  0x0000000000000000       0x50 build/main.o
 .debug_ranges  0x0000000000000050       0x60 build/stm32l4xx_it.o
 .debug_ranges  0x00000000000000b0       0x40 build/stm32l4xx_hal_msp.o
 .debug_ranges  0x00000000000000f0      0x290 build/stm32l4xx_hal_i2c.o
 .debug_ranges  0x0000000000000380       0x38 build/stm32l4xx_hal_i2c_ex.o
 .debug_ranges  0x00000000000003b8      0x120 build/stm32l4xx_hal.o
 .debug_ranges  0x00000000000004d8       0x98 build/stm32l4xx_hal_rcc.o
 .debug_ranges  0x0000000000000570       0xc8 build/stm32l4xx_hal_rcc_ex.o
 .debug_ranges  0x0000000000000638       0x48 build/stm32l4xx_hal_gpio.o
 .debug_ranges  0x0000000000000680       0x70 build/stm32l4xx_hal_dma.o
 .debug_ranges  0x00000000000006f0      0x150 build/stm32l4xx_hal_pwr_ex.o
 .debug_ranges  0x0000000000000840       0xf8 build/stm32l4xx_hal_cortex.o
 .debug_ranges  0x0000000000000938      0x1c8 build/stm32l4xx_hal_spi.o
 .debug_ranges  0x0000000000000b00      0x128 build/stm32l4xx_hal_pcd.o
 .debug_ranges  0x0000000000000c28       0x50 build/stm32l4xx_hal_pcd_ex.o
 .debug_ranges  0x0000000000000c78      0x190 build/stm32l4xx_ll_usb.o
 .debug_ranges  0x0000000000000e08       0x18 build/system_stm32l4xx.o
 .debug_ranges  0x0000000000000e20       0x20 build/startup_stm32l476xx.o

.debug_line     0x0000000000000000    0x10cf8
 .debug_line    0x0000000000000000      0xa3d build/main.o
 .debug_line    0x0000000000000a3d      0x267 build/stm32l4xx_it.o
 .debug_line    0x0000000000000ca4      0x4e1 build/stm32l4xx_hal_msp.o
 .debug_line    0x0000000000001185     0x4cca build/stm32l4xx_hal_i2c.o
 .debug_line    0x0000000000005e4f      0x42c build/stm32l4xx_hal_i2c_ex.o
 .debug_line    0x000000000000627b      0x60a build/stm32l4xx_hal.o
 .debug_line    0x0000000000006885      0xe67 build/stm32l4xx_hal_rcc.o
 .debug_line    0x00000000000076ec     0x149a build/stm32l4xx_hal_rcc_ex.o
 .debug_line    0x0000000000008b86      0x63d build/stm32l4xx_hal_gpio.o
 .debug_line    0x00000000000091c3      0x994 build/stm32l4xx_hal_dma.o
 .debug_line    0x0000000000009b57      0xa4d build/stm32l4xx_hal_pwr_ex.o
 .debug_line    0x000000000000a5a4      0x6e4 build/stm32l4xx_hal_cortex.o
 .debug_line    0x000000000000ac88     0x287d build/stm32l4xx_hal_spi.o
 .debug_line    0x000000000000d505     0x133d build/stm32l4xx_hal_pcd.o
 .debug_line    0x000000000000e842      0x406 build/stm32l4xx_hal_pcd_ex.o
 .debug_line    0x000000000000ec48     0x1b3a build/stm32l4xx_ll_usb.o
 .debug_line    0x0000000000010782      0x209 build/system_stm32l4xx.o
 .debug_line    0x000000000001098b       0x76 build/startup_stm32l476xx.o
 .debug_line    0x0000000000010a01      0x138 /usr/lib/gcc/arm-none-eabi/10.3.1/../../../arm-none-eabi/lib/thumb/v7e-m+fp/hard/libc_nano.a(lib_a-init.o)
 .debug_line    0x0000000000010b39      0x1bf /usr/lib/gcc/arm-none-eabi/10.3.1/../../../arm-none-eabi/lib/thumb/v7e-m+fp/hard/libc_nano.a(lib_a-memset.o)

.debug_str      0x0000000000000000     0x504f
 .debug_str     0x0000000000000000     0x1605 build/main.o
                                       0x170f (size before relaxing)
 .debug_str     0x0000000000001605      0x102 build/stm32l4xx_it.o
                                        0x46e (size before relaxing)
 .debug_str     0x0000000000001707      0x3ab build/stm32l4xx_hal_msp.o
                                       0x1692 (size before relaxing)
 .debug_str     0x0000000000001ab2      0x8b7 build/stm32l4xx_hal_i2c.o
                                        0xfad (size before relaxing)
 .debug_str     0x0000000000002369       0xe8 build/stm32l4xx_hal_i2c_ex.o
                                        0x8e1 (size before relaxing)
 .debug_str     0x0000000000002451      0x4b5 build/stm32l4xx_hal.o
                                        0xd40 (size before relaxing)
 .debug_str     0x0000000000002906      0x2a5 build/stm32l4xx_hal_rcc.o
                                        0x86d (size before relaxing)
 .debug_str     0x0000000000002bab      0x33b build/stm32l4xx_hal_rcc_ex.o
                                        0xa96 (size before relaxing)
 .debug_str     0x0000000000002ee6       0xda build/stm32l4xx_hal_gpio.o
                                        0x51b (size before relaxing)
 .debug_str     0x0000000000002fc0      0x20c build/stm32l4xx_hal_dma.o
                                        0x629 (size before relaxing)
 .debug_str     0x00000000000031cc      0x508 build/stm32l4xx_hal_pwr_ex.o
                                        0x82b (size before relaxing)
 .debug_str     0x00000000000036d4      0x41a build/stm32l4xx_hal_cortex.o
                                        0xbf2 (size before relaxing)
 .debug_str     0x0000000000003aee      0x54a build/stm32l4xx_hal_spi.o
                                        0xbb2 (size before relaxing)
 .debug_str     0x0000000000004038      0x7ae build/stm32l4xx_hal_pcd.o
                                        0xdae (size before relaxing)
 .debug_str     0x00000000000047e6      0x1ac build/stm32l4xx_hal_pcd_ex.o
                                        0x7dc (size before relaxing)
 .debug_str     0x0000000000004992      0x451 build/stm32l4xx_ll_usb.o
                                        0xcc3 (size before relaxing)
 .debug_str     0x0000000000004de3       0x3d build/system_stm32l4xx.o
                                        0x3b5 (size before relaxing)
 .debug_str     0x0000000000004e20       0x22 build/startup_stm32l476xx.o
                                         0x59 (size before relaxing)
 .debug_str     0x0000000000004e42      0x16a /usr/lib/gcc/arm-none-eabi/10.3.1/../../../arm-none-eabi/lib/thumb/v7e-m+fp/hard/libc_nano.a(lib_a-init.o)
                                        0x20b (size before relaxing)
 .debug_str     0x0000000000004fac       0xa3 /usr/lib/gcc/arm-none-eabi/10.3.1/../../../arm-none-eabi/lib/thumb/v7e-m+fp/hard/libc_nano.a(lib_a-memset.o)
                                        0x1c0 (size before relaxing)

.debug_frame    0x0000000000000000     0x2800
 .debug_frame   0x0000000000000000      0x118 build/main.o
 .debug_frame   0x0000000000000118       0xd8 build/stm32l4xx_it.o
 .debug_frame   0x00000000000001f0       0xe0 build/stm32l4xx_hal_msp.o
 .debug_frame   0x00000000000002d0      0x978 build/stm32l4xx_hal_i2c.o
 .debug_frame   0x0000000000000c48       0x80 build/stm32l4xx_hal_i2c_ex.o
 .debug_frame   0x0000000000000cc8      0x274 build/stm32l4xx_hal.o
 .debug_frame   0x0000000000000f3c      0x19c build/stm32l4xx_hal_rcc.o
 .debug_frame   0x00000000000010d8      0x204 build/stm32l4xx_hal_rcc_ex.o
 .debug_frame   0x00000000000012dc       0xd0 build/stm32l4xx_hal_gpio.o
 .debug_frame   0x00000000000013ac      0x150 build/stm32l4xx_hal_dma.o
 .debug_frame   0x00000000000014fc      0x2b8 build/stm32l4xx_hal_pwr_ex.o
 .debug_frame   0x00000000000017b4      0x148 build/stm32l4xx_hal_cortex.o
 .debug_frame   0x00000000000018fc      0x5d8 build/stm32l4xx_hal_spi.o
 .debug_frame   0x0000000000001ed4      0x35c build/stm32l4xx_hal_pcd.o
 .debug_frame   0x0000000000002230       0xb8 build/stm32l4xx_hal_pcd_ex.o
 .debug_frame   0x00000000000022e8      0x490 build/stm32l4xx_ll_usb.o
 .debug_frame   0x0000000000002778       0x30 build/system_stm32l4xx.o
 .debug_frame   0x00000000000027a8       0x2c /usr/lib/gcc/arm-none-eabi/10.3.1/../../../arm-none-eabi/lib/thumb/v7e-m+fp/hard/libc_nano.a(lib_a-init.o)
 .debug_frame   0x00000000000027d4       0x2c /usr/lib/gcc/arm-none-eabi/10.3.1/../../../arm-none-eabi/lib/thumb/v7e-m+fp/hard/libc_nano.a(lib_a-memset.o)

Cross Reference Table

Symbol                                            File
ADC1_2_IRQHandler                                 build/startup_stm32l476xx.o
ADC3_IRQHandler                                   build/startup_stm32l476xx.o
AHBPrescTable                                     build/system_stm32l4xx.o
                                                  build/stm32l4xx_hal_rcc.o
APBPrescTable                                     build/system_stm32l4xx.o
                                                  build/stm32l4xx_hal_rcc.o
BusFault_Handler                                  build/stm32l4xx_it.o
CAN1_RX0_IRQHandler                               build/startup_stm32l476xx.o
CAN1_RX1_IRQHandler                               build/startup_stm32l476xx.o
CAN1_SCE_IRQHandler                               build/startup_stm32l476xx.o
CAN1_TX_IRQHandler                                build/startup_stm32l476xx.o
COMP_IRQHandler                                   build/startup_stm32l476xx.o
DFSDM1_FLT0_IRQHandler                            build/startup_stm32l476xx.o
DFSDM1_FLT1_IRQHandler                            build/startup_stm32l476xx.o
DFSDM1_FLT2_IRQHandler                            build/startup_stm32l476xx.o
DFSDM1_FLT3_IRQHandler                            build/startup_stm32l476xx.o
DMA1_Channel1_IRQHandler                          build/startup_stm32l476xx.o
DMA1_Channel2_IRQHandler                          build/startup_stm32l476xx.o
DMA1_Channel3_IRQHandler                          build/stm32l4xx_it.o
DMA1_Channel4_IRQHandler                          build/startup_stm32l476xx.o
DMA1_Channel5_IRQHandler                          build/startup_stm32l476xx.o
DMA1_Channel6_IRQHandler                          build/startup_stm32l476xx.o
DMA1_Channel7_IRQHandler                          build/startup_stm32l476xx.o
DMA2_Channel1_IRQHandler                          build/startup_stm32l476xx.o
DMA2_Channel2_IRQHandler                          build/startup_stm32l476xx.o
DMA2_Channel3_IRQHandler                          build/startup_stm32l476xx.o
DMA2_Channel4_IRQHandler                          build/startup_stm32l476xx.o
DMA2_Channel5_IRQHandler                          build/startup_stm32l476xx.o
DMA2_Channel6_IRQHandler                          build/startup_stm32l476xx.o
DMA2_Channel7_IRQHandler                          build/startup_stm32l476xx.o
DebugMon_Handler                                  build/stm32l4xx_it.o
Default_Handler                                   build/startup_stm32l476xx.o
EXTI0_IRQHandler                                  build/startup_stm32l476xx.o
EXTI15_10_IRQHandler                              build/startup_stm32l476xx.o
EXTI1_IRQHandler                                  build/startup_stm32l476xx.o
EXTI2_IRQHandler                                  build/startup_stm32l476xx.o
EXTI3_IRQHandler                                  build/startup_stm32l476xx.o
EXTI4_IRQHandler                                  build/startup_stm32l476xx.o
EXTI9_5_IRQHandler                                build/startup_stm32l476xx.o
Error_Handler                                     build/main.o
                                                  build/stm32l4xx_hal_msp.o
FLASH_FlushCaches                                 build/stm32l4xx_hal_flash_ex.o
                                                  build/stm32l4xx_hal_flash.o
FLASH_IRQHandler                                  build/startup_stm32l476xx.o
FLASH_PageErase                                   build/stm32l4xx_hal_flash_ex.o
                                                  build/stm32l4xx_hal_flash.o
FLASH_WaitForLastOperation                        build/stm32l4xx_hal_flash.o
                                                  build/stm32l4xx_hal_flash_ex.o
FMC_IRQHandler                                    build/startup_stm32l476xx.o
FPU_IRQHandler                                    build/startup_stm32l476xx.o
HAL_DBGMCU_DisableDBGSleepMode                    build/stm32l4xx_hal.o
HAL_DBGMCU_DisableDBGStandbyMode                  build/stm32l4xx_hal.o
HAL_DBGMCU_DisableDBGStopMode                     build/stm32l4xx_hal.o
HAL_DBGMCU_EnableDBGSleepMode                     build/stm32l4xx_hal.o
HAL_DBGMCU_EnableDBGStandbyMode                   build/stm32l4xx_hal.o
HAL_DBGMCU_EnableDBGStopMode                      build/stm32l4xx_hal.o
HAL_DMA_Abort                                     build/stm32l4xx_hal_dma.o
                                                  build/stm32l4xx_hal_spi.o
HAL_DMA_Abort_IT                                  build/stm32l4xx_hal_dma.o
                                                  build/stm32l4xx_hal_spi.o
                                                  build/stm32l4xx_hal_i2c.o
HAL_DMA_DeInit                                    build/stm32l4xx_hal_dma.o
                                                  build/stm32l4xx_hal_msp.o
HAL_DMA_GetError                                  build/stm32l4xx_hal_dma.o
HAL_DMA_GetState                                  build/stm32l4xx_hal_dma.o
                                                  build/stm32l4xx_hal_i2c.o
HAL_DMA_IRQHandler                                build/stm32l4xx_hal_dma.o
                                                  build/stm32l4xx_it.o
HAL_DMA_Init                                      build/stm32l4xx_hal_dma.o
                                                  build/stm32l4xx_hal_msp.o
HAL_DMA_PollForTransfer                           build/stm32l4xx_hal_dma.o
HAL_DMA_RegisterCallback                          build/stm32l4xx_hal_dma.o
HAL_DMA_Start                                     build/stm32l4xx_hal_dma.o
HAL_DMA_Start_IT                                  build/stm32l4xx_hal_dma.o
                                                  build/stm32l4xx_hal_spi.o
                                                  build/stm32l4xx_hal_i2c.o
HAL_DMA_UnRegisterCallback                        build/stm32l4xx_hal_dma.o
HAL_DeInit                                        build/stm32l4xx_hal.o
HAL_Delay                                         build/stm32l4xx_hal.o
                                                  build/stm32l4xx_ll_usb.o
                                                  build/stm32l4xx_hal_pcd_ex.o
                                                  build/main.o
HAL_EXTI_ClearConfigLine                          build/stm32l4xx_hal_exti.o
HAL_EXTI_ClearPending                             build/stm32l4xx_hal_exti.o
HAL_EXTI_GenerateSWI                              build/stm32l4xx_hal_exti.o
HAL_EXTI_GetConfigLine                            build/stm32l4xx_hal_exti.o
HAL_EXTI_GetHandle                                build/stm32l4xx_hal_exti.o
HAL_EXTI_GetPending                               build/stm32l4xx_hal_exti.o
HAL_EXTI_IRQHandler                               build/stm32l4xx_hal_exti.o
HAL_EXTI_RegisterCallback                         build/stm32l4xx_hal_exti.o
HAL_EXTI_SetConfigLine                            build/stm32l4xx_hal_exti.o
HAL_FLASHEx_DisableRunPowerDown                   build/stm32l4xx_hal_flash_ramfunc.o
HAL_FLASHEx_EnableRunPowerDown                    build/stm32l4xx_hal_flash_ramfunc.o
HAL_FLASHEx_Erase                                 build/stm32l4xx_hal_flash_ex.o
HAL_FLASHEx_Erase_IT                              build/stm32l4xx_hal_flash_ex.o
HAL_FLASHEx_OBGetConfig                           build/stm32l4xx_hal_flash_ex.o
HAL_FLASHEx_OBProgram                             build/stm32l4xx_hal_flash_ex.o
HAL_FLASH_EndOfOperationCallback                  build/stm32l4xx_hal_flash.o
HAL_FLASH_GetError                                build/stm32l4xx_hal_flash.o
HAL_FLASH_IRQHandler                              build/stm32l4xx_hal_flash.o
HAL_FLASH_Lock                                    build/stm32l4xx_hal_flash.o
HAL_FLASH_OB_Launch                               build/stm32l4xx_hal_flash.o
HAL_FLASH_OB_Lock                                 build/stm32l4xx_hal_flash.o
HAL_FLASH_OB_Unlock                               build/stm32l4xx_hal_flash.o
HAL_FLASH_OperationErrorCallback                  build/stm32l4xx_hal_flash.o
HAL_FLASH_Program                                 build/stm32l4xx_hal_flash.o
HAL_FLASH_Program_IT                              build/stm32l4xx_hal_flash.o
HAL_FLASH_Unlock                                  build/stm32l4xx_hal_flash.o
HAL_GPIO_DeInit                                   build/stm32l4xx_hal_gpio.o
                                                  build/stm32l4xx_hal_msp.o
HAL_GPIO_EXTI_Callback                            build/stm32l4xx_hal_gpio.o
HAL_GPIO_EXTI_IRQHandler                          build/stm32l4xx_hal_gpio.o
HAL_GPIO_Init                                     build/stm32l4xx_hal_gpio.o
                                                  build/stm32l4xx_hal_rcc_ex.o
                                                  build/stm32l4xx_hal_rcc.o
                                                  build/stm32l4xx_hal_msp.o
                                                  build/main.o
HAL_GPIO_LockPin                                  build/stm32l4xx_hal_gpio.o
HAL_GPIO_ReadPin                                  build/stm32l4xx_hal_gpio.o
HAL_GPIO_TogglePin                                build/stm32l4xx_hal_gpio.o
HAL_GPIO_WritePin                                 build/stm32l4xx_hal_gpio.o
                                                  build/main.o
HAL_GetDEVID                                      build/stm32l4xx_hal.o
HAL_GetHalVersion                                 build/stm32l4xx_hal.o
HAL_GetREVID                                      build/stm32l4xx_hal.o
HAL_GetTick                                       build/stm32l4xx_hal.o
                                                  build/stm32l4xx_hal_pcd_ex.o
                                                  build/stm32l4xx_hal_spi.o
                                                  build/stm32l4xx_hal_dma.o
                                                  build/stm32l4xx_hal_flash.o
                                                  build/stm32l4xx_hal_rcc_ex.o
                                                  build/stm32l4xx_hal_rcc.o
                                                  build/stm32l4xx_hal_i2c.o
HAL_GetTickFreq                                   build/stm32l4xx_hal.o
HAL_GetTickPrio                                   build/stm32l4xx_hal.o
HAL_GetUIDw0                                      build/stm32l4xx_hal.o
HAL_GetUIDw1                                      build/stm32l4xx_hal.o
HAL_GetUIDw2                                      build/stm32l4xx_hal.o
HAL_I2CEx_ConfigAnalogFilter                      build/stm32l4xx_hal_i2c_ex.o
                                                  build/main.o
HAL_I2CEx_ConfigDigitalFilter                     build/stm32l4xx_hal_i2c_ex.o
                                                  build/main.o
HAL_I2CEx_DisableFastModePlus                     build/stm32l4xx_hal_i2c_ex.o
HAL_I2CEx_DisableWakeUp                           build/stm32l4xx_hal_i2c_ex.o
HAL_I2CEx_EnableFastModePlus                      build/stm32l4xx_hal_i2c_ex.o
HAL_I2CEx_EnableWakeUp                            build/stm32l4xx_hal_i2c_ex.o
HAL_I2C_AbortCpltCallback                         build/stm32l4xx_hal_i2c.o
HAL_I2C_AddrCallback                              build/stm32l4xx_hal_i2c.o
HAL_I2C_DeInit                                    build/stm32l4xx_hal_i2c.o
HAL_I2C_DisableListen_IT                          build/stm32l4xx_hal_i2c.o
HAL_I2C_ER_IRQHandler                             build/stm32l4xx_hal_i2c.o
HAL_I2C_EV_IRQHandler                             build/stm32l4xx_hal_i2c.o
HAL_I2C_EnableListen_IT                           build/stm32l4xx_hal_i2c.o
HAL_I2C_ErrorCallback                             build/stm32l4xx_hal_i2c.o
HAL_I2C_GetError                                  build/stm32l4xx_hal_i2c.o
HAL_I2C_GetMode                                   build/stm32l4xx_hal_i2c.o
HAL_I2C_GetState                                  build/stm32l4xx_hal_i2c.o
HAL_I2C_Init                                      build/stm32l4xx_hal_i2c.o
                                                  build/main.o
HAL_I2C_IsDeviceReady                             build/stm32l4xx_hal_i2c.o
HAL_I2C_ListenCpltCallback                        build/stm32l4xx_hal_i2c.o
HAL_I2C_MasterRxCpltCallback                      build/stm32l4xx_hal_i2c.o
HAL_I2C_MasterTxCpltCallback                      build/stm32l4xx_hal_i2c.o
HAL_I2C_Master_Abort_IT                           build/stm32l4xx_hal_i2c.o
HAL_I2C_Master_Receive                            build/stm32l4xx_hal_i2c.o
HAL_I2C_Master_Receive_DMA                        build/stm32l4xx_hal_i2c.o
HAL_I2C_Master_Receive_IT                         build/stm32l4xx_hal_i2c.o
HAL_I2C_Master_Seq_Receive_DMA                    build/stm32l4xx_hal_i2c.o
HAL_I2C_Master_Seq_Receive_IT                     build/stm32l4xx_hal_i2c.o
HAL_I2C_Master_Seq_Transmit_DMA                   build/stm32l4xx_hal_i2c.o
HAL_I2C_Master_Seq_Transmit_IT                    build/stm32l4xx_hal_i2c.o
HAL_I2C_Master_Transmit                           build/stm32l4xx_hal_i2c.o
                                                  build/main.o
HAL_I2C_Master_Transmit_DMA                       build/stm32l4xx_hal_i2c.o
HAL_I2C_Master_Transmit_IT                        build/stm32l4xx_hal_i2c.o
HAL_I2C_MemRxCpltCallback                         build/stm32l4xx_hal_i2c.o
HAL_I2C_MemTxCpltCallback                         build/stm32l4xx_hal_i2c.o
HAL_I2C_Mem_Read                                  build/stm32l4xx_hal_i2c.o
HAL_I2C_Mem_Read_DMA                              build/stm32l4xx_hal_i2c.o
HAL_I2C_Mem_Read_IT                               build/stm32l4xx_hal_i2c.o
HAL_I2C_Mem_Write                                 build/stm32l4xx_hal_i2c.o
HAL_I2C_Mem_Write_DMA                             build/stm32l4xx_hal_i2c.o
HAL_I2C_Mem_Write_IT                              build/stm32l4xx_hal_i2c.o
HAL_I2C_MspDeInit                                 build/stm32l4xx_hal_msp.o
HAL_I2C_MspInit                                   build/stm32l4xx_hal_msp.o
HAL_I2C_SlaveRxCpltCallback                       build/stm32l4xx_hal_i2c.o
HAL_I2C_SlaveTxCpltCallback                       build/stm32l4xx_hal_i2c.o
HAL_I2C_Slave_Receive                             build/stm32l4xx_hal_i2c.o
HAL_I2C_Slave_Receive_DMA                         build/stm32l4xx_hal_i2c.o
HAL_I2C_Slave_Receive_IT                          build/stm32l4xx_hal_i2c.o
HAL_I2C_Slave_Seq_Receive_DMA                     build/stm32l4xx_hal_i2c.o
HAL_I2C_Slave_Seq_Receive_IT                      build/stm32l4xx_hal_i2c.o
HAL_I2C_Slave_Seq_Transmit_DMA                    build/stm32l4xx_hal_i2c.o
HAL_I2C_Slave_Seq_Transmit_IT                     build/stm32l4xx_hal_i2c.o
HAL_I2C_Slave_Transmit                            build/stm32l4xx_hal_i2c.o
HAL_I2C_Slave_Transmit_DMA                        build/stm32l4xx_hal_i2c.o
HAL_I2C_Slave_Transmit_IT                         build/stm32l4xx_hal_i2c.o
HAL_IncTick                                       build/stm32l4xx_hal.o
                                                  build/stm32l4xx_it.o
HAL_Init                                          build/stm32l4xx_hal.o
                                                  build/main.o
HAL_InitTick                                      build/stm32l4xx_hal.o
                                                  build/stm32l4xx_hal_rcc.o
HAL_MPU_ConfigRegion                              build/stm32l4xx_hal_cortex.o
HAL_MPU_Disable                                   build/stm32l4xx_hal_cortex.o
HAL_MPU_Enable                                    build/stm32l4xx_hal_cortex.o
HAL_MspDeInit                                     build/stm32l4xx_hal.o
HAL_MspInit                                       build/stm32l4xx_hal_msp.o
HAL_NVIC_ClearPendingIRQ                          build/stm32l4xx_hal_cortex.o
HAL_NVIC_DisableIRQ                               build/stm32l4xx_hal_cortex.o
                                                  build/stm32l4xx_hal_msp.o
HAL_NVIC_EnableIRQ                                build/stm32l4xx_hal_cortex.o
                                                  build/stm32l4xx_hal_msp.o
                                                  build/main.o
HAL_NVIC_GetActive                                build/stm32l4xx_hal_cortex.o
HAL_NVIC_GetPendingIRQ                            build/stm32l4xx_hal_cortex.o
HAL_NVIC_GetPriority                              build/stm32l4xx_hal_cortex.o
HAL_NVIC_GetPriorityGrouping                      build/stm32l4xx_hal_cortex.o
HAL_NVIC_SetPendingIRQ                            build/stm32l4xx_hal_cortex.o
HAL_NVIC_SetPriority                              build/stm32l4xx_hal_cortex.o
                                                  build/stm32l4xx_hal.o
                                                  build/stm32l4xx_hal_msp.o
                                                  build/main.o
HAL_NVIC_SetPriorityGrouping                      build/stm32l4xx_hal_cortex.o
                                                  build/stm32l4xx_hal.o
HAL_NVIC_SystemReset                              build/stm32l4xx_hal_cortex.o
HAL_PCDEx_ActivateBCD                             build/stm32l4xx_hal_pcd_ex.o
HAL_PCDEx_ActivateLPM                             build/stm32l4xx_hal_pcd_ex.o
                                                  build/stm32l4xx_hal_pcd.o
HAL_PCDEx_BCD_Callback                            build/stm32l4xx_hal_pcd_ex.o
HAL_PCDEx_BCD_VBUSDetect                          build/stm32l4xx_hal_pcd_ex.o
HAL_PCDEx_DeActivateBCD                           build/stm32l4xx_hal_pcd_ex.o
HAL_PCDEx_DeActivateLPM                           build/stm32l4xx_hal_pcd_ex.o
HAL_PCDEx_LPM_Callback                            build/stm32l4xx_hal_pcd_ex.o
                                                  build/stm32l4xx_hal_pcd.o
HAL_PCDEx_SetRxFiFo                               build/stm32l4xx_hal_pcd_ex.o
HAL_PCDEx_SetTxFiFo                               build/stm32l4xx_hal_pcd_ex.o
HAL_PCD_ActivateRemoteWakeup                      build/stm32l4xx_hal_pcd.o
HAL_PCD_ConnectCallback                           build/stm32l4xx_hal_pcd.o
HAL_PCD_DataInStageCallback                       build/stm32l4xx_hal_pcd.o
HAL_PCD_DataOutStageCallback                      build/stm32l4xx_hal_pcd.o
HAL_PCD_DeActivateRemoteWakeup                    build/stm32l4xx_hal_pcd.o
HAL_PCD_DeInit                                    build/stm32l4xx_hal_pcd.o
HAL_PCD_DevConnect                                build/stm32l4xx_hal_pcd.o
HAL_PCD_DevDisconnect                             build/stm32l4xx_hal_pcd.o
HAL_PCD_DisconnectCallback                        build/stm32l4xx_hal_pcd.o
HAL_PCD_EP_Abort                                  build/stm32l4xx_hal_pcd.o
HAL_PCD_EP_Close                                  build/stm32l4xx_hal_pcd.o
HAL_PCD_EP_ClrStall                               build/stm32l4xx_hal_pcd.o
HAL_PCD_EP_Flush                                  build/stm32l4xx_hal_pcd.o
HAL_PCD_EP_GetRxCount                             build/stm32l4xx_hal_pcd.o
HAL_PCD_EP_Open                                   build/stm32l4xx_hal_pcd.o
HAL_PCD_EP_Receive                                build/stm32l4xx_hal_pcd.o
HAL_PCD_EP_SetStall                               build/stm32l4xx_hal_pcd.o
HAL_PCD_EP_Transmit                               build/stm32l4xx_hal_pcd.o
HAL_PCD_GetState                                  build/stm32l4xx_hal_pcd.o
HAL_PCD_IRQHandler                                build/stm32l4xx_hal_pcd.o
HAL_PCD_ISOINIncompleteCallback                   build/stm32l4xx_hal_pcd.o
HAL_PCD_ISOOUTIncompleteCallback                  build/stm32l4xx_hal_pcd.o
HAL_PCD_Init                                      build/stm32l4xx_hal_pcd.o
                                                  build/main.o
HAL_PCD_MspDeInit                                 build/stm32l4xx_hal_msp.o
HAL_PCD_MspInit                                   build/stm32l4xx_hal_msp.o
HAL_PCD_ResetCallback                             build/stm32l4xx_hal_pcd.o
HAL_PCD_ResumeCallback                            build/stm32l4xx_hal_pcd.o
HAL_PCD_SOFCallback                               build/stm32l4xx_hal_pcd.o
HAL_PCD_SetAddress                                build/stm32l4xx_hal_pcd.o
HAL_PCD_SetupStageCallback                        build/stm32l4xx_hal_pcd.o
HAL_PCD_Start                                     build/stm32l4xx_hal_pcd.o
HAL_PCD_Stop                                      build/stm32l4xx_hal_pcd.o
HAL_PCD_SuspendCallback                           build/stm32l4xx_hal_pcd.o
HAL_PWREx_ConfigPVM                               build/stm32l4xx_hal_pwr_ex.o
HAL_PWREx_ControlVoltageScaling                   build/stm32l4xx_hal_pwr_ex.o
                                                  build/main.o
HAL_PWREx_DisableBatteryCharging                  build/stm32l4xx_hal_pwr_ex.o
HAL_PWREx_DisableExtSMPS_0V95                     build/stm32l4xx_hal_pwr_ex.o
HAL_PWREx_DisableGPIOPullDown                     build/stm32l4xx_hal_pwr_ex.o
HAL_PWREx_DisableGPIOPullUp                       build/stm32l4xx_hal_pwr_ex.o
HAL_PWREx_DisableInternalWakeUpLine               build/stm32l4xx_hal_pwr_ex.o
HAL_PWREx_DisableLowPowerRunMode                  build/stm32l4xx_hal_pwr_ex.o
                                                  build/stm32l4xx_hal_pwr.o
HAL_PWREx_DisablePVM1                             build/stm32l4xx_hal_pwr_ex.o
HAL_PWREx_DisablePVM2                             build/stm32l4xx_hal_pwr_ex.o
HAL_PWREx_DisablePVM3                             build/stm32l4xx_hal_pwr_ex.o
HAL_PWREx_DisablePVM4                             build/stm32l4xx_hal_pwr_ex.o
HAL_PWREx_DisablePullUpPullDownConfig             build/stm32l4xx_hal_pwr_ex.o
HAL_PWREx_DisableSRAM2ContentRetention            build/stm32l4xx_hal_pwr_ex.o
HAL_PWREx_DisableVddIO2                           build/stm32l4xx_hal_pwr_ex.o
HAL_PWREx_DisableVddUSB                           build/stm32l4xx_hal_pwr_ex.o
                                                  build/stm32l4xx_hal_msp.o
HAL_PWREx_EnableBatteryCharging                   build/stm32l4xx_hal_pwr_ex.o
HAL_PWREx_EnableExtSMPS_0V95                      build/stm32l4xx_hal_pwr_ex.o
HAL_PWREx_EnableGPIOPullDown                      build/stm32l4xx_hal_pwr_ex.o
HAL_PWREx_EnableGPIOPullUp                        build/stm32l4xx_hal_pwr_ex.o
HAL_PWREx_EnableInternalWakeUpLine                build/stm32l4xx_hal_pwr_ex.o
HAL_PWREx_EnableLowPowerRunMode                   build/stm32l4xx_hal_pwr_ex.o
                                                  build/stm32l4xx_hal_pwr.o
HAL_PWREx_EnablePVM1                              build/stm32l4xx_hal_pwr_ex.o
HAL_PWREx_EnablePVM2                              build/stm32l4xx_hal_pwr_ex.o
HAL_PWREx_EnablePVM3                              build/stm32l4xx_hal_pwr_ex.o
HAL_PWREx_EnablePVM4                              build/stm32l4xx_hal_pwr_ex.o
HAL_PWREx_EnablePullUpPullDownConfig              build/stm32l4xx_hal_pwr_ex.o
HAL_PWREx_EnableSRAM2ContentRetention             build/stm32l4xx_hal_pwr_ex.o
HAL_PWREx_EnableVddIO2                            build/stm32l4xx_hal_pwr_ex.o
HAL_PWREx_EnableVddUSB                            build/stm32l4xx_hal_pwr_ex.o
                                                  build/stm32l4xx_hal_msp.o
HAL_PWREx_EnterSHUTDOWNMode                       build/stm32l4xx_hal_pwr_ex.o
HAL_PWREx_EnterSTOP0Mode                          build/stm32l4xx_hal_pwr_ex.o
                                                  build/stm32l4xx_hal_pwr.o
HAL_PWREx_EnterSTOP1Mode                          build/stm32l4xx_hal_pwr_ex.o
                                                  build/stm32l4xx_hal_pwr.o
HAL_PWREx_EnterSTOP2Mode                          build/stm32l4xx_hal_pwr_ex.o
HAL_PWREx_GetVoltageRange                         build/stm32l4xx_hal_pwr_ex.o
                                                  build/stm32l4xx_hal_rcc.o
HAL_PWREx_PVD_PVM_IRQHandler                      build/stm32l4xx_hal_pwr_ex.o
HAL_PWREx_PVM1Callback                            build/stm32l4xx_hal_pwr_ex.o
HAL_PWREx_PVM2Callback                            build/stm32l4xx_hal_pwr_ex.o
HAL_PWREx_PVM3Callback                            build/stm32l4xx_hal_pwr_ex.o
HAL_PWREx_PVM4Callback                            build/stm32l4xx_hal_pwr_ex.o
HAL_PWREx_SetSRAM2ContentRetention                build/stm32l4xx_hal_pwr_ex.o
HAL_PWR_ConfigPVD                                 build/stm32l4xx_hal_pwr.o
HAL_PWR_DeInit                                    build/stm32l4xx_hal_pwr.o
HAL_PWR_DisableBkUpAccess                         build/stm32l4xx_hal_pwr.o
                                                  build/stm32l4xx_hal_rcc_ex.o
HAL_PWR_DisablePVD                                build/stm32l4xx_hal_pwr.o
HAL_PWR_DisableSEVOnPend                          build/stm32l4xx_hal_pwr.o
HAL_PWR_DisableSleepOnExit                        build/stm32l4xx_hal_pwr.o
HAL_PWR_DisableWakeUpPin                          build/stm32l4xx_hal_pwr.o
HAL_PWR_EnableBkUpAccess                          build/stm32l4xx_hal_pwr.o
                                                  build/stm32l4xx_hal_rcc_ex.o
HAL_PWR_EnablePVD                                 build/stm32l4xx_hal_pwr.o
HAL_PWR_EnableSEVOnPend                           build/stm32l4xx_hal_pwr.o
HAL_PWR_EnableSleepOnExit                         build/stm32l4xx_hal_pwr.o
HAL_PWR_EnableWakeUpPin                           build/stm32l4xx_hal_pwr.o
HAL_PWR_EnterSLEEPMode                            build/stm32l4xx_hal_pwr.o
HAL_PWR_EnterSTANDBYMode                          build/stm32l4xx_hal_pwr.o
HAL_PWR_EnterSTOPMode                             build/stm32l4xx_hal_pwr.o
HAL_PWR_PVDCallback                               build/stm32l4xx_hal_pwr.o
                                                  build/stm32l4xx_hal_pwr_ex.o
HAL_RCCEx_DisableLSCO                             build/stm32l4xx_hal_rcc_ex.o
HAL_RCCEx_DisableLSECSS                           build/stm32l4xx_hal_rcc_ex.o
HAL_RCCEx_DisableMSIPLLMode                       build/stm32l4xx_hal_rcc_ex.o
HAL_RCCEx_DisablePLLSAI1                          build/stm32l4xx_hal_rcc_ex.o
HAL_RCCEx_DisablePLLSAI2                          build/stm32l4xx_hal_rcc_ex.o
HAL_RCCEx_EnableLSCO                              build/stm32l4xx_hal_rcc_ex.o
HAL_RCCEx_EnableLSECSS                            build/stm32l4xx_hal_rcc_ex.o
HAL_RCCEx_EnableLSECSS_IT                         build/stm32l4xx_hal_rcc_ex.o
HAL_RCCEx_EnableMSIPLLMode                        build/stm32l4xx_hal_rcc_ex.o
HAL_RCCEx_EnablePLLSAI1                           build/stm32l4xx_hal_rcc_ex.o
HAL_RCCEx_EnablePLLSAI2                           build/stm32l4xx_hal_rcc_ex.o
HAL_RCCEx_GetPeriphCLKConfig                      build/stm32l4xx_hal_rcc_ex.o
HAL_RCCEx_GetPeriphCLKFreq                        build/stm32l4xx_hal_rcc_ex.o
HAL_RCCEx_LSECSS_Callback                         build/stm32l4xx_hal_rcc_ex.o
HAL_RCCEx_LSECSS_IRQHandler                       build/stm32l4xx_hal_rcc_ex.o
HAL_RCCEx_PeriphCLKConfig                         build/stm32l4xx_hal_rcc_ex.o
                                                  build/stm32l4xx_hal_msp.o
HAL_RCCEx_StandbyMSIRangeConfig                   build/stm32l4xx_hal_rcc_ex.o
HAL_RCCEx_WakeUpStopCLKConfig                     build/stm32l4xx_hal_rcc_ex.o
HAL_RCC_CSSCallback                               build/stm32l4xx_hal_rcc.o
HAL_RCC_ClockConfig                               build/stm32l4xx_hal_rcc.o
                                                  build/main.o
HAL_RCC_DeInit                                    build/stm32l4xx_hal_rcc.o
HAL_RCC_EnableCSS                                 build/stm32l4xx_hal_rcc.o
HAL_RCC_GetClockConfig                            build/stm32l4xx_hal_rcc.o
HAL_RCC_GetHCLKFreq                               build/stm32l4xx_hal_rcc.o
                                                  build/stm32l4xx_hal_pcd.o
HAL_RCC_GetOscConfig                              build/stm32l4xx_hal_rcc.o
HAL_RCC_GetPCLK1Freq                              build/stm32l4xx_hal_rcc.o
                                                  build/stm32l4xx_hal_rcc_ex.o
HAL_RCC_GetPCLK2Freq                              build/stm32l4xx_hal_rcc.o
                                                  build/stm32l4xx_hal_rcc_ex.o
HAL_RCC_GetResetSource                            build/stm32l4xx_hal_rcc.o
HAL_RCC_GetSysClockFreq                           build/stm32l4xx_hal_rcc.o
                                                  build/stm32l4xx_hal_rcc_ex.o
HAL_RCC_MCOConfig                                 build/stm32l4xx_hal_rcc.o
HAL_RCC_NMI_IRQHandler                            build/stm32l4xx_hal_rcc.o
HAL_RCC_OscConfig                                 build/stm32l4xx_hal_rcc.o
                                                  build/main.o
HAL_ResumeTick                                    build/stm32l4xx_hal.o
HAL_SPIEx_FlushRxFifo                             build/stm32l4xx_hal_spi_ex.o
HAL_SPI_Abort                                     build/stm32l4xx_hal_spi.o
HAL_SPI_AbortCpltCallback                         build/stm32l4xx_hal_spi.o
HAL_SPI_Abort_IT                                  build/stm32l4xx_hal_spi.o
HAL_SPI_DMAPause                                  build/stm32l4xx_hal_spi.o
HAL_SPI_DMAResume                                 build/stm32l4xx_hal_spi.o
HAL_SPI_DMAStop                                   build/stm32l4xx_hal_spi.o
HAL_SPI_DeInit                                    build/stm32l4xx_hal_spi.o
HAL_SPI_ErrorCallback                             build/stm32l4xx_hal_spi.o
HAL_SPI_GetError                                  build/stm32l4xx_hal_spi.o
HAL_SPI_GetState                                  build/stm32l4xx_hal_spi.o
HAL_SPI_IRQHandler                                build/stm32l4xx_hal_spi.o
HAL_SPI_Init                                      build/stm32l4xx_hal_spi.o
                                                  build/main.o
HAL_SPI_MspDeInit                                 build/stm32l4xx_hal_msp.o
HAL_SPI_MspInit                                   build/stm32l4xx_hal_msp.o
HAL_SPI_Receive                                   build/stm32l4xx_hal_spi.o
HAL_SPI_Receive_DMA                               build/stm32l4xx_hal_spi.o
HAL_SPI_Receive_IT                                build/stm32l4xx_hal_spi.o
HAL_SPI_RxCpltCallback                            build/stm32l4xx_hal_spi.o
HAL_SPI_RxHalfCpltCallback                        build/stm32l4xx_hal_spi.o
HAL_SPI_Transmit                                  build/stm32l4xx_hal_spi.o
HAL_SPI_TransmitReceive                           build/stm32l4xx_hal_spi.o
HAL_SPI_TransmitReceive_DMA                       build/stm32l4xx_hal_spi.o
HAL_SPI_TransmitReceive_IT                        build/stm32l4xx_hal_spi.o
HAL_SPI_Transmit_DMA                              build/stm32l4xx_hal_spi.o
HAL_SPI_Transmit_IT                               build/stm32l4xx_hal_spi.o
HAL_SPI_TxCpltCallback                            build/stm32l4xx_hal_spi.o
HAL_SPI_TxHalfCpltCallback                        build/stm32l4xx_hal_spi.o
HAL_SPI_TxRxCpltCallback                          build/stm32l4xx_hal_spi.o
HAL_SPI_TxRxHalfCpltCallback                      build/stm32l4xx_hal_spi.o
HAL_SYSCFG_DisableIOAnalogSwitchBooster           build/stm32l4xx_hal.o
HAL_SYSCFG_DisableMemorySwappingBank              build/stm32l4xx_hal.o
HAL_SYSCFG_DisableVREFBUF                         build/stm32l4xx_hal.o
HAL_SYSCFG_EnableIOAnalogSwitchBooster            build/stm32l4xx_hal.o
HAL_SYSCFG_EnableMemorySwappingBank               build/stm32l4xx_hal.o
HAL_SYSCFG_EnableVREFBUF                          build/stm32l4xx_hal.o
HAL_SYSCFG_SRAM2Erase                             build/stm32l4xx_hal.o
HAL_SYSCFG_VREFBUF_HighImpedanceConfig            build/stm32l4xx_hal.o
HAL_SYSCFG_VREFBUF_TrimmingConfig                 build/stm32l4xx_hal.o
HAL_SYSCFG_VREFBUF_VoltageScalingConfig           build/stm32l4xx_hal.o
HAL_SYSTICK_CLKSourceConfig                       build/stm32l4xx_hal_cortex.o
HAL_SYSTICK_Callback                              build/stm32l4xx_hal_cortex.o
HAL_SYSTICK_Config                                build/stm32l4xx_hal_cortex.o
                                                  build/stm32l4xx_hal.o
HAL_SYSTICK_IRQHandler                            build/stm32l4xx_hal_cortex.o
HAL_SetTickFreq                                   build/stm32l4xx_hal.o
HAL_SuspendTick                                   build/stm32l4xx_hal.o
HardFault_Handler                                 build/stm32l4xx_it.o
I2C1_ER_IRQHandler                                build/startup_stm32l476xx.o
I2C1_EV_IRQHandler                                build/startup_stm32l476xx.o
I2C2_ER_IRQHandler                                build/startup_stm32l476xx.o
I2C2_EV_IRQHandler                                build/startup_stm32l476xx.o
I2C3_ER_IRQHandler                                build/startup_stm32l476xx.o
I2C3_EV_IRQHandler                                build/startup_stm32l476xx.o
LCD_IRQHandler                                    build/startup_stm32l476xx.o
LPTIM1_IRQHandler                                 build/startup_stm32l476xx.o
LPTIM2_IRQHandler                                 build/startup_stm32l476xx.o
LPUART1_IRQHandler                                build/startup_stm32l476xx.o
MSIRangeTable                                     build/system_stm32l4xx.o
                                                  build/stm32l4xx_hal_rcc_ex.o
                                                  build/stm32l4xx_hal_rcc.o
MemManage_Handler                                 build/stm32l4xx_it.o
NMI_Handler                                       build/stm32l4xx_it.o
OTG_FS_IRQHandler                                 build/stm32l4xx_it.o
PVD_PVM_IRQHandler                                build/startup_stm32l476xx.o
PendSV_Handler                                    build/stm32l4xx_it.o
QUADSPI_IRQHandler                                build/startup_stm32l476xx.o
RCC_IRQHandler                                    build/startup_stm32l476xx.o
RNG_IRQHandler                                    build/startup_stm32l476xx.o
RTC_Alarm_IRQHandler                              build/startup_stm32l476xx.o
RTC_WKUP_IRQHandler                               build/startup_stm32l476xx.o
Reset_Handler                                     build/startup_stm32l476xx.o
SAI1_IRQHandler                                   build/startup_stm32l476xx.o
SAI2_IRQHandler                                   build/startup_stm32l476xx.o
SDMMC1_IRQHandler                                 build/startup_stm32l476xx.o
SPI1_IRQHandler                                   build/startup_stm32l476xx.o
SPI2_IRQHandler                                   build/startup_stm32l476xx.o
SPI3_IRQHandler                                   build/startup_stm32l476xx.o
SVC_Handler                                       build/stm32l4xx_it.o
SWPMI1_IRQHandler                                 build/startup_stm32l476xx.o
SysTick_Handler                                   build/stm32l4xx_it.o
SystemClock_Config                                build/main.o
SystemCoreClock                                   build/system_stm32l4xx.o
                                                  build/stm32l4xx_hal_spi.o
                                                  build/stm32l4xx_hal_pwr_ex.o
                                                  build/stm32l4xx_hal_rcc.o
                                                  build/stm32l4xx_hal.o
SystemCoreClockUpdate                             build/system_stm32l4xx.o
SystemInit                                        build/system_stm32l4xx.o
                                                  build/startup_stm32l476xx.o
TAMP_STAMP_IRQHandler                             build/startup_stm32l476xx.o
TIM1_BRK_TIM15_IRQHandler                         build/startup_stm32l476xx.o
TIM1_CC_IRQHandler                                build/startup_stm32l476xx.o
TIM1_TRG_COM_TIM17_IRQHandler                     build/startup_stm32l476xx.o
TIM1_UP_TIM16_IRQHandler                          build/startup_stm32l476xx.o
TIM2_IRQHandler                                   build/startup_stm32l476xx.o
TIM3_IRQHandler                                   build/startup_stm32l476xx.o
TIM4_IRQHandler                                   build/startup_stm32l476xx.o
TIM5_IRQHandler                                   build/startup_stm32l476xx.o
TIM6_DAC_IRQHandler                               build/startup_stm32l476xx.o
TIM7_IRQHandler                                   build/startup_stm32l476xx.o
TIM8_BRK_IRQHandler                               build/startup_stm32l476xx.o
TIM8_CC_IRQHandler                                build/startup_stm32l476xx.o
TIM8_TRG_COM_IRQHandler                           build/startup_stm32l476xx.o
TIM8_UP_IRQHandler                                build/startup_stm32l476xx.o
TSC_IRQHandler                                    build/startup_stm32l476xx.o
TX_Buffer                                         build/main.o
UART4_IRQHandler                                  build/startup_stm32l476xx.o
UART5_IRQHandler                                  build/startup_stm32l476xx.o
USART1_IRQHandler                                 build/startup_stm32l476xx.o
USART2_IRQHandler                                 build/startup_stm32l476xx.o
USART3_IRQHandler                                 build/startup_stm32l476xx.o
USB_ActivateDedicatedEndpoint                     build/stm32l4xx_ll_usb.o
USB_ActivateEndpoint                              build/stm32l4xx_ll_usb.o
                                                  build/stm32l4xx_hal_pcd.o
USB_ActivateRemoteWakeup                          build/stm32l4xx_ll_usb.o
                                                  build/stm32l4xx_hal_pcd.o
USB_ActivateSetup                                 build/stm32l4xx_ll_usb.o
                                                  build/stm32l4xx_hal_pcd.o
USB_ClearInterrupts                               build/stm32l4xx_ll_usb.o
USB_CoreInit                                      build/stm32l4xx_ll_usb.o
                                                  build/stm32l4xx_hal_pcd.o
USB_DeActivateRemoteWakeup                        build/stm32l4xx_ll_usb.o
                                                  build/stm32l4xx_hal_pcd.o
USB_DeactivateDedicatedEndpoint                   build/stm32l4xx_ll_usb.o
USB_DeactivateEndpoint                            build/stm32l4xx_ll_usb.o
                                                  build/stm32l4xx_hal_pcd.o
USB_DevConnect                                    build/stm32l4xx_ll_usb.o
                                                  build/stm32l4xx_hal_pcd.o
USB_DevDisconnect                                 build/stm32l4xx_ll_usb.o
                                                  build/stm32l4xx_hal_pcd.o
USB_DevInit                                       build/stm32l4xx_ll_usb.o
                                                  build/stm32l4xx_hal_pcd.o
USB_DisableGlobalInt                              build/stm32l4xx_ll_usb.o
                                                  build/stm32l4xx_hal_pcd.o
USB_DoPing                                        build/stm32l4xx_ll_usb.o
USB_DriveVbus                                     build/stm32l4xx_ll_usb.o
USB_EP0StartXfer                                  build/stm32l4xx_ll_usb.o
                                                  build/stm32l4xx_hal_pcd.o
USB_EP0_OutStart                                  build/stm32l4xx_ll_usb.o
                                                  build/stm32l4xx_hal_pcd.o
USB_EPClearStall                                  build/stm32l4xx_ll_usb.o
                                                  build/stm32l4xx_hal_pcd.o
USB_EPSetStall                                    build/stm32l4xx_ll_usb.o
                                                  build/stm32l4xx_hal_pcd.o
USB_EPStartXfer                                   build/stm32l4xx_ll_usb.o
                                                  build/stm32l4xx_hal_pcd.o
USB_EPStopXfer                                    build/stm32l4xx_ll_usb.o
                                                  build/stm32l4xx_hal_pcd.o
USB_EnableGlobalInt                               build/stm32l4xx_ll_usb.o
                                                  build/stm32l4xx_hal_pcd.o
USB_FlushRxFifo                                   build/stm32l4xx_ll_usb.o
                                                  build/stm32l4xx_hal_pcd.o
USB_FlushTxFifo                                   build/stm32l4xx_ll_usb.o
                                                  build/stm32l4xx_hal_pcd.o
USB_GetCurrentFrame                               build/stm32l4xx_ll_usb.o
USB_GetDevSpeed                                   build/stm32l4xx_ll_usb.o
                                                  build/stm32l4xx_hal_pcd.o
USB_GetHostSpeed                                  build/stm32l4xx_ll_usb.o
USB_GetMode                                       build/stm32l4xx_ll_usb.o
                                                  build/stm32l4xx_hal_pcd.o
USB_HC_Halt                                       build/stm32l4xx_ll_usb.o
USB_HC_Init                                       build/stm32l4xx_ll_usb.o
USB_HC_ReadInterrupt                              build/stm32l4xx_ll_usb.o
USB_HC_StartXfer                                  build/stm32l4xx_ll_usb.o
USB_HostInit                                      build/stm32l4xx_ll_usb.o
USB_InitFSLSPClkSel                               build/stm32l4xx_ll_usb.o
USB_ReadDevAllInEpInterrupt                       build/stm32l4xx_ll_usb.o
                                                  build/stm32l4xx_hal_pcd.o
USB_ReadDevAllOutEpInterrupt                      build/stm32l4xx_ll_usb.o
                                                  build/stm32l4xx_hal_pcd.o
USB_ReadDevInEPInterrupt                          build/stm32l4xx_ll_usb.o
                                                  build/stm32l4xx_hal_pcd.o
USB_ReadDevOutEPInterrupt                         build/stm32l4xx_ll_usb.o
                                                  build/stm32l4xx_hal_pcd.o
USB_ReadInterrupts                                build/stm32l4xx_ll_usb.o
                                                  build/stm32l4xx_hal_pcd.o
USB_ReadPacket                                    build/stm32l4xx_ll_usb.o
                                                  build/stm32l4xx_hal_pcd.o
USB_ResetPort                                     build/stm32l4xx_ll_usb.o
USB_SetCurrentMode                                build/stm32l4xx_ll_usb.o
                                                  build/stm32l4xx_hal_pcd.o
USB_SetDevAddress                                 build/stm32l4xx_ll_usb.o
                                                  build/stm32l4xx_hal_pcd.o
USB_SetDevSpeed                                   build/stm32l4xx_ll_usb.o
USB_SetTurnaroundTime                             build/stm32l4xx_ll_usb.o
                                                  build/stm32l4xx_hal_pcd.o
USB_StopDevice                                    build/stm32l4xx_ll_usb.o
                                                  build/stm32l4xx_hal_pcd.o
USB_StopHost                                      build/stm32l4xx_ll_usb.o
USB_WritePacket                                   build/stm32l4xx_ll_usb.o
                                                  build/stm32l4xx_hal_pcd.o
UsageFault_Handler                                build/stm32l4xx_it.o
WWDG_IRQHandler                                   build/startup_stm32l476xx.o
_ITM_deregisterTMCloneTable                       /usr/lib/gcc/arm-none-eabi/10.3.1/thumb/v7e-m+fp/hard/crtbegin.o
_ITM_registerTMCloneTable                         /usr/lib/gcc/arm-none-eabi/10.3.1/thumb/v7e-m+fp/hard/crtbegin.o
__TMC_END__                                       /usr/lib/gcc/arm-none-eabi/10.3.1/thumb/v7e-m+fp/hard/crtend.o
                                                  /usr/lib/gcc/arm-none-eabi/10.3.1/thumb/v7e-m+fp/hard/crtbegin.o
__atexit_dummy                                    /usr/lib/gcc/arm-none-eabi/10.3.1/../../../arm-none-eabi/lib/thumb/v7e-m+fp/hard/libc_nano.a(lib_a-__atexit.o)
__bss_end__                                       /usr/lib/gcc/arm-none-eabi/10.3.1/../../../arm-none-eabi/lib/thumb/v7e-m+fp/hard/crt0.o
__bss_start__                                     /usr/lib/gcc/arm-none-eabi/10.3.1/../../../arm-none-eabi/lib/thumb/v7e-m+fp/hard/crt0.o
__call_exitprocs                                  /usr/lib/gcc/arm-none-eabi/10.3.1/../../../arm-none-eabi/lib/thumb/v7e-m+fp/hard/libc_nano.a(lib_a-__call_atexit.o)
                                                  /usr/lib/gcc/arm-none-eabi/10.3.1/../../../arm-none-eabi/lib/thumb/v7e-m+fp/hard/libc_nano.a(lib_a-__atexit.o)
                                                  /usr/lib/gcc/arm-none-eabi/10.3.1/../../../arm-none-eabi/lib/thumb/v7e-m+fp/hard/libc_nano.a(lib_a-exit.o)
__deregister_frame_info                           /usr/lib/gcc/arm-none-eabi/10.3.1/thumb/v7e-m+fp/hard/crtbegin.o
__dso_handle                                      /usr/lib/gcc/arm-none-eabi/10.3.1/thumb/v7e-m+fp/hard/crtbegin.o
__fini_array_end                                  /usr/lib/gcc/arm-none-eabi/10.3.1/../../../arm-none-eabi/lib/thumb/v7e-m+fp/hard/libc_nano.a(lib_a-fini.o)
__fini_array_start                                /usr/lib/gcc/arm-none-eabi/10.3.1/../../../arm-none-eabi/lib/thumb/v7e-m+fp/hard/libc_nano.a(lib_a-fini.o)
__init_array_end                                  /usr/lib/gcc/arm-none-eabi/10.3.1/../../../arm-none-eabi/lib/thumb/v7e-m+fp/hard/libc_nano.a(lib_a-init.o)
__init_array_start                                /usr/lib/gcc/arm-none-eabi/10.3.1/../../../arm-none-eabi/lib/thumb/v7e-m+fp/hard/libc_nano.a(lib_a-init.o)
__libc_fini_array                                 /usr/lib/gcc/arm-none-eabi/10.3.1/../../../arm-none-eabi/lib/thumb/v7e-m+fp/hard/libc_nano.a(lib_a-fini.o)
                                                  /usr/lib/gcc/arm-none-eabi/10.3.1/../../../arm-none-eabi/lib/thumb/v7e-m+fp/hard/crt0.o
__libc_init_array                                 /usr/lib/gcc/arm-none-eabi/10.3.1/../../../arm-none-eabi/lib/thumb/v7e-m+fp/hard/libc_nano.a(lib_a-init.o)
                                                  build/startup_stm32l476xx.o
                                                  /usr/lib/gcc/arm-none-eabi/10.3.1/../../../arm-none-eabi/lib/thumb/v7e-m+fp/hard/crt0.o
__on_exit_args                                    /usr/lib/gcc/arm-none-eabi/10.3.1/../../../arm-none-eabi/lib/thumb/v7e-m+fp/hard/libc_nano.a(lib_a-__atexit.o)
__preinit_array_end                               /usr/lib/gcc/arm-none-eabi/10.3.1/../../../arm-none-eabi/lib/thumb/v7e-m+fp/hard/libc_nano.a(lib_a-init.o)
__preinit_array_start                             /usr/lib/gcc/arm-none-eabi/10.3.1/../../../arm-none-eabi/lib/thumb/v7e-m+fp/hard/libc_nano.a(lib_a-init.o)
__register_exitproc                               /usr/lib/gcc/arm-none-eabi/10.3.1/../../../arm-none-eabi/lib/thumb/v7e-m+fp/hard/libc_nano.a(lib_a-__atexit.o)
                                                  /usr/lib/gcc/arm-none-eabi/10.3.1/../../../arm-none-eabi/lib/thumb/v7e-m+fp/hard/libc_nano.a(lib_a-atexit.o)
__register_frame_info                             /usr/lib/gcc/arm-none-eabi/10.3.1/thumb/v7e-m+fp/hard/crtbegin.o
__sf_fake_stderr                                  /usr/lib/gcc/arm-none-eabi/10.3.1/../../../arm-none-eabi/lib/thumb/v7e-m+fp/hard/libc_nano.a(lib_a-impure.o)