Archive member included to satisfy reference by file (symbol)

/usr/lib/gcc/arm-none-eabi/10.3.1/../../../arm-none-eabi/lib/thumb/v7e-m+fp/hard/libc_nano.a(lib_a-atexit.o)
                              /usr/lib/gcc/arm-none-eabi/10.3.1/../../../arm-none-eabi/lib/thumb/v7e-m+fp/hard/crt0.o (atexit)
/usr/lib/gcc/arm-none-eabi/10.3.1/../../../arm-none-eabi/lib/thumb/v7e-m+fp/hard/libc_nano.a(lib_a-exit.o)
                              /usr/lib/gcc/arm-none-eabi/10.3.1/../../../arm-none-eabi/lib/thumb/v7e-m+fp/hard/crt0.o (exit)
/usr/lib/gcc/arm-none-eabi/10.3.1/../../../arm-none-eabi/lib/thumb/v7e-m+fp/hard/libc_nano.a(lib_a-fini.o)
                              /usr/lib/gcc/arm-none-eabi/10.3.1/../../../arm-none-eabi/lib/thumb/v7e-m+fp/hard/crt0.o (__libc_fini_array)
/usr/lib/gcc/arm-none-eabi/10.3.1/../../../arm-none-eabi/lib/thumb/v7e-m+fp/hard/libc_nano.a(lib_a-impure.o)
                              /usr/lib/gcc/arm-none-eabi/10.3.1/../../../arm-none-eabi/lib/thumb/v7e-m+fp/hard/libc_nano.a(lib_a-exit.o) (_global_impure_ptr)
/usr/lib/gcc/arm-none-eabi/10.3.1/../../../arm-none-eabi/lib/thumb/v7e-m+fp/hard/libc_nano.a(lib_a-init.o)
                              /usr/lib/gcc/arm-none-eabi/10.3.1/../../../arm-none-eabi/lib/thumb/v7e-m+fp/hard/crt0.o (__libc_init_array)
/usr/lib/gcc/arm-none-eabi/10.3.1/../../../arm-none-eabi/lib/thumb/v7e-m+fp/hard/libc_nano.a(lib_a-memcpy.o)
                              build/tusb_fifo.o (memcpy)
/usr/lib/gcc/arm-none-eabi/10.3.1/../../../arm-none-eabi/lib/thumb/v7e-m+fp/hard/libc_nano.a(lib_a-memset.o)
                              /usr/lib/gcc/arm-none-eabi/10.3.1/../../../arm-none-eabi/lib/thumb/v7e-m+fp/hard/crt0.o (memset)
/usr/lib/gcc/arm-none-eabi/10.3.1/../../../arm-none-eabi/lib/thumb/v7e-m+fp/hard/libc_nano.a(lib_a-strlen.o)
                              build/usb_descriptors.o (strlen)
/usr/lib/gcc/arm-none-eabi/10.3.1/../../../arm-none-eabi/lib/thumb/v7e-m+fp/hard/libc_nano.a(lib_a-__atexit.o)
                              /usr/lib/gcc/arm-none-eabi/10.3.1/../../../arm-none-eabi/lib/thumb/v7e-m+fp/hard/libc_nano.a(lib_a-atexit.o) (__register_exitproc)
/usr/lib/gcc/arm-none-eabi/10.3.1/../../../arm-none-eabi/lib/thumb/v7e-m+fp/hard/libc_nano.a(lib_a-__call_atexit.o)
                              /usr/lib/gcc/arm-none-eabi/10.3.1/../../../arm-none-eabi/lib/thumb/v7e-m+fp/hard/libc_nano.a(lib_a-__atexit.o) (__call_exitprocs)
/usr/lib/gcc/arm-none-eabi/10.3.1/../../../arm-none-eabi/lib/thumb/v7e-m+fp/hard/libnosys.a(_exit.o)
                              /usr/lib/gcc/arm-none-eabi/10.3.1/../../../arm-none-eabi/lib/thumb/v7e-m+fp/hard/libc_nano.a(lib_a-exit.o) (_exit)
/usr/lib/gcc/arm-none-eabi/10.3.1/thumb/v7e-m+fp/hard/libgcc.a(_aeabi_uldivmod.o)
                              build/stm32l4xx_hal_uart.o (__aeabi_uldivmod)
/usr/lib/gcc/arm-none-eabi/10.3.1/thumb/v7e-m+fp/hard/libgcc.a(_udivmoddi4.o)
                              /usr/lib/gcc/arm-none-eabi/10.3.1/thumb/v7e-m+fp/hard/libgcc.a(_aeabi_uldivmod.o) (__udivmoddi4)
/usr/lib/gcc/arm-none-eabi/10.3.1/thumb/v7e-m+fp/hard/libgcc.a(_dvmd_tls.o)
                              /usr/lib/gcc/arm-none-eabi/10.3.1/thumb/v7e-m+fp/hard/libgcc.a(_aeabi_uldivmod.o) (__aeabi_ldiv0)

Discarded input sections

 .text          0x0000000000000000        0x0 /usr/lib/gcc/arm-none-eabi/10.3.1/thumb/v7e-m+fp/hard/crti.o
 .data          0x0000000000000000        0x0 /usr/lib/gcc/arm-none-eabi/10.3.1/thumb/v7e-m+fp/hard/crti.o
 .bss           0x0000000000000000        0x0 /usr/lib/gcc/arm-none-eabi/10.3.1/thumb/v7e-m+fp/hard/crti.o
 .data          0x0000000000000000        0x4 /usr/lib/gcc/arm-none-eabi/10.3.1/thumb/v7e-m+fp/hard/crtbegin.o
 .rodata        0x0000000000000000       0x24 /usr/lib/gcc/arm-none-eabi/10.3.1/thumb/v7e-m+fp/hard/crtbegin.o
 .text          0x0000000000000000       0x70 /usr/lib/gcc/arm-none-eabi/10.3.1/../../../arm-none-eabi/lib/thumb/v7e-m+fp/hard/crt0.o
 .data          0x0000000000000000        0x0 /usr/lib/gcc/arm-none-eabi/10.3.1/../../../arm-none-eabi/lib/thumb/v7e-m+fp/hard/crt0.o
 .bss           0x0000000000000000        0x0 /usr/lib/gcc/arm-none-eabi/10.3.1/../../../arm-none-eabi/lib/thumb/v7e-m+fp/hard/crt0.o
 .ARM.extab     0x0000000000000000        0x0 /usr/lib/gcc/arm-none-eabi/10.3.1/../../../arm-none-eabi/lib/thumb/v7e-m+fp/hard/crt0.o
 .ARM.exidx     0x0000000000000000       0x10 /usr/lib/gcc/arm-none-eabi/10.3.1/../../../arm-none-eabi/lib/thumb/v7e-m+fp/hard/crt0.o
 .debug_line    0x0000000000000000       0x87 /usr/lib/gcc/arm-none-eabi/10.3.1/../../../arm-none-eabi/lib/thumb/v7e-m+fp/hard/crt0.o
 .debug_info    0x0000000000000000       0x26 /usr/lib/gcc/arm-none-eabi/10.3.1/../../../arm-none-eabi/lib/thumb/v7e-m+fp/hard/crt0.o
 .debug_abbrev  0x0000000000000000       0x14 /usr/lib/gcc/arm-none-eabi/10.3.1/../../../arm-none-eabi/lib/thumb/v7e-m+fp/hard/crt0.o
 .debug_aranges
[...]
Memory Configuration

Name             Origin             Length             Attributes
RAM              0x0000000020000000 0x0000000000018000 xrw
RAM2             0x0000000010000000 0x0000000000008000 xrw
FLASH            0x0000000008000000 0x0000000000100000 xr
*default*        0x0000000000000000 0xffffffffffffffff

Linker script and memory map

LOAD /usr/lib/gcc/arm-none-eabi/10.3.1/thumb/v7e-m+fp/hard/crti.o
LOAD /usr/lib/gcc/arm-none-eabi/10.3.1/thumb/v7e-m+fp/hard/crtbegin.o
LOAD /usr/lib/gcc/arm-none-eabi/10.3.1/../../../arm-none-eabi/lib/thumb/v7e-m+fp/hard/crt0.o
LOAD build/main.o
LOAD build/stm32l4xx_it.o
LOAD build/stm32l4xx_hal_msp.o
LOAD build/stm32l4xx_hal_i2c.o
LOAD build/stm32l4xx_hal_i2c_ex.o
LOAD build/stm32l4xx_hal.o
LOAD build/stm32l4xx_hal_rcc.o
LOAD build/stm32l4xx_hal_rcc_ex.o
LOAD build/stm32l4xx_hal_flash.o
LOAD build/stm32l4xx_hal_flash_ex.o
LOAD build/stm32l4xx_hal_flash_ramfunc.o
LOAD build/stm32l4xx_hal_gpio.o
LOAD build/stm32l4xx_hal_dma.o
LOAD build/stm32l4xx_hal_dma_ex.o
LOAD build/stm32l4xx_hal_pwr.o
LOAD build/stm32l4xx_hal_pwr_ex.o
LOAD build/stm32l4xx_hal_cortex.o
LOAD build/stm32l4xx_hal_exti.o
LOAD build/stm32l4xx_hal_spi.o
LOAD build/stm32l4xx_hal_spi_ex.o
LOAD build/stm32l4xx_hal_pcd.o
LOAD build/stm32l4xx_hal_pcd_ex.o
LOAD build/stm32l4xx_ll_usb.o
LOAD build/system_stm32l4xx.o
LOAD build/usb_descriptors.o
LOAD build/tusb.o
LOAD build/tusb_fifo.o
LOAD build/usbd.o
LOAD build/usbd_control.o
LOAD build/hub.o
LOAD build/usbh.o
LOAD build/usbc.o
LOAD build/audio_device.o
LOAD build/bth_device.o
LOAD build/cdc_device.o
LOAD build/cdc_host.o
LOAD build/cdc_rndis_host.o
LOAD build/dfu_device.o
LOAD build/dfu_rt_device.o
LOAD build/hid_device.o
LOAD build/hid_host.o
LOAD build/midi_device.o
LOAD build/msc_device.o
LOAD build/msc_host.o
LOAD build/ecm_rndis_device.o
LOAD build/ncm_device.o
LOAD build/usbtmc_device.o
LOAD build/vendor_device.o
LOAD build/vendor_host.o
LOAD build/video_device.o
LOAD build/ehci.o
LOAD build/ohci.o
LOAD build/dcd_sunxi_musb.o
LOAD build/dcd_template.o
LOAD build/hcd_template.o
LOAD build/hcd_max3421.o
LOAD build/dcd_ft9xx.o
LOAD build/dcd_ci_fs.o
LOAD build/dcd_ci_hs.o
LOAD build/hcd_ci_hs.o
LOAD build/dcd_da146xx.o
LOAD build/dcd_esp32sx.o
LOAD build/dcd_musb.o
LOAD build/hcd_musb.o
LOAD build/dcd_pic.o
LOAD build/dcd_pic32mz.o
LOAD build/dcd_samd.o
LOAD build/dcd_samg.o
LOAD build/dcd_samx7x.o
LOAD build/dcd_mm32f327x_otg.o
LOAD build/dcd_nrf5x.o
LOAD build/dcd_nuc120.o
LOAD build/dcd_nuc121.o
LOAD build/dcd_nuc505.o
LOAD build/dcd_khci.o
LOAD build/hcd_khci.o
LOAD build/dcd_lpc17_40.o
LOAD build/hcd_lpc17_40.o
LOAD build/dcd_lpc_ip3511.o
LOAD build/dcd_pio_usb.o
LOAD build/hcd_pio_usb.o
LOAD build/dcd_rp2040.o
LOAD build/hcd_rp2040.o
LOAD build/rp2040_usb.o
LOAD build/dcd_rusb2.o
LOAD build/hcd_rusb2.o
LOAD build/rusb2_common.o
LOAD build/dcd_cxd56.o
LOAD build/dcd_stm32_fsdev.o
LOAD build/typec_stm32.o
LOAD build/dcd_dwc2.o
LOAD build/dcd_msp430x5xx.o
LOAD build/dcd_eptri.o
LOAD build/dcd_usbhs.o
LOAD build/stm32l4xx_hal_uart.o
LOAD build/stm32l4xx_hal_uart_ex.o
LOAD build/startup_stm32l476xx.o
LOAD /usr/lib/gcc/arm-none-eabi/10.3.1/../../../arm-none-eabi/lib/thumb/v7e-m+fp/hard/libc_nano.a
LOAD /usr/lib/gcc/arm-none-eabi/10.3.1/../../../arm-none-eabi/lib/thumb/v7e-m+fp/hard/libm.a
LOAD /usr/lib/gcc/arm-none-eabi/10.3.1/../../../arm-none-eabi/lib/thumb/v7e-m+fp/hard/libnosys.a
START GROUP
LOAD /usr/lib/gcc/arm-none-eabi/10.3.1/thumb/v7e-m+fp/hard/libgcc.a
LOAD /usr/lib/gcc/arm-none-eabi/10.3.1/../../../arm-none-eabi/lib/thumb/v7e-m+fp/hard/libc_nano.a
END GROUP
START GROUP
LOAD /usr/lib/gcc/arm-none-eabi/10.3.1/thumb/v7e-m+fp/hard/libgcc.a
LOAD /usr/lib/gcc/arm-none-eabi/10.3.1/../../../arm-none-eabi/lib/thumb/v7e-m+fp/hard/libc_nano.a
END GROUP
LOAD /usr/lib/gcc/arm-none-eabi/10.3.1/thumb/v7e-m+fp/hard/crtend.o
LOAD /usr/lib/gcc/arm-none-eabi/10.3.1/thumb/v7e-m+fp/hard/crtn.o
                0x0000000020018000                _estack = (ORIGIN (RAM) + LENGTH (RAM))
                0x0000000000000200                _Min_Heap_Size = 0x200
                0x0000000000000400                _Min_Stack_Size = 0x400

.isr_vector     0x0000000008000000      0x188
                0x0000000008000000                . = ALIGN (0x8)
 *(.isr_vector)
 .isr_vector    0x0000000008000000      0x188 build/startup_stm32l476xx.o
                0x0000000008000000                g_pfnVectors
                0x0000000008000188                . = ALIGN (0x8)

.text           0x0000000008000188     0x5de8
                0x0000000008000188                . = ALIGN (0x8)
 *(.text)
 .text          0x0000000008000188       0x88 /usr/lib/gcc/arm-none-eabi/10.3.1/thumb/v7e-m+fp/hard/crtbegin.o
 .text          0x0000000008000210       0x48 /usr/lib/gcc/arm-none-eabi/10.3.1/../../../arm-none-eabi/lib/thumb/v7e-m+fp/hard/libc_nano.a(lib_a-init.o)
                0x0000000008000210                __libc_init_array
 .text          0x0000000008000258      0x134 /usr/lib/gcc/arm-none-eabi/10.3.1/../../../arm-none-eabi/lib/thumb/v7e-m+fp/hard/libc_nano.a(lib_a-memcpy.o)
                0x0000000008000258                memcpy
 .text          0x000000000800038c       0xa4 /usr/lib/gcc/arm-none-eabi/10.3.1/../../../arm-none-eabi/lib/thumb/v7e-m+fp/hard/libc_nano.a(lib_a-memset.o)
                0x000000000800038c                memset
 .text          0x0000000008000430       0x30 /usr/lib/gcc/arm-none-eabi/10.3.1/thumb/v7e-m+fp/hard/libgcc.a(_aeabi_uldivmod.o)
                0x0000000008000430                __aeabi_uldivmod
 .text          0x0000000008000460      0x2d0 /usr/lib/gcc/arm-none-eabi/10.3.1/thumb/v7e-m+fp/hard/libgcc.a(_udivmoddi4.o)
                0x0000000008000460                __udivmoddi4
 .text          0x0000000008000730        0x4 /usr/lib/gcc/arm-none-eabi/10.3.1/thumb/v7e-m+fp/hard/libgcc.a(_dvmd_tls.o)
                0x0000000008000730                __aeabi_ldiv0
                0x0000000008000730                __aeabi_idiv0
 *(.text*)
 .text.MX_GPIO_Init
                0x0000000008000734      0x2b8 build/main.o
 .text.MX_DMA_Init
                0x00000000080009ec       0x54 build/main.o
 .text.Error_Handler
                0x0000000008000a40        0x4 build/main.o
                0x0000000008000a40                Error_Handler
 .text.MX_SPI1_Init
                0x0000000008000a44       0x4c build/main.o
 .text.MX_I2C1_Init
                0x0000000008000a90       0x54 build/main.o
 .text.MX_USB_OTG_FS_PCD_Init
                0x0000000008000ae4       0x34 build/main.o
 .text.MX_SPI2_Init
                0x0000000008000b18       0x48 build/main.o
 .text.MX_USART2_UART_Init
                0x0000000008000b60       0x38 build/main.o
 .text.SystemClock_Config
                0x0000000008000b98       0x7c build/main.o
                0x0000000008000b98                SystemClock_Config
 .text.main     0x0000000008000c14       0xf8 build/main.o
                0x0000000008000c14                main
 .text.NMI_Handler
                0x0000000008000d0c        0x2 build/stm32l4xx_it.o
                0x0000000008000d0c                NMI_Handler
 .text.HardFault_Handler
                0x0000000008000d0e        0x2 build/stm32l4xx_it.o
                0x0000000008000d0e                HardFault_Handler
 .text.MemManage_Handler
                0x0000000008000d10        0x2 build/stm32l4xx_it.o
                0x0000000008000d10                MemManage_Handler
 .text.BusFault_Handler
                0x0000000008000d12        0x2 build/stm32l4xx_it.o
                0x0000000008000d12                BusFault_Handler
 .text.UsageFault_Handler
                0x0000000008000d14        0x2 build/stm32l4xx_it.o
                0x0000000008000d14                UsageFault_Handler
 .text.SVC_Handler
                0x0000000008000d16        0x2 build/stm32l4xx_it.o
                0x0000000008000d16                SVC_Handler
 .text.DebugMon_Handler
                0x0000000008000d18        0x2 build/stm32l4xx_it.o
                0x0000000008000d18                DebugMon_Handler
 .text.PendSV_Handler
                0x0000000008000d1a        0x2 build/stm32l4xx_it.o
                0x0000000008000d1a                PendSV_Handler
 .text.SysTick_Handler
                0x0000000008000d1c        0x8 build/stm32l4xx_it.o
                0x0000000008000d1c                SysTick_Handler
 .text.DMA1_Channel2_IRQHandler
                0x0000000008000d24       0x10 build/stm32l4xx_it.o
                0x0000000008000d24                DMA1_Channel2_IRQHandler
 .text.DMA1_Channel3_IRQHandler
                0x0000000008000d34       0x10 build/stm32l4xx_it.o
                0x0000000008000d34                DMA1_Channel3_IRQHandler
 .text.DMA1_Channel4_IRQHandler
                0x0000000008000d44       0x10 build/stm32l4xx_it.o
                0x0000000008000d44                DMA1_Channel4_IRQHandler
 .text.SPI1_IRQHandler
                0x0000000008000d54       0x10 build/stm32l4xx_it.o
                0x0000000008000d54                SPI1_IRQHandler
 .text.SPI2_IRQHandler
                0x0000000008000d64       0x10 build/stm32l4xx_it.o
                0x0000000008000d64                SPI2_IRQHandler
 .text.OTG_FS_IRQHandler
                0x0000000008000d74       0x14 build/stm32l4xx_it.o
                0x0000000008000d74                OTG_FS_IRQHandler
 .text.HAL_MspInit
                0x0000000008000d88       0x30 build/stm32l4xx_hal_msp.o
                0x0000000008000d88                HAL_MspInit
 .text.HAL_I2C_MspInit
                0x0000000008000db8       0x88 build/stm32l4xx_hal_msp.o
                0x0000000008000db8                HAL_I2C_MspInit
 .text.HAL_SPI_MspInit
                0x0000000008000e40      0x180 build/stm32l4xx_hal_msp.o
                0x0000000008000e40                HAL_SPI_MspInit
 .text.HAL_UART_MspInit
                0x0000000008000fc0       0x88 build/stm32l4xx_hal_msp.o
                0x0000000008000fc0                HAL_UART_MspInit
 .text.HAL_PCD_MspInit
                0x0000000008001048       0xe4 build/stm32l4xx_hal_msp.o
                0x0000000008001048                HAL_PCD_MspInit
 .text.I2C_Flush_TXDR
                0x000000000800112c       0x22 build/stm32l4xx_hal_i2c.o
 .text.I2C_TransferConfig
                0x000000000800114e       0x3c build/stm32l4xx_hal_i2c.o
 .text.I2C_IsErrorOccurred
                0x000000000800118a      0x12c build/stm32l4xx_hal_i2c.o
 .text.I2C_WaitOnTXISFlagUntilTimeout
                0x00000000080012b6       0x56 build/stm32l4xx_hal_i2c.o
 .text.I2C_WaitOnFlagUntilTimeout
                0x000000000800130c       0x5a build/stm32l4xx_hal_i2c.o
 .text.I2C_WaitOnSTOPFlagUntilTimeout
                0x0000000008001366       0x50 build/stm32l4xx_hal_i2c.o
 .text.HAL_I2C_Init
                0x00000000080013b6       0xbc build/stm32l4xx_hal_i2c.o
                0x00000000080013b6                HAL_I2C_Init
 *fill*         0x0000000008001472        0x2 
 .text.HAL_I2C_Master_Transmit
                0x0000000008001474      0x17c build/stm32l4xx_hal_i2c.o
                0x0000000008001474                HAL_I2C_Master_Transmit
 .text.HAL_I2CEx_ConfigAnalogFilter
                0x00000000080015f0       0x5c build/stm32l4xx_hal_i2c_ex.o
                0x00000000080015f0                HAL_I2CEx_ConfigAnalogFilter
 .text.HAL_I2CEx_ConfigDigitalFilter
                0x000000000800164c       0x58 build/stm32l4xx_hal_i2c_ex.o
                0x000000000800164c                HAL_I2CEx_ConfigDigitalFilter
 .text.HAL_InitTick
                0x00000000080016a4       0x50 build/stm32l4xx_hal.o
                0x00000000080016a4                HAL_InitTick
 .text.HAL_Init
                0x00000000080016f4       0x2c build/stm32l4xx_hal.o
                0x00000000080016f4                HAL_Init
 .text.HAL_IncTick
                0x0000000008001720       0x18 build/stm32l4xx_hal.o
                0x0000000008001720                HAL_IncTick
 .text.HAL_GetTick
                0x0000000008001738        0xc build/stm32l4xx_hal.o
                0x0000000008001738                HAL_GetTick
 .text.HAL_Delay
                0x0000000008001744       0x28 build/stm32l4xx_hal.o
                0x0000000008001744                HAL_Delay
 .text.RCC_SetFlashLatencyFromMSIRange
                0x000000000800176c       0x90 build/stm32l4xx_hal_rcc.o
 .text.HAL_RCC_GetSysClockFreq
                0x00000000080017fc       0xb4 build/stm32l4xx_hal_rcc.o
                0x00000000080017fc                HAL_RCC_GetSysClockFreq
 .text.HAL_RCC_OscConfig
                0x00000000080018b0      0x61c build/stm32l4xx_hal_rcc.o
                0x00000000080018b0                HAL_RCC_OscConfig
 .text.HAL_RCC_ClockConfig
                0x0000000008001ecc      0x188 build/stm32l4xx_hal_rcc.o
                0x0000000008001ecc                HAL_RCC_ClockConfig
 .text.HAL_RCC_GetHCLKFreq
                0x0000000008002054        0xc build/stm32l4xx_hal_rcc.o
                0x0000000008002054                HAL_RCC_GetHCLKFreq
 .text.HAL_RCC_GetPCLK1Freq
                0x0000000008002060       0x24 build/stm32l4xx_hal_rcc.o
                0x0000000008002060                HAL_RCC_GetPCLK1Freq
 .text.HAL_RCC_GetPCLK2Freq
                0x0000000008002084       0x24 build/stm32l4xx_hal_rcc.o
                0x0000000008002084                HAL_RCC_GetPCLK2Freq
 .text.RCCEx_PLLSAI1_Config
                0x00000000080020a8      0x170 build/stm32l4xx_hal_rcc_ex.o
 .text.RCCEx_PLLSAI2_Config
                0x0000000008002218      0x14c build/stm32l4xx_hal_rcc_ex.o
 .text.HAL_RCCEx_PeriphCLKConfig
                0x0000000008002364      0x454 build/stm32l4xx_hal_rcc_ex.o
                0x0000000008002364                HAL_RCCEx_PeriphCLKConfig
 .text.HAL_GPIO_Init
                0x00000000080027b8      0x200 build/stm32l4xx_hal_gpio.o
                0x00000000080027b8                HAL_GPIO_Init
 .text.HAL_GPIO_WritePin
                0x00000000080029b8        0xa build/stm32l4xx_hal_gpio.o
                0x00000000080029b8                HAL_GPIO_WritePin
 *fill*         0x00000000080029c2        0x2 
 .text.HAL_DMA_Init
                0x00000000080029c4      0x108 build/stm32l4xx_hal_dma.o
                0x00000000080029c4                HAL_DMA_Init
 .text.HAL_DMA_Abort_IT
                0x0000000008002acc       0x50 build/stm32l4xx_hal_dma.o
                0x0000000008002acc                HAL_DMA_Abort_IT
 .text.HAL_DMA_IRQHandler
                0x0000000008002b1c       0xc4 build/stm32l4xx_hal_dma.o
                0x0000000008002b1c                HAL_DMA_IRQHandler
 .text.HAL_PWREx_GetVoltageRange
                0x0000000008002be0       0x10 build/stm32l4xx_hal_pwr_ex.o
                0x0000000008002be0                HAL_PWREx_GetVoltageRange
 .text.HAL_PWREx_ControlVoltageScaling
                0x0000000008002bf0       0x90 build/stm32l4xx_hal_pwr_ex.o
                0x0000000008002bf0                HAL_PWREx_ControlVoltageScaling
 .text.HAL_PWREx_EnableVddUSB
                0x0000000008002c80       0x10 build/stm32l4xx_hal_pwr_ex.o
                0x0000000008002c80                HAL_PWREx_EnableVddUSB
 .text.HAL_NVIC_SetPriorityGrouping
                0x0000000008002c90       0x24 build/stm32l4xx_hal_cortex.o
                0x0000000008002c90                HAL_NVIC_SetPriorityGrouping
 .text.HAL_NVIC_SetPriority
                0x0000000008002cb4       0x70 build/stm32l4xx_hal_cortex.o
                0x0000000008002cb4                HAL_NVIC_SetPriority
 .text.HAL_NVIC_EnableIRQ
                0x0000000008002d24       0x1c build/stm32l4xx_hal_cortex.o
                0x0000000008002d24                HAL_NVIC_EnableIRQ
 .text.HAL_SYSTICK_Config
                0x0000000008002d40       0x28 build/stm32l4xx_hal_cortex.o
                0x0000000008002d40                HAL_SYSTICK_Config
 .text.SPI_WaitFlagStateUntilTimeout
                0x0000000008002d68       0xd4 build/stm32l4xx_hal_spi.o
 .text.SPI_WaitFifoStateUntilTimeout
                0x0000000008002e3c       0xf4 build/stm32l4xx_hal_spi.o
 .text.SPI_EndRxTxTransaction
                0x0000000008002f30       0x62 build/stm32l4xx_hal_spi.o
 .text.HAL_SPI_Init
                0x0000000008002f92       0xde build/stm32l4xx_hal_spi.o
                0x0000000008002f92                HAL_SPI_Init
 .text.HAL_SPI_TransmitReceive
                0x0000000008003070      0x2de build/stm32l4xx_hal_spi.o
                0x0000000008003070                HAL_SPI_TransmitReceive
 .text.HAL_SPI_ErrorCallback
                0x000000000800334e        0x2 build/stm32l4xx_hal_spi.o
                0x000000000800334e                HAL_SPI_ErrorCallback
 .text.HAL_SPI_IRQHandler
                0x0000000008003350      0x124 build/stm32l4xx_hal_spi.o
                0x0000000008003350                HAL_SPI_IRQHandler
 .text.SPI_DMAAbortOnError
                0x0000000008003474       0x12 build/stm32l4xx_hal_spi.o
 .text.PCD_WriteEmptyTxFifo
                0x0000000008003486       0xca build/stm32l4xx_hal_pcd.o
 .text.HAL_PCD_Init
                0x0000000008003550      0x13c build/stm32l4xx_hal_pcd.o
                0x0000000008003550                HAL_PCD_Init
 .text.HAL_PCD_DataOutStageCallback
                0x000000000800368c        0x2 build/stm32l4xx_hal_pcd.o
                0x000000000800368c                HAL_PCD_DataOutStageCallback
 *fill*         0x000000000800368e        0x2 
 .text.PCD_EP_OutXfrComplete_int
                0x0000000008003690       0x44 build/stm32l4xx_hal_pcd.o
 .text.HAL_PCD_DataInStageCallback
                0x00000000080036d4        0x2 build/stm32l4xx_hal_pcd.o
                0x00000000080036d4                HAL_PCD_DataInStageCallback
 .text.HAL_PCD_SetupStageCallback
                0x00000000080036d6        0x2 build/stm32l4xx_hal_pcd.o
                0x00000000080036d6                HAL_PCD_SetupStageCallback
 .text.PCD_EP_OutSetupPacket_int
                0x00000000080036d8       0x30 build/stm32l4xx_hal_pcd.o
 .text.HAL_PCD_SOFCallback
                0x0000000008003708        0x2 build/stm32l4xx_hal_pcd.o
                0x0000000008003708                HAL_PCD_SOFCallback
 .text.HAL_PCD_ResetCallback
                0x000000000800370a        0x2 build/stm32l4xx_hal_pcd.o
                0x000000000800370a                HAL_PCD_ResetCallback
 .text.HAL_PCD_SuspendCallback
                0x000000000800370c        0x2 build/stm32l4xx_hal_pcd.o
                0x000000000800370c                HAL_PCD_SuspendCallback
 .text.HAL_PCD_ResumeCallback
                0x000000000800370e        0x2 build/stm32l4xx_hal_pcd.o
                0x000000000800370e                HAL_PCD_ResumeCallback
 .text.HAL_PCD_ISOOUTIncompleteCallback
                0x0000000008003710        0x2 build/stm32l4xx_hal_pcd.o
                0x0000000008003710                HAL_PCD_ISOOUTIncompleteCallback
 .text.HAL_PCD_ISOINIncompleteCallback
                0x0000000008003712        0x2 build/stm32l4xx_hal_pcd.o
                0x0000000008003712                HAL_PCD_ISOINIncompleteCallback
 .text.HAL_PCD_ConnectCallback
                0x0000000008003714        0x2 build/stm32l4xx_hal_pcd.o
                0x0000000008003714                HAL_PCD_ConnectCallback
 .text.HAL_PCD_DisconnectCallback
                0x0000000008003716        0x2 build/stm32l4xx_hal_pcd.o
                0x0000000008003716                HAL_PCD_DisconnectCallback
 .text.HAL_PCD_EP_Abort
                0x0000000008003718       0x34 build/stm32l4xx_hal_pcd.o
                0x0000000008003718                HAL_PCD_EP_Abort
 .text.HAL_PCD_IRQHandler
                0x000000000800374c      0x5d2 build/stm32l4xx_hal_pcd.o
                0x000000000800374c                HAL_PCD_IRQHandler
 .text.HAL_PCDEx_ActivateLPM
                0x0000000008003d1e       0x26 build/stm32l4xx_hal_pcd_ex.o
                0x0000000008003d1e                HAL_PCDEx_ActivateLPM
 .text.HAL_PCDEx_LPM_Callback
                0x0000000008003d44        0x2 build/stm32l4xx_hal_pcd_ex.o
                0x0000000008003d44                HAL_PCDEx_LPM_Callback
 *fill*         0x0000000008003d46        0x2 
 .text.USB_CoreReset
                0x0000000008003d48       0x50 build/stm32l4xx_ll_usb.o
 .text.USB_CoreInit
                0x0000000008003d98       0x38 build/stm32l4xx_ll_usb.o
                0x0000000008003d98                USB_CoreInit
 .text.USB_SetTurnaroundTime
                0x0000000008003dd0       0xe4 build/stm32l4xx_ll_usb.o
                0x0000000008003dd0                USB_SetTurnaroundTime
 .text.USB_DisableGlobalInt
                0x0000000008003eb4        0xc build/stm32l4xx_ll_usb.o
                0x0000000008003eb4                USB_DisableGlobalInt
 .text.USB_FlushTxFifo
                0x0000000008003ec0       0x50 build/stm32l4xx_ll_usb.o
                0x0000000008003ec0                USB_FlushTxFifo
 .text.USB_FlushRxFifo
                0x0000000008003f10       0x4c build/stm32l4xx_ll_usb.o
                0x0000000008003f10                USB_FlushRxFifo
 .text.USB_SetDevSpeed
                0x0000000008003f5c        0xe build/stm32l4xx_ll_usb.o
                0x0000000008003f5c                USB_SetDevSpeed
 *fill*         0x0000000008003f6a        0x2 
 .text.USB_DevInit
                0x0000000008003f6c      0x164 build/stm32l4xx_ll_usb.o
                0x0000000008003f6c                USB_DevInit
 .text.USB_GetDevSpeed
                0x00000000080040d0       0x1c build/stm32l4xx_ll_usb.o
                0x00000000080040d0                USB_GetDevSpeed
 .text.USB_EPStopXfer
                0x00000000080040ec       0xbe build/stm32l4xx_ll_usb.o
                0x00000000080040ec                USB_EPStopXfer
 .text.USB_WritePacket
                0x00000000080041aa       0x2a build/stm32l4xx_ll_usb.o
                0x00000000080041aa                USB_WritePacket
 .text.USB_ReadPacket
                0x00000000080041d4       0x54 build/stm32l4xx_ll_usb.o
                0x00000000080041d4                USB_ReadPacket
 .text.USB_DevDisconnect
                0x0000000008004228       0x1c build/stm32l4xx_ll_usb.o
                0x0000000008004228                USB_DevDisconnect
 .text.USB_ReadInterrupts
                0x0000000008004244        0x8 build/stm32l4xx_ll_usb.o
                0x0000000008004244                USB_ReadInterrupts
 .text.USB_ReadDevAllOutEpInterrupt
                0x000000000800424c       0x10 build/stm32l4xx_ll_usb.o
                0x000000000800424c                USB_ReadDevAllOutEpInterrupt
 .text.USB_ReadDevAllInEpInterrupt
                0x000000000800425c       0x10 build/stm32l4xx_ll_usb.o
                0x000000000800425c                USB_ReadDevAllInEpInterrupt
 .text.USB_ReadDevOutEPInterrupt
                0x000000000800426c       0x12 build/stm32l4xx_ll_usb.o
                0x000000000800426c                USB_ReadDevOutEPInterrupt
 .text.USB_ReadDevInEPInterrupt
                0x000000000800427e       0x28 build/stm32l4xx_ll_usb.o
                0x000000000800427e                USB_ReadDevInEPInterrupt
 .text.USB_GetMode
                0x00000000080042a6        0x8 build/stm32l4xx_ll_usb.o
                0x00000000080042a6                USB_GetMode
 .text.USB_SetCurrentMode
                0x00000000080042ae       0x62 build/stm32l4xx_ll_usb.o
                0x00000000080042ae                USB_SetCurrentMode
 .text.USB_ActivateSetup
                0x0000000008004310       0x20 build/stm32l4xx_ll_usb.o
                0x0000000008004310                USB_ActivateSetup
 .text.USB_EP0_OutStart
                0x0000000008004330       0x44 build/stm32l4xx_ll_usb.o
                0x0000000008004330                USB_EP0_OutStart
 .text.SystemInit
                0x0000000008004374       0x14 build/system_stm32l4xx.o
                0x0000000008004374                SystemInit
 .text.tu_edpt_claim
                0x0000000008004388       0x3e build/tusb.o
                0x0000000008004388                tu_edpt_claim
 .text.tu_edpt_release
                0x00000000080043c6       0x2a build/tusb.o
                0x00000000080043c6                tu_edpt_release
 .text.tu_edpt_validate
                0x00000000080043f0       0xac build/tusb.o
                0x00000000080043f0                tu_edpt_validate
 .text.advance_index
                0x000000000800449c       0x1a build/tusb_fifo.o
 .text._ff_pull_const_addr
                0x00000000080044b6       0x34 build/tusb_fifo.o
 .text._ff_pull_n
                0x00000000080044ea       0xfa build/tusb_fifo.o
 .text._tu_fifo_peek_n
                0x00000000080045e4       0x68 build/tusb_fifo.o
 .text._tu_fifo_read_n
                0x000000000800464c       0x30 build/tusb_fifo.o
 .text._ff_push_const_addr
                0x000000000800467c       0x2e build/tusb_fifo.o
 .text._ff_push_n
                0x00000000080046aa       0xf6 build/tusb_fifo.o
 .text._tu_fifo_write_n
                0x00000000080047a0       0xce build/tusb_fifo.o
 .text.tu_fifo_config
                0x000000000800486e       0x2c build/tusb_fifo.o
                0x000000000800486e                tu_fifo_config
 .text.tu_fifo_count
                0x000000000800489a       0x28 build/tusb_fifo.o
                0x000000000800489a                tu_fifo_count
 .text.tu_fifo_full
                0x00000000080048c2       0x28 build/tusb_fifo.o
                0x00000000080048c2                tu_fifo_full
 .text.tu_fifo_remaining
                0x00000000080048ea       0x2c build/tusb_fifo.o
                0x00000000080048ea                tu_fifo_remaining
 .text.tu_fifo_read_n
                0x0000000008004916        0xa build/tusb_fifo.o
                0x0000000008004916                tu_fifo_read_n
 .text.tu_fifo_read_n_const_addr_full_words
                0x0000000008004920        0xa build/tusb_fifo.o
                0x0000000008004920                tu_fifo_read_n_const_addr_full_words
 .text.tu_fifo_write
                0x000000000800492a       0x46 build/tusb_fifo.o
                0x000000000800492a                tu_fifo_write
 .text.tu_fifo_write_n
                0x0000000008004970        0xa build/tusb_fifo.o
                0x0000000008004970                tu_fifo_write_n
 .text.tu_fifo_write_n_const_addr_full_words
                0x000000000800497a        0xa build/tusb_fifo.o
                0x000000000800497a                tu_fifo_write_n_const_addr_full_words
 .text.tu_fifo_clear
                0x0000000008004984        0xa build/tusb_fifo.o
                0x0000000008004984                tu_fifo_clear
 *fill*         0x000000000800498e        0x2 
 .text.dcd_event_handler
                0x0000000008004990      0x1ec build/usbd.o
                0x0000000008004990                dcd_event_handler
 .text.usbd_edpt_open
                0x0000000008004b7c       0x58 build/usbd.o
                0x0000000008004b7c                usbd_edpt_open
 .text.usbd_edpt_claim
                0x0000000008004bd4       0x20 build/usbd.o
                0x0000000008004bd4                usbd_edpt_claim
 .text.usbd_edpt_release
                0x0000000008004bf4       0x20 build/usbd.o
                0x0000000008004bf4                usbd_edpt_release
 .text.usbd_edpt_xfer
                0x0000000008004c14       0x7c build/usbd.o
                0x0000000008004c14                usbd_edpt_xfer
 .text._prep_out_transaction
                0x0000000008004c90       0x44 build/midi_device.o
 .text.write_flush
                0x0000000008004cd4       0x66 build/midi_device.o
 *fill*         0x0000000008004d3a        0x2 
 .text.midid_init
                0x0000000008004d3c       0x5c build/midi_device.o
                0x0000000008004d3c                midid_init
 .text.midid_reset
                0x0000000008004d98       0x3c build/midi_device.o
                0x0000000008004d98                midid_reset
 .text.midid_open
                0x0000000008004dd4      0x13c build/midi_device.o
                0x0000000008004dd4                midid_open
 .text.midid_control_xfer_cb
                0x0000000008004f10        0x4 build/midi_device.o
                0x0000000008004f10                midid_control_xfer_cb
 .text.midid_xfer_cb
                0x0000000008004f14       0xc0 build/midi_device.o
                0x0000000008004f14                midid_xfer_cb
 .text.update_grxfsiz
                0x0000000008004fd4       0x44 build/dcd_dwc2.o
 .text.edpt_schedule_packets
                0x0000000008005018      0x118 build/dcd_dwc2.o
 .text.read_fifo_packet
                0x0000000008005130       0x50 build/dcd_dwc2.o
 .text.write_fifo_packet
                0x0000000008005180       0x54 build/dcd_dwc2.o
 .text.bus_reset
                0x00000000080051d4       0xac build/dcd_dwc2.o
 .text.handle_epout_irq
                0x0000000008005280       0xfc build/dcd_dwc2.o
 .text.handle_rxflvl_irq
                0x000000000800537c      0x118 build/dcd_dwc2.o
 .text.handle_epin_irq
                0x0000000008005494      0x150 build/dcd_dwc2.o
 .text.dcd_edpt_open
                0x00000000080055e4      0x168 build/dcd_dwc2.o
                0x00000000080055e4                dcd_edpt_open
 .text.dcd_edpt_xfer
                0x000000000800574c       0x7c build/dcd_dwc2.o
                0x000000000800574c                dcd_edpt_xfer
 .text.dcd_int_handler
                0x00000000080057c8      0x1a4 build/dcd_dwc2.o
                0x00000000080057c8                dcd_int_handler
 .text.UART_SetConfig
                0x000000000800596c      0x328 build/stm32l4xx_hal_uart.o
                0x000000000800596c                UART_SetConfig
 .text.UART_AdvFeatureConfig
                0x0000000008005c94       0xca build/stm32l4xx_hal_uart.o
                0x0000000008005c94                UART_AdvFeatureConfig
 .text.UART_WaitOnFlagUntilTimeout
                0x0000000008005d5e       0xd4 build/stm32l4xx_hal_uart.o
                0x0000000008005d5e                UART_WaitOnFlagUntilTimeout
 .text.UART_CheckIdleState
                0x0000000008005e32       0x70 build/stm32l4xx_hal_uart.o
                0x0000000008005e32                UART_CheckIdleState
 .text.HAL_UART_Init
                0x0000000008005ea2       0x62 build/stm32l4xx_hal_uart.o
                0x0000000008005ea2                HAL_UART_Init
 .text.Reset_Handler
                0x0000000008005f04       0x50 build/startup_stm32l476xx.o
                0x0000000008005f04                Reset_Handler
 .text.Default_Handler
                0x0000000008005f54        0x2 build/startup_stm32l476xx.o
                0x0000000008005f54                RTC_Alarm_IRQHandler
                0x0000000008005f54                EXTI2_IRQHandler
                0x0000000008005f54                TIM8_TRG_COM_IRQHandler
                0x0000000008005f54                TIM8_CC_IRQHandler
                0x0000000008005f54                TIM1_CC_IRQHandler
                0x0000000008005f54                TSC_IRQHandler
                0x0000000008005f54                TAMP_STAMP_IRQHandler
                0x0000000008005f54                EXTI3_IRQHandler
                0x0000000008005f54                LPTIM2_IRQHandler
                0x0000000008005f54                DFSDM1_FLT1_IRQHandler
                0x0000000008005f54                I2C3_ER_IRQHandler
                0x0000000008005f54                DFSDM1_FLT2_IRQHandler
                0x0000000008005f54                EXTI0_IRQHandler
                0x0000000008005f54                I2C2_EV_IRQHandler
                0x0000000008005f54                CAN1_RX0_IRQHandler
                0x0000000008005f54                FPU_IRQHandler
                0x0000000008005f54                TIM1_UP_TIM16_IRQHandler
                0x0000000008005f54                ADC1_2_IRQHandler
                0x0000000008005f54                TIM6_DAC_IRQHandler
                0x0000000008005f54                TIM8_UP_IRQHandler
                0x0000000008005f54                DMA2_Channel2_IRQHandler
                0x0000000008005f54                SAI2_IRQHandler
                0x0000000008005f54                DFSDM1_FLT3_IRQHandler
                0x0000000008005f54                USART3_IRQHandler
                0x0000000008005f54                DMA1_Channel7_IRQHandler
                0x0000000008005f54                CAN1_RX1_IRQHandler
                0x0000000008005f54                LCD_IRQHandler
                0x0000000008005f54                UART5_IRQHandler
                0x0000000008005f54                ADC3_IRQHandler
                0x0000000008005f54                TIM4_IRQHandler
                0x0000000008005f54                DMA2_Channel1_IRQHandler
                0x0000000008005f54                QUADSPI_IRQHandler
                0x0000000008005f54                I2C1_EV_IRQHandler
                0x0000000008005f54                DMA1_Channel6_IRQHandler
                0x0000000008005f54                UART4_IRQHandler
                0x0000000008005f54                DMA2_Channel4_IRQHandler
                0x0000000008005f54                TIM3_IRQHandler
                0x0000000008005f54                RCC_IRQHandler
                0x0000000008005f54                DMA1_Channel1_IRQHandler
                0x0000000008005f54                Default_Handler
                0x0000000008005f54                DMA2_Channel7_IRQHandler
                0x0000000008005f54                EXTI15_10_IRQHandler
                0x0000000008005f54                TIM7_IRQHandler
                0x0000000008005f54                SDMMC1_IRQHandler
                0x0000000008005f54                TIM5_IRQHandler
                0x0000000008005f54                I2C3_EV_IRQHandler
                0x0000000008005f54                EXTI9_5_IRQHandler
                0x0000000008005f54                RTC_WKUP_IRQHandler
                0x0000000008005f54                PVD_PVM_IRQHandler
                0x0000000008005f54                CAN1_TX_IRQHandler
                0x0000000008005f54                DMA2_Channel5_IRQHandler
                0x0000000008005f54                DMA1_Channel5_IRQHandler
                0x0000000008005f54                EXTI4_IRQHandler
                0x0000000008005f54                RNG_IRQHandler
                0x0000000008005f54                TIM1_TRG_COM_TIM17_IRQHandler
                0x0000000008005f54                COMP_IRQHandler
                0x0000000008005f54                WWDG_IRQHandler
                0x0000000008005f54                LPUART1_IRQHandler
                0x0000000008005f54                DMA2_Channel6_IRQHandler
                0x0000000008005f54                TIM2_IRQHandler
                0x0000000008005f54                EXTI1_IRQHandler
                0x0000000008005f54                USART2_IRQHandler
                0x0000000008005f54                DFSDM1_FLT0_IRQHandler
                0x0000000008005f54                I2C2_ER_IRQHandler
                0x0000000008005f54                TIM8_BRK_IRQHandler
                0x0000000008005f54                CAN1_SCE_IRQHandler
                0x0000000008005f54                FLASH_IRQHandler
                0x0000000008005f54                USART1_IRQHandler
                0x0000000008005f54                SPI3_IRQHandler
                0x0000000008005f54                I2C1_ER_IRQHandler
                0x0000000008005f54                FMC_IRQHandler
                0x0000000008005f54                SWPMI1_IRQHandler
                0x0000000008005f54                LPTIM1_IRQHandler
                0x0000000008005f54                SAI1_IRQHandler
                0x0000000008005f54                DMA2_Channel3_IRQHandler
                0x0000000008005f54                TIM1_BRK_TIM15_IRQHandler
 *(.glue_7)
 .glue_7        0x0000000008005f56        0x0 linker stubs
 *(.glue_7t)
 .glue_7t       0x0000000008005f56        0x0 linker stubs
 *(.eh_frame)
 *fill*         0x0000000008005f56        0x2 
 .eh_frame      0x0000000008005f58        0x0 /usr/lib/gcc/arm-none-eabi/10.3.1/thumb/v7e-m+fp/hard/crtbegin.o
 *(.init)
 .init          0x0000000008005f58        0x4 /usr/lib/gcc/arm-none-eabi/10.3.1/thumb/v7e-m+fp/hard/crti.o
                0x0000000008005f58                _init
 .init          0x0000000008005f5c        0x8 /usr/lib/gcc/arm-none-eabi/10.3.1/thumb/v7e-m+fp/hard/crtn.o
 *(.fini)
 .fini          0x0000000008005f64        0x4 /usr/lib/gcc/arm-none-eabi/10.3.1/thumb/v7e-m+fp/hard/crti.o
                0x0000000008005f64                _fini
 .fini          0x0000000008005f68        0x8 /usr/lib/gcc/arm-none-eabi/10.3.1/thumb/v7e-m+fp/hard/crtn.o
                0x0000000008005f70                . = ALIGN (0x8)
                0x0000000008005f70                _etext = .

.vfp11_veneer   0x0000000008005f70        0x0
 .vfp11_veneer  0x0000000008005f70        0x0 linker stubs

.v4_bx          0x0000000008005f70        0x0
 .v4_bx         0x0000000008005f70        0x0 linker stubs

.iplt           0x0000000008005f70        0x0
 .iplt          0x0000000008005f70        0x0 /usr/lib/gcc/arm-none-eabi/10.3.1/thumb/v7e-m+fp/hard/crtbegin.o

.rodata         0x0000000008005f70       0x70
                0x0000000008005f70                . = ALIGN (0x8)
 *(.rodata)
 *(.rodata*)
 .rodata.AHBPrescTable
                0x0000000008005f70       0x10 build/system_stm32l4xx.o
                0x0000000008005f70                AHBPrescTable
 .rodata.APBPrescTable
                0x0000000008005f80        0x8 build/system_stm32l4xx.o
                0x0000000008005f80                APBPrescTable
 .rodata.MSIRangeTable
                0x0000000008005f88       0x30 build/system_stm32l4xx.o
                0x0000000008005f88                MSIRangeTable
 .rodata._usbd_driver
                0x0000000008005fb8       0x18 build/usbd.o
 .rodata._dwc2_controller
                0x0000000008005fd0       0x10 build/dcd_dwc2.o
                0x0000000008005fe0                . = ALIGN (0x8)

.ARM.extab      0x0000000008005fe0        0x0
                0x0000000008005fe0                . = ALIGN (0x8)
 *(.ARM.extab* .gnu.linkonce.armextab.*)
                0x0000000008005fe0                . = ALIGN (0x8)

.ARM            0x0000000008005fe0        0x8
                0x0000000008005fe0                . = ALIGN (0x8)
                0x0000000008005fe0                __exidx_start = .
 *(.ARM.exidx*)
 .ARM.exidx     0x0000000008005fe0        0x8 /usr/lib/gcc/arm-none-eabi/10.3.1/thumb/v7e-m+fp/hard/libgcc.a(_udivmoddi4.o)
                0x0000000008005fe8                __exidx_end = .
                0x0000000008005fe8                . = ALIGN (0x8)

.rel.dyn        0x0000000008005fe8        0x0
 .rel.iplt      0x0000000008005fe8        0x0 /usr/lib/gcc/arm-none-eabi/10.3.1/thumb/v7e-m+fp/hard/crtbegin.o

.preinit_array  0x0000000008005fe8        0x0
                0x0000000008005fe8                . = ALIGN (0x8)
                0x0000000008005fe8                PROVIDE (__preinit_array_start = .)
 *(.preinit_array*)
                0x0000000008005fe8                PROVIDE (__preinit_array_end = .)
                0x0000000008005fe8                . = ALIGN (0x8)

.init_array     0x0000000008005fe8        0x8
                0x0000000008005fe8                . = ALIGN (0x8)
                0x0000000008005fe8                PROVIDE (__init_array_start = .)
 *(SORT_BY_NAME(.init_array.*))
 *(.init_array*)
 .init_array    0x0000000008005fe8        0x4 /usr/lib/gcc/arm-none-eabi/10.3.1/thumb/v7e-m+fp/hard/crtbegin.o
                0x0000000008005fec                PROVIDE (__init_array_end = .)
                0x0000000008005ff0                . = ALIGN (0x8)
 *fill*         0x0000000008005fec        0x4 

.fini_array     0x0000000008005ff0        0x8
                0x0000000008005ff0                . = ALIGN (0x8)
                0x0000000008005ff0                PROVIDE (__fini_array_start = .)
 *(SORT_BY_NAME(.fini_array.*))
 *(.fini_array*)
 .fini_array    0x0000000008005ff0        0x4 /usr/lib/gcc/arm-none-eabi/10.3.1/thumb/v7e-m+fp/hard/crtbegin.o
                0x0000000008005ff4                PROVIDE (__fini_array_end = .)
                0x0000000008005ff8                . = ALIGN (0x8)
 *fill*         0x0000000008005ff4        0x4 
                0x0000000008005ff8                _sidata = LOADADDR (.data)

.data           0x0000000020000000       0x10 load address 0x0000000008005ff8
                0x0000000020000000                . = ALIGN (0x8)
                0x0000000020000000                _sdata = .
 *(.data)
 *(.data*)
 .data.uwTickFreq
                0x0000000020000000        0x1 build/stm32l4xx_hal.o
                0x0000000020000000                uwTickFreq
 *fill*         0x0000000020000001        0x3 
 .data.uwTickPrio
                0x0000000020000004        0x4 build/stm32l4xx_hal.o
                0x0000000020000004                uwTickPrio
 .data.SystemCoreClock
                0x0000000020000008        0x4 build/system_stm32l4xx.o
                0x0000000020000008                SystemCoreClock
 .data._usbd_rhport
                0x000000002000000c        0x1 build/usbd.o
                0x0000000020000010                . = ALIGN (0x8)
 *fill*         0x000000002000000d        0x3 
                0x0000000020000010                _edata = .

.tm_clone_table
                0x0000000020000010        0x0 load address 0x0000000008006008
 .tm_clone_table
                0x0000000020000010        0x0 /usr/lib/gcc/arm-none-eabi/10.3.1/thumb/v7e-m+fp/hard/crtbegin.o
 .tm_clone_table
                0x0000000020000010        0x0 /usr/lib/gcc/arm-none-eabi/10.3.1/thumb/v7e-m+fp/hard/crtend.o

.igot.plt       0x0000000020000010        0x0 load address 0x0000000008006008
 .igot.plt      0x0000000020000010        0x0 /usr/lib/gcc/arm-none-eabi/10.3.1/thumb/v7e-m+fp/hard/crtbegin.o
                0x0000000020000010                . = ALIGN (0x4)

.bss            0x0000000020000010      0x9e8 load address 0x0000000008006008
                0x0000000020000010                _sbss = .
                0x0000000020000010                __bss_start__ = _sbss
 *(.bss)
 .bss           0x0000000020000010       0x1c /usr/lib/gcc/arm-none-eabi/10.3.1/thumb/v7e-m+fp/hard/crtbegin.o
 *(.bss*)
 .bss.I2C_TX_Buffer
                0x000000002000002c        0x2 build/main.o
                0x000000002000002c                I2C_TX_Buffer
 *fill*         0x000000002000002e        0x2 
 .bss.SPI_RX_Buffer
                0x0000000020000030        0x3 build/main.o
                0x0000000020000030                SPI_RX_Buffer
 *fill*         0x0000000020000033        0x1 
 .bss.SPI_TX_Buffer
                0x0000000020000034        0x3 build/main.o
                0x0000000020000034                SPI_TX_Buffer
 *fill*         0x0000000020000037        0x1 
 .bss.adc_val   0x0000000020000038        0x4 build/main.o
                0x0000000020000038                adc_val
 .bss.hdma_spi1_rx
                0x000000002000003c       0x48 build/main.o
                0x000000002000003c                hdma_spi1_rx
 .bss.hdma_spi1_tx
                0x0000000020000084       0x48 build/main.o
                0x0000000020000084                hdma_spi1_tx
 .bss.hdma_spi2_rx
                0x00000000200000cc       0x48 build/main.o
                0x00000000200000cc                hdma_spi2_rx
 .bss.hi2c1     0x0000000020000114       0x54 build/main.o
                0x0000000020000114                hi2c1
 .bss.hpcd_USB_OTG_FS
                0x0000000020000168      0x50c build/main.o
                0x0000000020000168                hpcd_USB_OTG_FS
 .bss.hspi1     0x0000000020000674       0x64 build/main.o
                0x0000000020000674                hspi1
 .bss.hspi2     0x00000000200006d8       0x64 build/main.o
                0x00000000200006d8                hspi2
 .bss.huart2    0x000000002000073c       0x84 build/main.o
                0x000000002000073c                huart2
 .bss.uwTick    0x00000000200007c0        0x4 build/stm32l4xx_hal.o
                0x00000000200007c0                uwTick
 .bss._app_driver
                0x00000000200007c4        0x4 build/usbd.o
 .bss._app_driver_count
                0x00000000200007c8        0x1 build/usbd.o
 *fill*         0x00000000200007c9        0x3 
 .bss._usbd_dev
                0x00000000200007cc       0x2b build/usbd.o
 *fill*         0x00000000200007f7        0x1 
 .bss._usbd_q   0x00000000200007f8        0x4 build/usbd.o
 .bss._midid_itf
                0x00000000200007fc      0x128 build/midi_device.o
                0x00000000200007fc                _midid_itf
 .bss._allocated_fifo_words_tx
                0x0000000020000924        0x2 build/dcd_dwc2.o
 .bss._out_ep_closed
                0x0000000020000926        0x1 build/dcd_dwc2.o
 *fill*         0x0000000020000927        0x1 
 .bss._setup_packet
                0x0000000020000928        0x8 build/dcd_dwc2.o
 .bss._sof_en   0x0000000020000930        0x1 build/dcd_dwc2.o
 *fill*         0x0000000020000931        0x3 
 .bss.ep0_pending
                0x0000000020000934        0x4 build/dcd_dwc2.o
 .bss.xfer_status
                0x0000000020000938       0xc0 build/dcd_dwc2.o
 *(COMMON)
                0x00000000200009f8                . = ALIGN (0x4)
                0x00000000200009f8                _ebss = .
                0x00000000200009f8                __bss_end__ = _ebss

._user_heap_stack
                0x00000000200009f8      0x600 load address 0x0000000008006008
                0x00000000200009f8                . = ALIGN (0x8)
                [!provide]                        PROVIDE (end = .)
                [!provide]                        PROVIDE (_end = .)
                0x0000000020000bf8                . = (. + _Min_Heap_Size)
 *fill*         0x00000000200009f8      0x200 
                0x0000000020000ff8                . = (. + _Min_Stack_Size)
 *fill*         0x0000000020000bf8      0x400 
                0x0000000020000ff8                . = ALIGN (0x8)

/DISCARD/
 libc.a(*)
 libm.a(*)
 libgcc.a(*)

.ARM.attributes
                0x0000000000000000       0x30
 *(.ARM.attributes)
 .ARM.attributes
                0x0000000000000000       0x1e /usr/lib/gcc/arm-none-eabi/10.3.1/thumb/v7e-m+fp/hard/crti.o
 .ARM.attributes
                0x000000000000001e       0x34 /usr/lib/gcc/arm-none-eabi/10.3.1/thumb/v7e-m+fp/hard/crtbegin.o
 .ARM.attributes
                0x0000000000000052       0x34 build/main.o
 .ARM.attributes
                0x0000000000000086       0x34 build/stm32l4xx_it.o
 .ARM.attributes
                0x00000000000000ba       0x34 build/stm32l4xx_hal_msp.o
 .ARM.attributes
                0x00000000000000ee       0x34 build/stm32l4xx_hal_i2c.o
 .ARM.attributes
                0x0000000000000122       0x34 build/stm32l4xx_hal_i2c_ex.o
 .ARM.attributes
                0x0000000000000156       0x34 build/stm32l4xx_hal.o
 .ARM.attributes
                0x000000000000018a       0x34 build/stm32l4xx_hal_rcc.o
 .ARM.attributes
                0x00000000000001be       0x34 build/stm32l4xx_hal_rcc_ex.o
 .ARM.attributes
                0x00000000000001f2       0x34 build/stm32l4xx_hal_gpio.o
 .ARM.attributes
                0x0000000000000226       0x34 build/stm32l4xx_hal_dma.o
 .ARM.attributes
                0x000000000000025a       0x34 build/stm32l4xx_hal_pwr_ex.o
 .ARM.attributes
                0x000000000000028e       0x34 build/stm32l4xx_hal_cortex.o
 .ARM.attributes
                0x00000000000002c2       0x34 build/stm32l4xx_hal_spi.o
 .ARM.attributes
                0x00000000000002f6       0x34 build/stm32l4xx_hal_pcd.o
 .ARM.attributes
                0x000000000000032a       0x34 build/stm32l4xx_hal_pcd_ex.o
 .ARM.attributes
                0x000000000000035e       0x34 build/stm32l4xx_ll_usb.o
 .ARM.attributes
                0x0000000000000392       0x34 build/system_stm32l4xx.o
 .ARM.attributes
                0x00000000000003c6       0x34 build/tusb.o
 .ARM.attributes
                0x00000000000003fa       0x34 build/tusb_fifo.o
 .ARM.attributes
                0x000000000000042e       0x34 build/usbd.o
 .ARM.attributes
                0x0000000000000462       0x34 build/midi_device.o
 .ARM.attributes
                0x0000000000000496       0x34 build/dcd_dwc2.o
 .ARM.attributes
                0x00000000000004ca       0x34 build/stm32l4xx_hal_uart.o
 .ARM.attributes
                0x00000000000004fe       0x21 build/startup_stm32l476xx.o
 .ARM.attributes
                0x000000000000051f       0x34 /usr/lib/gcc/arm-none-eabi/10.3.1/../../../arm-none-eabi/lib/thumb/v7e-m+fp/hard/libc_nano.a(lib_a-init.o)
 .ARM.attributes
                0x0000000000000553       0x1c /usr/lib/gcc/arm-none-eabi/10.3.1/../../../arm-none-eabi/lib/thumb/v7e-m+fp/hard/libc_nano.a(lib_a-memcpy.o)
 .ARM.attributes
                0x000000000000056f       0x34 /usr/lib/gcc/arm-none-eabi/10.3.1/../../../arm-none-eabi/lib/thumb/v7e-m+fp/hard/libc_nano.a(lib_a-memset.o)
 .ARM.attributes
                0x00000000000005a3       0x1e /usr/lib/gcc/arm-none-eabi/10.3.1/thumb/v7e-m+fp/hard/libgcc.a(_aeabi_uldivmod.o)
 .ARM.attributes
                0x00000000000005c1       0x34 /usr/lib/gcc/arm-none-eabi/10.3.1/thumb/v7e-m+fp/hard/libgcc.a(_udivmoddi4.o)
 .ARM.attributes
                0x00000000000005f5       0x1e /usr/lib/gcc/arm-none-eabi/10.3.1/thumb/v7e-m+fp/hard/libgcc.a(_dvmd_tls.o)
 .ARM.attributes
                0x0000000000000613       0x32 /usr/lib/gcc/arm-none-eabi/10.3.1/thumb/v7e-m+fp/hard/crtend.o
 .ARM.attributes
                0x0000000000000645       0x1e /usr/lib/gcc/arm-none-eabi/10.3.1/thumb/v7e-m+fp/hard/crtn.o
OUTPUT(build/DISCO_MIDI.elf elf32-littlearm)
LOAD linker stubs
LOAD /usr/lib/gcc/arm-none-eabi/10.3.1/../../../arm-none-eabi/lib/thumb/v7e-m+fp/hard/libc.a
LOAD /usr/lib/gcc/arm-none-eabi/10.3.1/../../../arm-none-eabi/lib/thumb/v7e-m+fp/hard/libm.a
LOAD /usr/lib/gcc/arm-none-eabi/10.3.1/thumb/v7e-m+fp/hard/libgcc.a

.comment        0x0000000000000000       0x33
 .comment       0x0000000000000000       0x33 /usr/lib/gcc/arm-none-eabi/10.3.1/thumb/v7e-m+fp/hard/crtbegin.o
                                         0x34 (size before relaxing)
 .comment       0x0000000000000033       0x34 build/main.o
 .comment       0x0000000000000033       0x34 build/stm32l4xx_it.o
 .comment       0x0000000000000033       0x34 build/stm32l4xx_hal_msp.o
 .comment       0x0000000000000033       0x34 build/stm32l4xx_hal_i2c.o
 .comment       0x0000000000000033       0x34 build/stm32l4xx_hal_i2c_ex.o
 .comment       0x0000000000000033       0x34 build/stm32l4xx_hal.o
 .comment       0x0000000000000033       0x34 build/stm32l4xx_hal_rcc.o
 .comment       0x0000000000000033       0x34 build/stm32l4xx_hal_rcc_ex.o
 .comment       0x0000000000000033       0x34 build/stm32l4xx_hal_gpio.o
 .comment       0x0000000000000033       0x34 build/stm32l4xx_hal_dma.o
 .comment       0x0000000000000033       0x34 build/stm32l4xx_hal_pwr_ex.o
 .comment       0x0000000000000033       0x34 build/stm32l4xx_hal_cortex.o
 .comment       0x0000000000000033       0x34 build/stm32l4xx_hal_spi.o
 .comment       0x0000000000000033       0x34 build/stm32l4xx_hal_pcd.o
 .comment       0x0000000000000033       0x34 build/stm32l4xx_hal_pcd_ex.o
 .comment       0x0000000000000033       0x34 build/stm32l4xx_ll_usb.o
 .comment       0x0000000000000033       0x34 build/system_stm32l4xx.o
 .comment       0x0000000000000033       0x34 build/tusb.o
 .comment       0x0000000000000033       0x34 build/tusb_fifo.o
 .comment       0x0000000000000033       0x34 build/usbd.o
 .comment       0x0000000000000033       0x34 build/midi_device.o
 .comment       0x0000000000000033       0x34 build/dcd_dwc2.o
 .comment       0x0000000000000033       0x34 build/stm32l4xx_hal_uart.o
 .comment       0x0000000000000033       0x34 /usr/lib/gcc/arm-none-eabi/10.3.1/../../../arm-none-eabi/lib/thumb/v7e-m+fp/hard/libc_nano.a(lib_a-init.o)
 .comment       0x0000000000000033       0x34 /usr/lib/gcc/arm-none-eabi/10.3.1/../../../arm-none-eabi/lib/thumb/v7e-m+fp/hard/libc_nano.a(lib_a-memset.o)
 .comment       0x0000000000000033       0x34 /usr/lib/gcc/arm-none-eabi/10.3.1/thumb/v7e-m+fp/hard/libgcc.a(_udivmoddi4.o)
 .comment       0x0000000000000033       0x34 /usr/lib/gcc/arm-none-eabi/10.3.1/thumb/v7e-m+fp/hard/crtend.o

.debug_info     0x0000000000000000    0x290b9
 .debug_info    0x0000000000000000     0x28ae build/main.o
 .debug_info    0x00000000000028ae      0xdf1 build/stm32l4xx_it.o
 .debug_info    0x000000000000369f     0x22c8 build/stm32l4xx_hal_msp.o
 .debug_info    0x0000000000005967     0x437a build/stm32l4xx_hal_i2c.o
 .debug_info    0x0000000000009ce1      0xb3a build/stm32l4xx_hal_i2c_ex.o
 .debug_info    0x000000000000a81b      0xe1a build/stm32l4xx_hal.o
 .debug_info    0x000000000000b635     0x1068 build/stm32l4xx_hal_rcc.o
 .debug_info    0x000000000000c69d     0x13bd build/stm32l4xx_hal_rcc_ex.o
 .debug_info    0x000000000000da5a      0x903 build/stm32l4xx_hal_gpio.o
 .debug_info    0x000000000000e35d      0x8de build/stm32l4xx_hal_dma.o
 .debug_info    0x000000000000ec3b      0xbb4 build/stm32l4xx_hal_pwr_ex.o
 .debug_info    0x000000000000f7ef     0x1156 build/stm32l4xx_hal_cortex.o
 .debug_info    0x0000000000010945     0x22eb build/stm32l4xx_hal_spi.o
 .debug_info    0x0000000000012c30     0x1c33 build/stm32l4xx_hal_pcd.o
 .debug_info    0x0000000000014863      0xae0 build/stm32l4xx_hal_pcd_ex.o
 .debug_info    0x0000000000015343     0x211c build/stm32l4xx_ll_usb.o
 .debug_info    0x000000000001745f      0x659 build/system_stm32l4xx.o
 .debug_info    0x0000000000017ab8     0x138d build/tusb.o
 .debug_info    0x0000000000018e45     0x1cff build/tusb_fifo.o
 .debug_info    0x000000000001ab44     0x3947 build/usbd.o
 .debug_info    0x000000000001e48b     0x1742 build/midi_device.o
 .debug_info    0x000000000001fbcd     0x3743 build/dcd_dwc2.o
 .debug_info    0x0000000000023310     0x53ad build/stm32l4xx_hal_uart.o
 .debug_info    0x00000000000286bd       0x22 build/startup_stm32l476xx.o
 .debug_info    0x00000000000286df      0x11a /usr/lib/gcc/arm-none-eabi/10.3.1/../../../arm-none-eabi/lib/thumb/v7e-m+fp/hard/libc_nano.a(lib_a-init.o)
 .debug_info    0x00000000000287f9       0x26 /usr/lib/gcc/arm-none-eabi/10.3.1/../../../arm-none-eabi/lib/thumb/v7e-m+fp/hard/libc_nano.a(lib_a-memcpy.o)
 .debug_info    0x000000000002881f      0x137 /usr/lib/gcc/arm-none-eabi/10.3.1/../../../arm-none-eabi/lib/thumb/v7e-m+fp/hard/libc_nano.a(lib_a-memset.o)
 .debug_info    0x0000000000028956       0x26 /usr/lib/gcc/arm-none-eabi/10.3.1/thumb/v7e-m+fp/hard/libgcc.a(_aeabi_uldivmod.o)
 .debug_info    0x000000000002897c      0x717 /usr/lib/gcc/arm-none-eabi/10.3.1/thumb/v7e-m+fp/hard/libgcc.a(_udivmoddi4.o)
 .debug_info    0x0000000000029093       0x26 /usr/lib/gcc/arm-none-eabi/10.3.1/thumb/v7e-m+fp/hard/libgcc.a(_dvmd_tls.o)

.debug_abbrev   0x0000000000000000     0x470b
 .debug_abbrev  0x0000000000000000      0x366 build/main.o
 .debug_abbrev  0x0000000000000366      0x1e1 build/stm32l4xx_it.o
 .debug_abbrev  0x0000000000000547      0x25d build/stm32l4xx_hal_msp.o
 .debug_abbrev  0x00000000000007a4      0x2a9 build/stm32l4xx_hal_i2c.o
 .debug_abbrev  0x0000000000000a4d      0x1b5 build/stm32l4xx_hal_i2c_ex.o
 .debug_abbrev  0x0000000000000c02      0x249 build/stm32l4xx_hal.o
 .debug_abbrev  0x0000000000000e4b      0x28e build/stm32l4xx_hal_rcc.o
 .debug_abbrev  0x00000000000010d9      0x2b0 build/stm32l4xx_hal_rcc_ex.o
 .debug_abbrev  0x0000000000001389      0x222 build/stm32l4xx_hal_gpio.o
 .debug_abbrev  0x00000000000015ab      0x23b build/stm32l4xx_hal_dma.o
 .debug_abbrev  0x00000000000017e6      0x234 build/stm32l4xx_hal_pwr_ex.o
 .debug_abbrev  0x0000000000001a1a      0x382 build/stm32l4xx_hal_cortex.o
 .debug_abbrev  0x0000000000001d9c      0x278 build/stm32l4xx_hal_spi.o
 .debug_abbrev  0x0000000000002014      0x2c2 build/stm32l4xx_hal_pcd.o
 .debug_abbrev  0x00000000000022d6      0x26c build/stm32l4xx_hal_pcd_ex.o
 .debug_abbrev  0x0000000000002542      0x2f9 build/stm32l4xx_ll_usb.o
 .debug_abbrev  0x000000000000283b      0x11b build/system_stm32l4xx.o
 .debug_abbrev  0x0000000000002956      0x41a build/tusb.o
 .debug_abbrev  0x0000000000002d70      0x444 build/tusb_fifo.o
 .debug_abbrev  0x00000000000031b4      0x51c build/usbd.o
 .debug_abbrev  0x00000000000036d0      0x454 build/midi_device.o
 .debug_abbrev  0x0000000000003b24      0x5a0 build/dcd_dwc2.o
 .debug_abbrev  0x00000000000040c4      0x316 build/stm32l4xx_hal_uart.o
 .debug_abbrev  0x00000000000043da       0x12 build/startup_stm32l476xx.o
 .debug_abbrev  0x00000000000043ec       0xcc /usr/lib/gcc/arm-none-eabi/10.3.1/../../../arm-none-eabi/lib/thumb/v7e-m+fp/hard/libc_nano.a(lib_a-init.o)
 .debug_abbrev  0x00000000000044b8       0x14 /usr/lib/gcc/arm-none-eabi/10.3.1/../../../arm-none-eabi/lib/thumb/v7e-m+fp/hard/libc_nano.a(lib_a-memcpy.o)
 .debug_abbrev  0x00000000000044cc       0xb4 /usr/lib/gcc/arm-none-eabi/10.3.1/../../../arm-none-eabi/lib/thumb/v7e-m+fp/hard/libc_nano.a(lib_a-memset.o)
 .debug_abbrev  0x0000000000004580       0x14 /usr/lib/gcc/arm-none-eabi/10.3.1/thumb/v7e-m+fp/hard/libgcc.a(_aeabi_uldivmod.o)
 .debug_abbrev  0x0000000000004594      0x163 /usr/lib/gcc/arm-none-eabi/10.3.1/thumb/v7e-m+fp/hard/libgcc.a(_udivmoddi4.o)
 .debug_abbrev  0x00000000000046f7       0x14 /usr/lib/gcc/arm-none-eabi/10.3.1/thumb/v7e-m+fp/hard/libgcc.a(_dvmd_tls.o)

.debug_loc      0x0000000000000000    0x21141
 .debug_loc     0x0000000000000000      0x30b build/main.o
 .debug_loc     0x000000000000030b       0xe0 build/stm32l4xx_it.o
 .debug_loc     0x00000000000003eb      0x408 build/stm32l4xx_hal_msp.o
 .debug_loc     0x00000000000007f3     0x576a build/stm32l4xx_hal_i2c.o
 .debug_loc     0x0000000000005f5d      0x25a build/stm32l4xx_hal_i2c_ex.o
 .debug_loc     0x00000000000061b7      0x2af build/stm32l4xx_hal.o
 .debug_loc     0x0000000000006466      0x9ac build/stm32l4xx_hal_rcc.o
 .debug_loc     0x0000000000006e12     0x1cf1 build/stm32l4xx_hal_rcc_ex.o
 .debug_loc     0x0000000000008b03      0x496 build/stm32l4xx_hal_gpio.o
 .debug_loc     0x0000000000008f99      0x94e build/stm32l4xx_hal_dma.o
 .debug_loc     0x00000000000098e7      0xb66 build/stm32l4xx_hal_pwr_ex.o
 .debug_loc     0x000000000000a44d      0x7a4 build/stm32l4xx_hal_cortex.o
 .debug_loc     0x000000000000abf1     0x279d build/stm32l4xx_hal_spi.o
 .debug_loc     0x000000000000d38e     0x15f8 build/stm32l4xx_hal_pcd.o
 .debug_loc     0x000000000000e986      0x28e build/stm32l4xx_hal_pcd_ex.o
 .debug_loc     0x000000000000ec14     0x275f build/stm32l4xx_ll_usb.o
 .debug_loc     0x0000000000011373      0x127 build/system_stm32l4xx.o
 .debug_loc     0x000000000001149a      0xc7c build/tusb.o
 .debug_loc     0x0000000000012116     0x2718 build/tusb_fifo.o
 .debug_loc     0x000000000001482e     0x27bc build/usbd.o
 .debug_loc     0x0000000000016fea     0x1549 build/midi_device.o
 .debug_loc     0x0000000000018533     0x262a build/dcd_dwc2.o
 .debug_loc     0x000000000001ab5d     0x52ef build/stm32l4xx_hal_uart.o
 .debug_loc     0x000000000001fe4c       0xba /usr/lib/gcc/arm-none-eabi/10.3.1/../../../arm-none-eabi/lib/thumb/v7e-m+fp/hard/libc_nano.a(lib_a-init.o)
 .debug_loc     0x000000000001ff06      0x22c /usr/lib/gcc/arm-none-eabi/10.3.1/../../../arm-none-eabi/lib/thumb/v7e-m+fp/hard/libc_nano.a(lib_a-memset.o)
 .debug_loc     0x0000000000020132     0x100f /usr/lib/gcc/arm-none-eabi/10.3.1/thumb/v7e-m+fp/hard/libgcc.a(_udivmoddi4.o)

.debug_aranges  0x0000000000000000     0x1660
 .debug_aranges
                0x0000000000000000       0x90 build/main.o
 .debug_aranges
                0x0000000000000090       0x90 build/stm32l4xx_it.o
 .debug_aranges
                0x0000000000000120       0x60 build/stm32l4xx_hal_msp.o
 .debug_aranges
                0x0000000000000180      0x2a0 build/stm32l4xx_hal_i2c.o
 .debug_aranges
                0x0000000000000420       0x48 build/stm32l4xx_hal_i2c_ex.o
 .debug_aranges
                0x0000000000000468      0x130 build/stm32l4xx_hal.o
 .debug_aranges
                0x0000000000000598       0x90 build/stm32l4xx_hal_rcc.o
 .debug_aranges
                0x0000000000000628       0xc0 build/stm32l4xx_hal_rcc_ex.o
 .debug_aranges
                0x00000000000006e8       0x58 build/stm32l4xx_hal_gpio.o
 .debug_aranges
                0x0000000000000740       0x80 build/stm32l4xx_hal_dma.o
 .debug_aranges
                0x00000000000007c0      0x160 build/stm32l4xx_hal_pwr_ex.o
 .debug_aranges
                0x0000000000000920       0xa8 build/stm32l4xx_hal_cortex.o
 .debug_aranges
                0x00000000000009c8      0x1d8 build/stm32l4xx_hal_spi.o
 .debug_aranges
                0x0000000000000ba0      0x138 build/stm32l4xx_hal_pcd.o
 .debug_aranges
                0x0000000000000cd8       0x60 build/stm32l4xx_hal_pcd_ex.o
 .debug_aranges
                0x0000000000000d38      0x1a0 build/stm32l4xx_ll_usb.o
 .debug_aranges
                0x0000000000000ed8       0x28 build/system_stm32l4xx.o
 .debug_aranges
                0x0000000000000f00       0x98 build/tusb.o
 .debug_aranges
                0x0000000000000f98      0x108 build/tusb_fifo.o
 .debug_aranges
                0x00000000000010a0      0x128 build/usbd.o
 .debug_aranges
                0x00000000000011c8       0x80 build/midi_device.o
 .debug_aranges
                0x0000000000001248      0x108 build/dcd_dwc2.o
 .debug_aranges
                0x0000000000001350      0x228 build/stm32l4xx_hal_uart.o
 .debug_aranges
                0x0000000000001578       0x28 build/startup_stm32l476xx.o
 .debug_aranges
                0x00000000000015a0       0x20 /usr/lib/gcc/arm-none-eabi/10.3.1/../../../arm-none-eabi/lib/thumb/v7e-m+fp/hard/libc_nano.a(lib_a-init.o)
 .debug_aranges
                0x00000000000015c0       0x20 /usr/lib/gcc/arm-none-eabi/10.3.1/../../../arm-none-eabi/lib/thumb/v7e-m+fp/hard/libc_nano.a(lib_a-memcpy.o)
 .debug_aranges
                0x00000000000015e0       0x20 /usr/lib/gcc/arm-none-eabi/10.3.1/../../../arm-none-eabi/lib/thumb/v7e-m+fp/hard/libc_nano.a(lib_a-memset.o)
 .debug_aranges
                0x0000000000001600       0x20 /usr/lib/gcc/arm-none-eabi/10.3.1/thumb/v7e-m+fp/hard/libgcc.a(_aeabi_uldivmod.o)
 .debug_aranges
                0x0000000000001620       0x20 /usr/lib/gcc/arm-none-eabi/10.3.1/thumb/v7e-m+fp/hard/libgcc.a(_udivmoddi4.o)
 .debug_aranges
                0x0000000000001640       0x20 /usr/lib/gcc/arm-none-eabi/10.3.1/thumb/v7e-m+fp/hard/libgcc.a(_dvmd_tls.o)

.debug_ranges   0x0000000000000000     0x1e68
 .debug_ranges  0x0000000000000000       0x80 build/main.o
 .debug_ranges  0x0000000000000080       0x80 build/stm32l4xx_it.o
 .debug_ranges  0x0000000000000100       0x50 build/stm32l4xx_hal_msp.o
 .debug_ranges  0x0000000000000150      0x290 build/stm32l4xx_hal_i2c.o
 .debug_ranges  0x00000000000003e0       0x38 build/stm32l4xx_hal_i2c_ex.o
 .debug_ranges  0x0000000000000418      0x120 build/stm32l4xx_hal.o
 .debug_ranges  0x0000000000000538       0x98 build/stm32l4xx_hal_rcc.o
 .debug_ranges  0x00000000000005d0       0xc8 build/stm32l4xx_hal_rcc_ex.o
 .debug_ranges  0x0000000000000698       0x48 build/stm32l4xx_hal_gpio.o
 .debug_ranges  0x00000000000006e0       0x70 build/stm32l4xx_hal_dma.o
 .debug_ranges  0x0000000000000750      0x150 build/stm32l4xx_hal_pwr_ex.o
 .debug_ranges  0x00000000000008a0       0xf8 build/stm32l4xx_hal_cortex.o
 .debug_ranges  0x0000000000000998      0x1c8 build/stm32l4xx_hal_spi.o
 .debug_ranges  0x0000000000000b60      0x128 build/stm32l4xx_hal_pcd.o
 .debug_ranges  0x0000000000000c88       0x50 build/stm32l4xx_hal_pcd_ex.o
 .debug_ranges  0x0000000000000cd8      0x190 build/stm32l4xx_ll_usb.o
 .debug_ranges  0x0000000000000e68       0x18 build/system_stm32l4xx.o
 .debug_ranges  0x0000000000000e80      0x1a8 build/tusb.o
 .debug_ranges  0x0000000000001028      0x340 build/tusb_fifo.o
 .debug_ranges  0x0000000000001368      0x3e0 build/usbd.o
 .debug_ranges  0x0000000000001748      0x148 build/midi_device.o
 .debug_ranges  0x0000000000001890      0x2a0 build/dcd_dwc2.o
 .debug_ranges  0x0000000000001b30      0x230 build/stm32l4xx_hal_uart.o
 .debug_ranges  0x0000000000001d60       0x20 build/startup_stm32l476xx.o
 .debug_ranges  0x0000000000001d80       0xe8 /usr/lib/gcc/arm-none-eabi/10.3.1/thumb/v7e-m+fp/hard/libgcc.a(_udivmoddi4.o)

.debug_line     0x0000000000000000    0x1cce0
 .debug_line    0x0000000000000000      0xbe7 build/main.o
 .debug_line    0x0000000000000be7      0x30e build/stm32l4xx_it.o
 .debug_line    0x0000000000000ef5      0x6ca build/stm32l4xx_hal_msp.o
 .debug_line    0x00000000000015bf     0x4cca build/stm32l4xx_hal_i2c.o
 .debug_line    0x0000000000006289      0x42c build/stm32l4xx_hal_i2c_ex.o
 .debug_line    0x00000000000066b5      0x60a build/stm32l4xx_hal.o
 .debug_line    0x0000000000006cbf      0xe67 build/stm32l4xx_hal_rcc.o
 .debug_line    0x0000000000007b26     0x149a build/stm32l4xx_hal_rcc_ex.o
 .debug_line    0x0000000000008fc0      0x63d build/stm32l4xx_hal_gpio.o
 .debug_line    0x00000000000095fd      0x994 build/stm32l4xx_hal_dma.o
 .debug_line    0x0000000000009f91      0xa4d build/stm32l4xx_hal_pwr_ex.o
 .debug_line    0x000000000000a9de      0x6e4 build/stm32l4xx_hal_cortex.o
 .debug_line    0x000000000000b0c2     0x287d build/stm32l4xx_hal_spi.o
 .debug_line    0x000000000000d93f     0x133d build/stm32l4xx_hal_pcd.o
 .debug_line    0x000000000000ec7c      0x406 build/stm32l4xx_hal_pcd_ex.o
 .debug_line    0x000000000000f082     0x1b3a build/stm32l4xx_ll_usb.o
 .debug_line    0x0000000000010bbc      0x209 build/system_stm32l4xx.o
 .debug_line    0x0000000000010dc5      0xabe build/tusb.o
 .debug_line    0x0000000000011883      0xedb build/tusb_fifo.o
 .debug_line    0x000000000001275e     0x2038 build/usbd.o
 .debug_line    0x0000000000014796      0xd4a build/midi_device.o
 .debug_line    0x00000000000154e0     0x1b8b build/dcd_dwc2.o
 .debug_line    0x000000000001706b     0x51dc build/stm32l4xx_hal_uart.o
 .debug_line    0x000000000001c247       0x76 build/startup_stm32l476xx.o
 .debug_line    0x000000000001c2bd      0x138 /usr/lib/gcc/arm-none-eabi/10.3.1/../../../arm-none-eabi/lib/thumb/v7e-m+fp/hard/libc_nano.a(lib_a-init.o)
 .debug_line    0x000000000001c3f5       0xbe /usr/lib/gcc/arm-none-eabi/10.3.1/../../../arm-none-eabi/lib/thumb/v7e-m+fp/hard/libc_nano.a(lib_a-memcpy.o)
 .debug_line    0x000000000001c4b3      0x1bf /usr/lib/gcc/arm-none-eabi/10.3.1/../../../arm-none-eabi/lib/thumb/v7e-m+fp/hard/libc_nano.a(lib_a-memset.o)
 .debug_line    0x000000000001c672       0x60 /usr/lib/gcc/arm-none-eabi/10.3.1/thumb/v7e-m+fp/hard/libgcc.a(_aeabi_uldivmod.o)
 .debug_line    0x000000000001c6d2      0x5ae /usr/lib/gcc/arm-none-eabi/10.3.1/thumb/v7e-m+fp/hard/libgcc.a(_udivmoddi4.o)
 .debug_line    0x000000000001cc80       0x60 /usr/lib/gcc/arm-none-eabi/10.3.1/thumb/v7e-m+fp/hard/libgcc.a(_dvmd_tls.o)

.debug_str      0x0000000000000000     0x8a8c
 .debug_str     0x0000000000000000     0x1867 build/main.o
                                       0x19ad (size before relaxing)
 .debug_str     0x0000000000001867      0x17a build/stm32l4xx_it.o
                                        0xabd (size before relaxing)
 .debug_str     0x00000000000019e1      0x3d5 build/stm32l4xx_hal_msp.o
                                       0x1879 (size before relaxing)
 .debug_str     0x0000000000001db6      0x8b7 build/stm32l4xx_hal_i2c.o
                                        0xfad (size before relaxing)
 .debug_str     0x000000000000266d       0xe8 build/stm32l4xx_hal_i2c_ex.o
                                        0x8e1 (size before relaxing)
 .debug_str     0x0000000000002755      0x4b5 build/stm32l4xx_hal.o
                                        0xd40 (size before relaxing)
 .debug_str     0x0000000000002c0a      0x296 build/stm32l4xx_hal_rcc.o
                                        0x86d (size before relaxing)
 .debug_str     0x0000000000002ea0      0x33b build/stm32l4xx_hal_rcc_ex.o
                                        0xa96 (size before relaxing)
 .debug_str     0x00000000000031db       0xd5 build/stm32l4xx_hal_gpio.o
                                        0x51b (size before relaxing)
 .debug_str     0x00000000000032b0      0x202 build/stm32l4xx_hal_dma.o
                                        0x629 (size before relaxing)
 .debug_str     0x00000000000034b2      0x508 build/stm32l4xx_hal_pwr_ex.o
                                        0x82b (size before relaxing)
 .debug_str     0x00000000000039ba      0x415 build/stm32l4xx_hal_cortex.o
                                        0xbf2 (size before relaxing)
 .debug_str     0x0000000000003dcf      0x51f build/stm32l4xx_hal_spi.o
                                        0xbb2 (size before relaxing)
 .debug_str     0x00000000000042ee      0x795 build/stm32l4xx_hal_pcd.o
                                        0xdae (size before relaxing)
 .debug_str     0x0000000000004a83      0x1a7 build/stm32l4xx_hal_pcd_ex.o
                                        0x7dc (size before relaxing)
 .debug_str     0x0000000000004c2a      0x451 build/stm32l4xx_ll_usb.o
                                        0xcc3 (size before relaxing)
 .debug_str     0x000000000000507b       0x3d build/system_stm32l4xx.o
                                        0x3b5 (size before relaxing)
 .debug_str     0x00000000000050b8      0x792 build/tusb.o
                                        0x9d1 (size before relaxing)
 .debug_str     0x000000000000584a      0x3d2 build/tusb_fifo.o
                                        0x641 (size before relaxing)
 .debug_str     0x0000000000005c1c      0xce5 build/usbd.o
                                       0x151b (size before relaxing)
 .debug_str     0x0000000000006901      0x6fa build/midi_device.o
                                        0xf12 (size before relaxing)
 .debug_str     0x0000000000006ffb      0xa24 build/dcd_dwc2.o
                                       0x17ac (size before relaxing)
 .debug_str     0x0000000000007a1f      0x786 build/stm32l4xx_hal_uart.o
                                        0xfb2 (size before relaxing)
 .debug_str     0x00000000000081a5       0x22 build/startup_stm32l476xx.o
                                         0x59 (size before relaxing)
 .debug_str     0x00000000000081c7      0x163 /usr/lib/gcc/arm-none-eabi/10.3.1/../../../arm-none-eabi/lib/thumb/v7e-m+fp/hard/libc_nano.a(lib_a-init.o)
                                        0x20b (size before relaxing)
 .debug_str     0x000000000000832a       0xb6 /usr/lib/gcc/arm-none-eabi/10.3.1/../../../arm-none-eabi/lib/thumb/v7e-m+fp/hard/libc_nano.a(lib_a-memcpy.o)
 .debug_str     0x00000000000083e0       0xa3 /usr/lib/gcc/arm-none-eabi/10.3.1/../../../arm-none-eabi/lib/thumb/v7e-m+fp/hard/libc_nano.a(lib_a-memset.o)
                                        0x1c0 (size before relaxing)
 .debug_str     0x0000000000008483       0x9a /usr/lib/gcc/arm-none-eabi/10.3.1/thumb/v7e-m+fp/hard/libgcc.a(_aeabi_uldivmod.o)
                                         0xa6 (size before relaxing)
 .debug_str     0x000000000000851d      0x53f /usr/lib/gcc/arm-none-eabi/10.3.1/thumb/v7e-m+fp/hard/libgcc.a(_udivmoddi4.o)
                                        0x647 (size before relaxing)
 .debug_str     0x0000000000008a5c       0x30 /usr/lib/gcc/arm-none-eabi/10.3.1/thumb/v7e-m+fp/hard/libgcc.a(_dvmd_tls.o)
                                         0xaa (size before relaxing)

.debug_frame    0x0000000000000000     0x3c38
 .debug_frame   0x0000000000000000      0x190 build/main.o
 .debug_frame   0x0000000000000190      0x138 build/stm32l4xx_it.o
 .debug_frame   0x00000000000002c8      0x11c build/stm32l4xx_hal_msp.o
 .debug_frame   0x00000000000003e4      0x978 build/stm32l4xx_hal_i2c.o
 .debug_frame   0x0000000000000d5c       0x80 build/stm32l4xx_hal_i2c_ex.o
 .debug_frame   0x0000000000000ddc      0x274 build/stm32l4xx_hal.o
 .debug_frame   0x0000000000001050      0x19c build/stm32l4xx_hal_rcc.o
 .debug_frame   0x00000000000011ec      0x204 build/stm32l4xx_hal_rcc_ex.o
 .debug_frame   0x00000000000013f0       0xd0 build/stm32l4xx_hal_gpio.o
 .debug_frame   0x00000000000014c0      0x150 build/stm32l4xx_hal_dma.o
 .debug_frame   0x0000000000001610      0x2b8 build/stm32l4xx_hal_pwr_ex.o
 .debug_frame   0x00000000000018c8      0x148 build/stm32l4xx_hal_cortex.o
 .debug_frame   0x0000000000001a10      0x5d8 build/stm32l4xx_hal_spi.o
 .debug_frame   0x0000000000001fe8      0x35c build/stm32l4xx_hal_pcd.o
 .debug_frame   0x0000000000002344       0xb8 build/stm32l4xx_hal_pcd_ex.o
 .debug_frame   0x00000000000023fc      0x490 build/stm32l4xx_ll_usb.o
 .debug_frame   0x000000000000288c       0x30 build/system_stm32l4xx.o
 .debug_frame   0x00000000000028bc      0x190 build/tusb.o
 .debug_frame   0x0000000000002a4c      0x300 build/tusb_fifo.o
 .debug_frame   0x0000000000002d4c      0x38c build/usbd.o
 .debug_frame   0x00000000000030d8      0x18c build/midi_device.o
 .debug_frame   0x0000000000003264      0x31c build/dcd_dwc2.o
 .debug_frame   0x0000000000003580      0x600 build/stm32l4xx_hal_uart.o
 .debug_frame   0x0000000000003b80       0x2c /usr/lib/gcc/arm-none-eabi/10.3.1/../../../arm-none-eabi/lib/thumb/v7e-m+fp/hard/libc_nano.a(lib_a-init.o)
 .debug_frame   0x0000000000003bac       0x2c /usr/lib/gcc/arm-none-eabi/10.3.1/../../../arm-none-eabi/lib/thumb/v7e-m+fp/hard/libc_nano.a(lib_a-memset.o)
 .debug_frame   0x0000000000003bd8       0x2c /usr/lib/gcc/arm-none-eabi/10.3.1/thumb/v7e-m+fp/hard/libgcc.a(_aeabi_uldivmod.o)
 .debug_frame   0x0000000000003c04       0x34 /usr/lib/gcc/arm-none-eabi/10.3.1/thumb/v7e-m+fp/hard/libgcc.a(_udivmoddi4.o)

Cross Reference Table

Symbol                                            File
ADC1_2_IRQHandler                                 build/startup_stm32l476xx.o
ADC3_IRQHandler                                   build/startup_stm32l476xx.o
AHBPrescTable                                     build/system_stm32l4xx.o
                                                  build/stm32l4xx_hal_rcc.o
APBPrescTable                                     build/system_stm32l4xx.o
                                                  build/stm32l4xx_hal_rcc.o
BusFault_Handler                                  build/stm32l4xx_it.o
CAN1_RX0_IRQHandler                               build/startup_stm32l476xx.o
CAN1_RX1_IRQHandler                               build/startup_stm32l476xx.o
CAN1_SCE_IRQHandler                               build/startup_stm32l476xx.o
CAN1_TX_IRQHandler                                build/startup_stm32l476xx.o
COMP_IRQHandler                                   build/startup_stm32l476xx.o
DFSDM1_FLT0_IRQHandler                            build/startup_stm32l476xx.o
DFSDM1_FLT1_IRQHandler                            build/startup_stm32l476xx.o
DFSDM1_FLT2_IRQHandler                            build/startup_stm32l476xx.o
DFSDM1_FLT3_IRQHandler                            build/startup_stm32l476xx.o
DMA1_Channel1_IRQHandler                          build/startup_stm32l476xx.o
DMA1_Channel2_IRQHandler                          build/stm32l4xx_it.o
DMA1_Channel3_IRQHandler                          build/stm32l4xx_it.o
DMA1_Channel4_IRQHandler                          build/stm32l4xx_it.o
DMA1_Channel5_IRQHandler                          build/startup_stm32l476xx.o
DMA1_Channel6_IRQHandler                          build/startup_stm32l476xx.o
DMA1_Channel7_IRQHandler                          build/startup_stm32l476xx.o
DMA2_Channel1_IRQHandler                          build/startup_stm32l476xx.o
DMA2_Channel2_IRQHandler                          build/startup_stm32l476xx.o
DMA2_Channel3_IRQHandler                          build/startup_stm32l476xx.o
DMA2_Channel4_IRQHandler                          build/startup_stm32l476xx.o
DMA2_Channel5_IRQHandler                          build/startup_stm32l476xx.o
DMA2_Channel6_IRQHandler                          build/startup_stm32l476xx.o
DMA2_Channel7_IRQHandler                          build/startup_stm32l476xx.o
DebugMon_Handler                                  build/stm32l4xx_it.o
Default_Handler                                   build/startup_stm32l476xx.o
EXTI0_IRQHandler                                  build/startup_stm32l476xx.o
EXTI15_10_IRQHandler                              build/startup_stm32l476xx.o
EXTI1_IRQHandler                                  build/startup_stm32l476xx.o
EXTI2_IRQHandler                                  build/startup_stm32l476xx.o
EXTI3_IRQHandler                                  build/startup_stm32l476xx.o
EXTI4_IRQHandler                                  build/startup_stm32l476xx.o
EXTI9_5_IRQHandler                                build/startup_stm32l476xx.o
Error_Handler                                     build/main.o
                                                  build/stm32l4xx_hal_msp.o
FLASH_FlushCaches                                 build/stm32l4xx_hal_flash_ex.o
                                                  build/stm32l4xx_hal_flash.o
FLASH_IRQHandler                                  build/startup_stm32l476xx.o
FLASH_PageErase                                   build/stm32l4xx_hal_flash_ex.o
                                                  build/stm32l4xx_hal_flash.o
FLASH_WaitForLastOperation                        build/stm32l4xx_hal_flash.o
                                                  build/stm32l4xx_hal_flash_ex.o
FMC_IRQHandler                                    build/startup_stm32l476xx.o
FPU_IRQHandler                                    build/startup_stm32l476xx.o
HAL_DBGMCU_DisableDBGSleepMode                    build/stm32l4xx_hal.o
HAL_DBGMCU_DisableDBGStandbyMode                  build/stm32l4xx_hal.o
HAL_DBGMCU_DisableDBGStopMode                     build/stm32l4xx_hal.o
HAL_DBGMCU_EnableDBGSleepMode                     build/stm32l4xx_hal.o
HAL_DBGMCU_EnableDBGStandbyMode                   build/stm32l4xx_hal.o
HAL_DBGMCU_EnableDBGStopMode                      build/stm32l4xx_hal.o
HAL_DMA_Abort                                     build/stm32l4xx_hal_dma.o
                                                  build/stm32l4xx_hal_uart.o
                                                  build/stm32l4xx_hal_spi.o
HAL_DMA_Abort_IT                                  build/stm32l4xx_hal_dma.o
                                                  build/stm32l4xx_hal_uart.o
                                                  build/stm32l4xx_hal_spi.o
                                                  build/stm32l4xx_hal_i2c.o
HAL_DMA_DeInit                                    build/stm32l4xx_hal_dma.o
                                                  build/stm32l4xx_hal_msp.o
HAL_DMA_GetError                                  build/stm32l4xx_hal_dma.o
                                                  build/stm32l4xx_hal_uart.o
HAL_DMA_GetState                                  build/stm32l4xx_hal_dma.o
                                                  build/stm32l4xx_hal_i2c.o
HAL_DMA_IRQHandler                                build/stm32l4xx_hal_dma.o
                                                  build/stm32l4xx_it.o
HAL_DMA_Init                                      build/stm32l4xx_hal_dma.o
                                                  build/stm32l4xx_hal_msp.o
HAL_DMA_PollForTransfer                           build/stm32l4xx_hal_dma.o
HAL_DMA_RegisterCallback                          build/stm32l4xx_hal_dma.o
HAL_DMA_Start                                     build/stm32l4xx_hal_dma.o
HAL_DMA_Start_IT                                  build/stm32l4xx_hal_dma.o
                                                  build/stm32l4xx_hal_uart.o
                                                  build/stm32l4xx_hal_spi.o
                                                  build/stm32l4xx_hal_i2c.o
HAL_DMA_UnRegisterCallback                        build/stm32l4xx_hal_dma.o
HAL_DeInit                                        build/stm32l4xx_hal.o
HAL_Delay                                         build/stm32l4xx_hal.o
                                                  build/stm32l4xx_ll_usb.o
                                                  build/stm32l4xx_hal_pcd_ex.o
                                                  build/main.o
HAL_EXTI_ClearConfigLine                          build/stm32l4xx_hal_exti.o
HAL_EXTI_ClearPending                             build/stm32l4xx_hal_exti.o
HAL_EXTI_GenerateSWI                              build/stm32l4xx_hal_exti.o
HAL_EXTI_GetConfigLine                            build/stm32l4xx_hal_exti.o
HAL_EXTI_GetHandle                                build/stm32l4xx_hal_exti.o
HAL_EXTI_GetPending                               build/stm32l4xx_hal_exti.o
HAL_EXTI_IRQHandler                               build/stm32l4xx_hal_exti.o
HAL_EXTI_RegisterCallback                         build/stm32l4xx_hal_exti.o
HAL_EXTI_SetConfigLine                            build/stm32l4xx_hal_exti.o
HAL_FLASHEx_DisableRunPowerDown                   build/stm32l4xx_hal_flash_ramfunc.o
HAL_FLASHEx_EnableRunPowerDown                    build/stm32l4xx_hal_flash_ramfunc.o
HAL_FLASHEx_Erase                                 build/stm32l4xx_hal_flash_ex.o
HAL_FLASHEx_Erase_IT                              build/stm32l4xx_hal_flash_ex.o
HAL_FLASHEx_OBGetConfig                           build/stm32l4xx_hal_flash_ex.o
HAL_FLASHEx_OBProgram                             build/stm32l4xx_hal_flash_ex.o
HAL_FLASH_EndOfOperationCallback                  build/stm32l4xx_hal_flash.o
HAL_FLASH_GetError                                build/stm32l4xx_hal_flash.o
HAL_FLASH_IRQHandler                              build/stm32l4xx_hal_flash.o
HAL_FLASH_Lock                                    build/stm32l4xx_hal_flash.o
HAL_FLASH_OB_Launch                               build/stm32l4xx_hal_flash.o
HAL_FLASH_OB_Lock                                 build/stm32l4xx_hal_flash.o
HAL_FLASH_OB_Unlock                               build/stm32l4xx_hal_flash.o
HAL_FLASH_OperationErrorCallback                  build/stm32l4xx_hal_flash.o
HAL_FLASH_Program                                 build/stm32l4xx_hal_flash.o
HAL_FLASH_Program_IT                              build/stm32l4xx_hal_flash.o
HAL_FLASH_Unlock                                  build/stm32l4xx_hal_flash.o
HAL_GPIO_DeInit                                   build/stm32l4xx_hal_gpio.o
                                                  build/stm32l4xx_hal_msp.o
HAL_GPIO_EXTI_Callback                            build/stm32l4xx_hal_gpio.o
HAL_GPIO_EXTI_IRQHandler                          build/stm32l4xx_hal_gpio.o
HAL_GPIO_Init                                     build/stm32l4xx_hal_gpio.o
                                                  build/stm32l4xx_hal_rcc_ex.o
                                                  build/stm32l4xx_hal_rcc.o
                                                  build/stm32l4xx_hal_msp.o
                                                  build/main.o
HAL_GPIO_LockPin                                  build/stm32l4xx_hal_gpio.o
HAL_GPIO_ReadPin                                  build/stm32l4xx_hal_gpio.o
HAL_GPIO_TogglePin                                build/stm32l4xx_hal_gpio.o
HAL_GPIO_WritePin                                 build/stm32l4xx_hal_gpio.o
                                                  build/main.o
HAL_GetDEVID                                      build/stm32l4xx_hal.o
HAL_GetHalVersion                                 build/stm32l4xx_hal.o
HAL_GetREVID                                      build/stm32l4xx_hal.o
HAL_GetTick                                       build/stm32l4xx_hal.o
                                                  build/stm32l4xx_hal_uart_ex.o
                                                  build/stm32l4xx_hal_uart.o
                                                  build/stm32l4xx_hal_pcd_ex.o
                                                  build/stm32l4xx_hal_spi.o
                                                  build/stm32l4xx_hal_dma.o
                                                  build/stm32l4xx_hal_flash.o
                                                  build/stm32l4xx_hal_rcc_ex.o
                                                  build/stm32l4xx_hal_rcc.o
                                                  build/stm32l4xx_hal_i2c.o
HAL_GetTickFreq                                   build/stm32l4xx_hal.o
HAL_GetTickPrio                                   build/stm32l4xx_hal.o
HAL_GetUIDw0                                      build/stm32l4xx_hal.o
HAL_GetUIDw1                                      build/stm32l4xx_hal.o
HAL_GetUIDw2                                      build/stm32l4xx_hal.o
HAL_HalfDuplex_EnableReceiver                     build/stm32l4xx_hal_uart.o
HAL_HalfDuplex_EnableTransmitter                  build/stm32l4xx_hal_uart.o
HAL_HalfDuplex_Init                               build/stm32l4xx_hal_uart.o
HAL_I2CEx_ConfigAnalogFilter                      build/stm32l4xx_hal_i2c_ex.o
                                                  build/main.o
HAL_I2CEx_ConfigDigitalFilter                     build/stm32l4xx_hal_i2c_ex.o
                                                  build/main.o
HAL_I2CEx_DisableFastModePlus                     build/stm32l4xx_hal_i2c_ex.o
HAL_I2CEx_DisableWakeUp                           build/stm32l4xx_hal_i2c_ex.o
HAL_I2CEx_EnableFastModePlus                      build/stm32l4xx_hal_i2c_ex.o
HAL_I2CEx_EnableWakeUp                            build/stm32l4xx_hal_i2c_ex.o
HAL_I2C_AbortCpltCallback                         build/stm32l4xx_hal_i2c.o
HAL_I2C_AddrCallback                              build/stm32l4xx_hal_i2c.o
HAL_I2C_DeInit                                    build/stm32l4xx_hal_i2c.o
HAL_I2C_DisableListen_IT                          build/stm32l4xx_hal_i2c.o
HAL_I2C_ER_IRQHandler                             build/stm32l4xx_hal_i2c.o
HAL_I2C_EV_IRQHandler                             build/stm32l4xx_hal_i2c.o
HAL_I2C_EnableListen_IT                           build/stm32l4xx_hal_i2c.o
HAL_I2C_ErrorCallback                             build/stm32l4xx_hal_i2c.o
HAL_I2C_GetError                                  build/stm32l4xx_hal_i2c.o
HAL_I2C_GetMode                                   build/stm32l4xx_hal_i2c.o
HAL_I2C_GetState                                  build/stm32l4xx_hal_i2c.o
HAL_I2C_Init                                      build/stm32l4xx_hal_i2c.o
                                                  build/main.o
HAL_I2C_IsDeviceReady                             build/stm32l4xx_hal_i2c.o
HAL_I2C_ListenCpltCallback                        build/stm32l4xx_hal_i2c.o
HAL_I2C_MasterRxCpltCallback                      build/stm32l4xx_hal_i2c.o
HAL_I2C_MasterTxCpltCallback                      build/stm32l4xx_hal_i2c.o
HAL_I2C_Master_Abort_IT                           build/stm32l4xx_hal_i2c.o
HAL_I2C_Master_Receive                            build/stm32l4xx_hal_i2c.o
HAL_I2C_Master_Receive_DMA                        build/stm32l4xx_hal_i2c.o
HAL_I2C_Master_Receive_IT                         build/stm32l4xx_hal_i2c.o
HAL_I2C_Master_Seq_Receive_DMA                    build/stm32l4xx_hal_i2c.o
HAL_I2C_Master_Seq_Receive_IT                     build/stm32l4xx_hal_i2c.o
HAL_I2C_Master_Seq_Transmit_DMA                   build/stm32l4xx_hal_i2c.o
HAL_I2C_Master_Seq_Transmit_IT                    build/stm32l4xx_hal_i2c.o
HAL_I2C_Master_Transmit                           build/stm32l4xx_hal_i2c.o
                                                  build/main.o
HAL_I2C_Master_Transmit_DMA                       build/stm32l4xx_hal_i2c.o
HAL_I2C_Master_Transmit_IT                        build/stm32l4xx_hal_i2c.o
HAL_I2C_MemRxCpltCallback                         build/stm32l4xx_hal_i2c.o
HAL_I2C_MemTxCpltCallback                         build/stm32l4xx_hal_i2c.o
HAL_I2C_Mem_Read                                  build/stm32l4xx_hal_i2c.o
HAL_I2C_Mem_Read_DMA                              build/stm32l4xx_hal_i2c.o
HAL_I2C_Mem_Read_IT                               build/stm32l4xx_hal_i2c.o
HAL_I2C_Mem_Write                                 build/stm32l4xx_hal_i2c.o
HAL_I2C_Mem_Write_DMA                             build/stm32l4xx_hal_i2c.o
HAL_I2C_Mem_Write_IT                              build/stm32l4xx_hal_i2c.o
HAL_I2C_MspDeInit                                 build/stm32l4xx_hal_msp.o
HAL_I2C_MspInit                                   build/stm32l4xx_hal_msp.o
HAL_I2C_SlaveRxCpltCallback                       build/stm32l4xx_hal_i2c.o
HAL_I2C_SlaveTxCpltCallback                       build/stm32l4xx_hal_i2c.o
HAL_I2C_Slave_Receive                             build/stm32l4xx_hal_i2c.o
HAL_I2C_Slave_Receive_DMA                         build/stm32l4xx_hal_i2c.o
HAL_I2C_Slave_Receive_IT                          build/stm32l4xx_hal_i2c.o
HAL_I2C_Slave_Seq_Receive_DMA                     build/stm32l4xx_hal_i2c.o
HAL_I2C_Slave_Seq_Receive_IT                      build/stm32l4xx_hal_i2c.o
HAL_I2C_Slave_Seq_Transmit_DMA                    build/stm32l4xx_hal_i2c.o
HAL_I2C_Slave_Seq_Transmit_IT                     build/stm32l4xx_hal_i2c.o
HAL_I2C_Slave_Transmit                            build/stm32l4xx_hal_i2c.o
HAL_I2C_Slave_Transmit_DMA                        build/stm32l4xx_hal_i2c.o
HAL_I2C_Slave_Transmit_IT                         build/stm32l4xx_hal_i2c.o
HAL_IncTick                                       build/stm32l4xx_hal.o
                                                  build/stm32l4xx_it.o
HAL_Init                                          build/stm32l4xx_hal.o
                                                  build/main.o
HAL_InitTick                                      build/stm32l4xx_hal.o
                                                  build/stm32l4xx_hal_rcc.o
HAL_LIN_Init                                      build/stm32l4xx_hal_uart.o
HAL_LIN_SendBreak                                 build/stm32l4xx_hal_uart.o
HAL_MPU_ConfigRegion                              build/stm32l4xx_hal_cortex.o
HAL_MPU_Disable                                   build/stm32l4xx_hal_cortex.o
HAL_MPU_Enable                                    build/stm32l4xx_hal_cortex.o
HAL_MspDeInit                                     build/stm32l4xx_hal.o
HAL_MspInit                                       build/stm32l4xx_hal_msp.o
HAL_MultiProcessorEx_AddressLength_Set            build/stm32l4xx_hal_uart_ex.o
HAL_MultiProcessor_DisableMuteMode                build/stm32l4xx_hal_uart.o
HAL_MultiProcessor_EnableMuteMode                 build/stm32l4xx_hal_uart.o
HAL_MultiProcessor_EnterMuteMode                  build/stm32l4xx_hal_uart.o
HAL_MultiProcessor_Init                           build/stm32l4xx_hal_uart.o
HAL_NVIC_ClearPendingIRQ                          build/stm32l4xx_hal_cortex.o
HAL_NVIC_DisableIRQ                               build/stm32l4xx_hal_cortex.o
                                                  build/stm32l4xx_hal_msp.o
HAL_NVIC_EnableIRQ                                build/stm32l4xx_hal_cortex.o
                                                  build/stm32l4xx_hal_msp.o
                                                  build/main.o
HAL_NVIC_GetActive                                build/stm32l4xx_hal_cortex.o
HAL_NVIC_GetPendingIRQ                            build/stm32l4xx_hal_cortex.o
HAL_NVIC_GetPriority                              build/stm32l4xx_hal_cortex.o
HAL_NVIC_GetPriorityGrouping                      build/stm32l4xx_hal_cortex.o
HAL_NVIC_SetPendingIRQ                            build/stm32l4xx_hal_cortex.o
HAL_NVIC_SetPriority                              build/stm32l4xx_hal_cortex.o
                                                  build/stm32l4xx_hal.o
                                                  build/stm32l4xx_hal_msp.o
                                                  build/main.o
HAL_NVIC_SetPriorityGrouping                      build/stm32l4xx_hal_cortex.o
                                                  build/stm32l4xx_hal.o
HAL_NVIC_SystemReset                              build/stm32l4xx_hal_cortex.o
HAL_PCDEx_ActivateBCD                             build/stm32l4xx_hal_pcd_ex.o
HAL_PCDEx_ActivateLPM                             build/stm32l4xx_hal_pcd_ex.o
                                                  build/stm32l4xx_hal_pcd.o
HAL_PCDEx_BCD_Callback                            build/stm32l4xx_hal_pcd_ex.o
HAL_PCDEx_BCD_VBUSDetect                          build/stm32l4xx_hal_pcd_ex.o
HAL_PCDEx_DeActivateBCD                           build/stm32l4xx_hal_pcd_ex.o
HAL_PCDEx_DeActivateLPM                           build/stm32l4xx_hal_pcd_ex.o
HAL_PCDEx_LPM_Callback                            build/stm32l4xx_hal_pcd_ex.o
                                                  build/stm32l4xx_hal_pcd.o
HAL_PCDEx_SetRxFiFo                               build/stm32l4xx_hal_pcd_ex.o
HAL_PCDEx_SetTxFiFo                               build/stm32l4xx_hal_pcd_ex.o
HAL_PCD_ActivateRemoteWakeup                      build/stm32l4xx_hal_pcd.o
HAL_PCD_ConnectCallback                           build/stm32l4xx_hal_pcd.o
HAL_PCD_DataInStageCallback                       build/stm32l4xx_hal_pcd.o
HAL_PCD_DataOutStageCallback                      build/stm32l4xx_hal_pcd.o
HAL_PCD_DeActivateRemoteWakeup                    build/stm32l4xx_hal_pcd.o
HAL_PCD_DeInit                                    build/stm32l4xx_hal_pcd.o
HAL_PCD_DevConnect                                build/stm32l4xx_hal_pcd.o
HAL_PCD_DevDisconnect                             build/stm32l4xx_hal_pcd.o
HAL_PCD_DisconnectCallback                        build/stm32l4xx_hal_pcd.o
HAL_PCD_EP_Abort                                  build/stm32l4xx_hal_pcd.o
HAL_PCD_EP_Close                                  build/stm32l4xx_hal_pcd.o
HAL_PCD_EP_ClrStall                               build/stm32l4xx_hal_pcd.o
HAL_PCD_EP_Flush                                  build/stm32l4xx_hal_pcd.o
HAL_PCD_EP_GetRxCount                             build/stm32l4xx_hal_pcd.o
HAL_PCD_EP_Open                                   build/stm32l4xx_hal_pcd.o
HAL_PCD_EP_Receive                                build/stm32l4xx_hal_pcd.o
HAL_PCD_EP_SetStall                               build/stm32l4xx_hal_pcd.o
HAL_PCD_EP_Transmit                               build/stm32l4xx_hal_pcd.o
HAL_PCD_GetState                                  build/stm32l4xx_hal_pcd.o
HAL_PCD_IRQHandler                                build/stm32l4xx_hal_pcd.o